Archive member included because of file (symbol)

f:/emblocks/2.30/share/em_armgcc/bin/../lib/gcc/arm-none-eabi/4.7.3/../../../../arm-none-eabi/lib/armv7e-m/fpu\librdimon.a(rdimon-syscalls.o)
                              f:/emblocks/2.30/share/em_armgcc/bin/../lib/gcc/arm-none-eabi/4.7.3/../../../../arm-none-eabi/lib/armv7e-m/fpu/rdimon-crt0.o (initialise_monitor_handles)
f:/emblocks/2.30/share/em_armgcc/bin/../lib/gcc/arm-none-eabi/4.7.3/armv7e-m/fpu\libgcc.a(_arm_addsubdf3.o)
                              obj\debug\board\interrupts.o (__aeabi_dsub)
f:/emblocks/2.30/share/em_armgcc/bin/../lib/gcc/arm-none-eabi/4.7.3/armv7e-m/fpu\libgcc.a(_arm_muldivdf3.o)
                              obj\debug\board\board.o (__aeabi_dmul)
f:/emblocks/2.30/share/em_armgcc/bin/../lib/gcc/arm-none-eabi/4.7.3/armv7e-m/fpu\libgcc.a(_arm_cmpdf2.o)
                              obj\debug\board\board.o (__aeabi_dcmplt)
f:/emblocks/2.30/share/em_armgcc/bin/../lib/gcc/arm-none-eabi/4.7.3/armv7e-m/fpu\libgcc.a(_arm_fixdfsi.o)
                              obj\debug\board\board.o (__aeabi_d2iz)
f:/emblocks/2.30/share/em_armgcc/bin/../lib/gcc/arm-none-eabi/4.7.3/armv7e-m/fpu\libgcc.a(_arm_fixunsdfsi.o)
                              obj\debug\robot\dynamixel_control.o (__aeabi_d2uiz)
f:/emblocks/2.30/share/em_armgcc/bin/../lib/gcc/arm-none-eabi/4.7.3/armv7e-m/fpu\libgcc.a(_arm_truncdfsf2.o)
                              obj\debug\board\board.o (__aeabi_d2f)
f:/emblocks/2.30/share/em_armgcc/bin/../lib/gcc/arm-none-eabi/4.7.3/../../../../arm-none-eabi/lib/armv7e-m/fpu\libc_f.a(lib_a-errno.o)
                              f:/emblocks/2.30/share/em_armgcc/bin/../lib/gcc/arm-none-eabi/4.7.3/../../../../arm-none-eabi/lib/armv7e-m/fpu\librdimon.a(rdimon-syscalls.o) (__errno)
f:/emblocks/2.30/share/em_armgcc/bin/../lib/gcc/arm-none-eabi/4.7.3/../../../../arm-none-eabi/lib/armv7e-m/fpu\libc_f.a(lib_a-exit.o)
                              f:/emblocks/2.30/share/em_armgcc/bin/../lib/gcc/arm-none-eabi/4.7.3/../../../../arm-none-eabi/lib/armv7e-m/fpu/rdimon-crt0.o (exit)
f:/emblocks/2.30/share/em_armgcc/bin/../lib/gcc/arm-none-eabi/4.7.3/../../../../arm-none-eabi/lib/armv7e-m/fpu\libc_f.a(lib_a-findfp.o)
                              f:/emblocks/2.30/share/em_armgcc/bin/../lib/gcc/arm-none-eabi/4.7.3/../../../../arm-none-eabi/lib/armv7e-m/fpu\librdimon.a(rdimon-syscalls.o) (__sinit)
f:/emblocks/2.30/share/em_armgcc/bin/../lib/gcc/arm-none-eabi/4.7.3/../../../../arm-none-eabi/lib/armv7e-m/fpu\libc_f.a(lib_a-fwalk.o)
                              f:/emblocks/2.30/share/em_armgcc/bin/../lib/gcc/arm-none-eabi/4.7.3/../../../../arm-none-eabi/lib/armv7e-m/fpu\libc_f.a(lib_a-findfp.o) (_fwalk)
f:/emblocks/2.30/share/em_armgcc/bin/../lib/gcc/arm-none-eabi/4.7.3/../../../../arm-none-eabi/lib/armv7e-m/fpu\libc_f.a(lib_a-impure.o)
                              f:/emblocks/2.30/share/em_armgcc/bin/../lib/gcc/arm-none-eabi/4.7.3/../../../../arm-none-eabi/lib/armv7e-m/fpu\libc_f.a(lib_a-exit.o) (_global_impure_ptr)
f:/emblocks/2.30/share/em_armgcc/bin/../lib/gcc/arm-none-eabi/4.7.3/../../../../arm-none-eabi/lib/armv7e-m/fpu\libc_f.a(lib_a-init.o)
                              f:/emblocks/2.30/share/em_armgcc/bin/../lib/gcc/arm-none-eabi/4.7.3/../../../../arm-none-eabi/lib/armv7e-m/fpu/rdimon-crt0.o (__libc_init_array)
f:/emblocks/2.30/share/em_armgcc/bin/../lib/gcc/arm-none-eabi/4.7.3/../../../../arm-none-eabi/lib/armv7e-m/fpu\libc_f.a(lib_a-mallocr.o)
                              f:/emblocks/2.30/share/em_armgcc/bin/../lib/gcc/arm-none-eabi/4.7.3/../../../../arm-none-eabi/lib/armv7e-m/fpu\libc_f.a(lib_a-findfp.o) (_malloc_r)
f:/emblocks/2.30/share/em_armgcc/bin/../lib/gcc/arm-none-eabi/4.7.3/../../../../arm-none-eabi/lib/armv7e-m/fpu\libc_f.a(lib_a-memcpy.o)
                              obj\debug\robot\communication.o (memcpy)
f:/emblocks/2.30/share/em_armgcc/bin/../lib/gcc/arm-none-eabi/4.7.3/../../../../arm-none-eabi/lib/armv7e-m/fpu\libc_f.a(lib_a-memset.o)
                              f:/emblocks/2.30/share/em_armgcc/bin/../lib/gcc/arm-none-eabi/4.7.3/../../../../arm-none-eabi/lib/armv7e-m/fpu/rdimon-crt0.o (memset)
f:/emblocks/2.30/share/em_armgcc/bin/../lib/gcc/arm-none-eabi/4.7.3/../../../../arm-none-eabi/lib/armv7e-m/fpu\libc_f.a(lib_a-mlock.o)
                              f:/emblocks/2.30/share/em_armgcc/bin/../lib/gcc/arm-none-eabi/4.7.3/../../../../arm-none-eabi/lib/armv7e-m/fpu\libc_f.a(lib_a-mallocr.o) (__malloc_lock)
f:/emblocks/2.30/share/em_armgcc/bin/../lib/gcc/arm-none-eabi/4.7.3/../../../../arm-none-eabi/lib/armv7e-m/fpu\libc_f.a(lib_a-sbrkr.o)
                              f:/emblocks/2.30/share/em_armgcc/bin/../lib/gcc/arm-none-eabi/4.7.3/../../../../arm-none-eabi/lib/armv7e-m/fpu\libc_f.a(lib_a-mallocr.o) (_sbrk_r)
f:/emblocks/2.30/share/em_armgcc/bin/../lib/gcc/arm-none-eabi/4.7.3/../../../../arm-none-eabi/lib/armv7e-m/fpu\libc_f.a(lib_a-stdio.o)
[...]
Memory Configuration

Name             Origin             Length             Attributes
ROM              0x08000000         0x00100000         xr
RAM              0x20000000         0x00020000         xrw
CCRAM            0x10000000         0x00010000         xrw
*default*        0x00000000         0xffffffff

Linker script and memory map

LOAD f:/emblocks/2.30/share/em_armgcc/bin/../lib/gcc/arm-none-eabi/4.7.3/../../../../arm-none-eabi/lib/armv7e-m/fpu\librdimon.a
LOAD f:/emblocks/2.30/share/em_armgcc/bin/../lib/gcc/arm-none-eabi/4.7.3/armv7e-m/fpu/crti.o
LOAD f:/emblocks/2.30/share/em_armgcc/bin/../lib/gcc/arm-none-eabi/4.7.3/armv7e-m/fpu/crtbegin.o
LOAD f:/emblocks/2.30/share/em_armgcc/bin/../lib/gcc/arm-none-eabi/4.7.3/../../../../arm-none-eabi/lib/armv7e-m/fpu/rdimon-crt0.o
                0x00000000                __HEAP_SIZE = 0x0
                0x00000100                __STACK_SIZE = 0x100

.text           0x08000000    0x10504
 *(.isr_vector)
 .isr_vector    0x08000000      0x188 obj\debug\src\startup_stm32f4xx.o
                0x08000000                __isr_vector
 *(.text*)
 .text          0x08000188       0x54 f:/emblocks/2.30/share/em_armgcc/bin/../lib/gcc/arm-none-eabi/4.7.3/armv7e-m/fpu/crtbegin.o
 .text          0x080001dc       0xdc f:/emblocks/2.30/share/em_armgcc/bin/../lib/gcc/arm-none-eabi/4.7.3/../../../../arm-none-eabi/lib/armv7e-m/fpu/rdimon-crt0.o
                0x080001dc                _start
                0x080001dc                _mainCRTStartup
 .text.adcConfig
                0x080002b8      0x21c obj\debug\board\adc.o
                0x080002b8                adcConfig
 .text.NVIC_EnableIRQ
                0x080004d4       0x38 obj\debug\board\board.o
 .text.setVoltage
                0x0800050c      0x18c obj\debug\board\board.o
                0x0800050c                setVoltage
 .text.setPWM   0x08000698       0x84 obj\debug\board\board.o
                0x08000698                setPWM
 *fill*         0x0800071c        0x4 
 .text.setVoltageMaxon
                0x08000720      0x198 obj\debug\board\board.o
                0x08000720                setVoltageMaxon
 .text.setSpeedMaxon
                0x080008b8       0xc8 obj\debug\board\board.o
                0x080008b8                setSpeedMaxon
 .text.add_ext_interrupt
                0x08000980      0x180 obj\debug\board\board.o
                0x08000980                add_ext_interrupt
 .text.clear_ext_interrupt
                0x08000b00       0x90 obj\debug\board\board.o
                0x08000b00                clear_ext_interrupt
 .text.initAll  0x08000b90     0x1c8c obj\debug\board\board.o
                0x08000b90                initAll
 .text.NVIC_DisableIRQ
                0x0800281c       0x3c obj\debug\board\interrupts.o
 .text.TIM2_IRQHandler
                0x08002858        0xc obj\debug\board\interrupts.o
                0x08002858                TIM2_IRQHandler
 .text.TIM7_IRQHandler
                0x08002864       0x18 obj\debug\board\interrupts.o
                0x08002864                TIM7_IRQHandler
 *fill*         0x0800287c        0x4 
 .text.TIM8_UP_TIM13_IRQHandler
                0x08002880      0x2b0 obj\debug\board\interrupts.o
                0x08002880                TIM8_UP_TIM13_IRQHandler
 .text.EXTI0_IRQHandler
                0x08002b30       0x50 obj\debug\board\interrupts.o
                0x08002b30                EXTI0_IRQHandler
 .text.EXTI1_IRQHandler
                0x08002b80       0x50 obj\debug\board\interrupts.o
                0x08002b80                EXTI1_IRQHandler
 .text.EXTI2_IRQHandler
                0x08002bd0       0x50 obj\debug\board\interrupts.o
                0x08002bd0                EXTI2_IRQHandler
 .text.EXTI3_IRQHandler
                0x08002c20       0x50 obj\debug\board\interrupts.o
                0x08002c20                EXTI3_IRQHandler
 .text.EXTI4_IRQHandler
                0x08002c70       0x50 obj\debug\board\interrupts.o
                0x08002c70                EXTI4_IRQHandler
 .text.EXTI9_5_IRQHandler
                0x08002cc0       0xb8 obj\debug\board\interrupts.o
                0x08002cc0                EXTI9_5_IRQHandler
 .text.EXTI15_10_IRQHandler
                0x08002d78      0x124 obj\debug\board\interrupts.o
                0x08002d78                EXTI15_10_IRQHandler
 .text.DMA2_Stream0_IRQHandler
                0x08002e9c       0x24 obj\debug\board\interrupts.o
                0x08002e9c                DMA2_Stream0_IRQHandler
 .text.timEncoderConfigure
                0x08002ec0       0x44 obj\debug\board\tim.o
                0x08002ec0                timEncoderConfigure
 .text.timPWMConfigure
                0x08002f04       0xfc obj\debug\board\tim.o
                0x08002f04                timPWMConfigure
 .text.timPIDConfigure
                0x08003000       0x48 obj\debug\board\tim.o
                0x08003000                timPIDConfigure
 .text.NVIC_EnableIRQ
                0x08003048       0x38 obj\debug\board\usart.o
 .text.packetCheck
                0x08003080       0x5c obj\debug\board\usart.o
                0x08003080                packetCheck
 .text.DMA1_Stream5_IRQHandler
                0x080030dc       0x18 obj\debug\board\usart.o
                0x080030dc                DMA1_Stream5_IRQHandler
 .text.uartInit
                0x080030f4      0x138 obj\debug\board\usart.o
                0x080030f4                uartInit
 .text.configUsart1TXDMA
                0x0800322c      0x148 obj\debug\board\usart.o
                0x0800322c                configUsart1TXDMA
 .text.configUsart1RXDMA
                0x08003374      0x114 obj\debug\board\usart.o
                0x08003374                configUsart1RXDMA
 .text.putchar  0x08003488       0x1c obj\debug\board\usart.o
                0x08003488                putchar
 .text.DMA1_Stream3_IRQHandler
                0x080034a4      0x324 obj\debug\board\usart.o
                0x080034a4                DMA1_Stream3_IRQHandler
 .text.USART1_IRQHandler
                0x080037c8      0x140 obj\debug\board\usart.o
                0x080037c8                USART1_IRQHandler
 .text.DMA2_Stream2_IRQHandler
                0x08003908      0x11c obj\debug\board\usart.o
                0x08003908                DMA2_Stream2_IRQHandler
 .text.usbd_cdc_Init
                0x08003a24       0x94 obj\debug\library\cdc\src\usbd_cdc_core.o
                0x08003a24                usbd_cdc_Init
 .text.usbd_cdc_DeInit
                0x08003ab8       0x44 obj\debug\library\cdc\src\usbd_cdc_core.o
                0x08003ab8                usbd_cdc_DeInit
 .text.usbd_cdc_Setup
                0x08003afc      0x130 obj\debug\library\cdc\src\usbd_cdc_core.o
                0x08003afc                usbd_cdc_Setup
 .text.usbd_cdc_EP0_RxReady
                0x08003c2c       0x60 obj\debug\library\cdc\src\usbd_cdc_core.o
                0x08003c2c                usbd_cdc_EP0_RxReady
 .text.usbd_cdc_DataIn
                0x08003c8c      0x140 obj\debug\library\cdc\src\usbd_cdc_core.o
                0x08003c8c                usbd_cdc_DataIn
 .text.usbd_cdc_DataOut
                0x08003dcc       0x64 obj\debug\library\cdc\src\usbd_cdc_core.o
                0x08003dcc                usbd_cdc_DataOut
 .text.usbd_cdc_SOF
                0x08003e30       0x50 obj\debug\library\cdc\src\usbd_cdc_core.o
                0x08003e30                usbd_cdc_SOF
 .text.Handle_USBAsynchXfer
                0x08003e80      0x19c obj\debug\library\cdc\src\usbd_cdc_core.o
 .text.USBD_cdc_GetCfgDesc
                0x0800401c       0x28 obj\debug\library\cdc\src\usbd_cdc_core.o
 .text.USB_OTG_EnableCommonInt
                0x08004044       0x44 obj\debug\library\core\src\usb_core.o
 .text.USB_OTG_CoreReset
                0x08004088       0xa8 obj\debug\library\core\src\usb_core.o
 .text.USB_OTG_WritePacket
                0x08004130       0x88 obj\debug\library\core\src\usb_core.o
                0x08004130                USB_OTG_WritePacket
 .text.USB_OTG_ReadPacket
                0x080041b8       0x68 obj\debug\library\core\src\usb_core.o
                0x080041b8                USB_OTG_ReadPacket
 .text.USB_OTG_SelectCore
                0x08004220      0x1b4 obj\debug\library\core\src\usb_core.o
                0x08004220                USB_OTG_SelectCore
 .text.USB_OTG_CoreInit
                0x080043d4      0x148 obj\debug\library\core\src\usb_core.o
                0x080043d4                USB_OTG_CoreInit
 .text.USB_OTG_EnableGlobalInt
                0x0800451c       0x3c obj\debug\library\core\src\usb_core.o
                0x0800451c                USB_OTG_EnableGlobalInt
 .text.USB_OTG_DisableGlobalInt
                0x08004558       0x40 obj\debug\library\core\src\usb_core.o
                0x08004558                USB_OTG_DisableGlobalInt
 .text.USB_OTG_FlushTxFifo
                0x08004598       0x80 obj\debug\library\core\src\usb_core.o
                0x08004598                USB_OTG_FlushTxFifo
 .text.USB_OTG_FlushRxFifo
                0x08004618       0x6c obj\debug\library\core\src\usb_core.o
                0x08004618                USB_OTG_FlushRxFifo
 .text.USB_OTG_SetCurrentMode
                0x08004684       0x64 obj\debug\library\core\src\usb_core.o
                0x08004684                USB_OTG_SetCurrentMode
 .text.USB_OTG_GetMode
                0x080046e8       0x20 obj\debug\library\core\src\usb_core.o
                0x080046e8                USB_OTG_GetMode
 .text.USB_OTG_IsDeviceMode
                0x08004708       0x24 obj\debug\library\core\src\usb_core.o
                0x08004708                USB_OTG_IsDeviceMode
 .text.USB_OTG_ReadCoreItr
                0x0800472c       0x30 obj\debug\library\core\src\usb_core.o
                0x0800472c                USB_OTG_ReadCoreItr
 .text.USB_OTG_InitDevSpeed
                0x0800475c       0x38 obj\debug\library\core\src\usb_core.o
                0x0800475c                USB_OTG_InitDevSpeed
 .text.USB_OTG_CoreInitDev
                0x08004794      0x2d8 obj\debug\library\core\src\usb_core.o
                0x08004794                USB_OTG_CoreInitDev
 .text.USB_OTG_EnableDevInt
                0x08004a6c       0xb4 obj\debug\library\core\src\usb_core.o
                0x08004a6c                USB_OTG_EnableDevInt
 .text.USB_OTG_GetDeviceSpeed
                0x08004b20       0x68 obj\debug\library\core\src\usb_core.o
                0x08004b20                USB_OTG_GetDeviceSpeed
 .text.USB_OTG_EP0Activate
                0x08004b88       0xa0 obj\debug\library\core\src\usb_core.o
                0x08004b88                USB_OTG_EP0Activate
 .text.USB_OTG_EPActivate
                0x08004c28       0xf8 obj\debug\library\core\src\usb_core.o
                0x08004c28                USB_OTG_EPActivate
 .text.USB_OTG_EPDeactivate
                0x08004d20       0xa4 obj\debug\library\core\src\usb_core.o
                0x08004d20                USB_OTG_EPDeactivate
 .text.USB_OTG_EPStartXfer
                0x08004dc4      0x2dc obj\debug\library\core\src\usb_core.o
                0x08004dc4                USB_OTG_EPStartXfer
 .text.USB_OTG_EP0StartXfer
                0x080050a0      0x1ec obj\debug\library\core\src\usb_core.o
                0x080050a0                USB_OTG_EP0StartXfer
 .text.USB_OTG_EPSetStall
                0x0800528c       0x94 obj\debug\library\core\src\usb_core.o
                0x0800528c                USB_OTG_EPSetStall
 .text.USB_OTG_EPClearStall
                0x08005320       0x84 obj\debug\library\core\src\usb_core.o
                0x08005320                USB_OTG_EPClearStall
 .text.USB_OTG_ReadDevAllOutEp_itr
                0x080053a4       0x30 obj\debug\library\core\src\usb_core.o
                0x080053a4                USB_OTG_ReadDevAllOutEp_itr
 .text.USB_OTG_ReadDevOutEP_itr
                0x080053d4       0x3c obj\debug\library\core\src\usb_core.o
                0x080053d4                USB_OTG_ReadDevOutEP_itr
 .text.USB_OTG_ReadDevAllInEPItr
                0x08005410       0x34 obj\debug\library\core\src\usb_core.o
                0x08005410                USB_OTG_ReadDevAllInEPItr
 .text.USB_OTG_EP0_OutStart
                0x08005444       0x74 obj\debug\library\core\src\usb_core.o
                0x08005444                USB_OTG_EP0_OutStart
 .text.DCD_Init
                0x080054b8      0x134 obj\debug\library\core\src\usb_dcd.o
                0x080054b8                DCD_Init
 .text.DCD_EP_Open
                0x080055ec       0xb4 obj\debug\library\core\src\usb_dcd.o
                0x080055ec                DCD_EP_Open
 .text.DCD_EP_Close
                0x080056a0       0x88 obj\debug\library\core\src\usb_dcd.o
                0x080056a0                DCD_EP_Close
 .text.DCD_EP_PrepareRx
                0x08005728       0x90 obj\debug\library\core\src\usb_dcd.o
                0x08005728                DCD_EP_PrepareRx
 .text.DCD_EP_Tx
                0x080057b8       0x88 obj\debug\library\core\src\usb_dcd.o
                0x080057b8                DCD_EP_Tx
 .text.DCD_EP_Stall
                0x08005840       0x8c obj\debug\library\core\src\usb_dcd.o
                0x08005840                DCD_EP_Stall
 .text.DCD_EP_ClrStall
                0x080058cc       0x8c obj\debug\library\core\src\usb_dcd.o
                0x080058cc                DCD_EP_ClrStall
 .text.DCD_EP_SetAddress
                0x08005958       0x3c obj\debug\library\core\src\usb_dcd.o
                0x08005958                DCD_EP_SetAddress
 .text.USBD_OTG_ISR_Handler
                0x08005994      0x198 obj\debug\library\core\src\usb_dcd_int.o
                0x08005994                USBD_OTG_ISR_Handler
 .text.DCD_SessionRequest_ISR
                0x08005b2c       0x3c obj\debug\library\core\src\usb_dcd_int.o
 .text.DCD_OTG_ISR
                0x08005b68       0x44 obj\debug\library\core\src\usb_dcd_int.o
 .text.DCD_HandleResume_ISR
                0x08005bac       0x8c obj\debug\library\core\src\usb_dcd_int.o
 .text.DCD_HandleUSBSuspend_ISR
                0x08005c38       0xd0 obj\debug\library\core\src\usb_dcd_int.o
 .text.DCD_HandleInEP_ISR
                0x08005d08      0x1b0 obj\debug\library\core\src\usb_dcd_int.o
 .text.DCD_HandleOutEP_ISR
                0x08005eb8      0x184 obj\debug\library\core\src\usb_dcd_int.o
 .text.DCD_HandleSof_ISR
                0x0800603c       0x3c obj\debug\library\core\src\usb_dcd_int.o
 .text.DCD_HandleRxStatusQueueLevel_ISR
                0x08006078      0x118 obj\debug\library\core\src\usb_dcd_int.o
 .text.DCD_WriteEmptyTxFifo
                0x08006190      0x130 obj\debug\library\core\src\usb_dcd_int.o
 .text.DCD_HandleUsbReset_ISR
                0x080062c0      0x158 obj\debug\library\core\src\usb_dcd_int.o
 .text.DCD_HandleEnumDone_ISR
                0x08006418      0x22c obj\debug\library\core\src\usb_dcd_int.o
 .text.DCD_IsoINIncomplete_ISR
                0x08006644       0x3c obj\debug\library\core\src\usb_dcd_int.o
 .text.DCD_IsoOUTIncomplete_ISR
                0x08006680       0x3c obj\debug\library\core\src\usb_dcd_int.o
 .text.DCD_ReadDevInEP
                0x080066bc       0x58 obj\debug\library\core\src\usb_dcd_int.o
 .text.USBD_Init
                0x08006714       0x58 obj\debug\library\core\src\usbd_core.o
                0x08006714                USBD_Init
 .text.USBD_DeInit
                0x0800676c       0x18 obj\debug\library\core\src\usbd_core.o
                0x0800676c                USBD_DeInit
 .text.USBD_SetupStage
                0x08006784       0x70 obj\debug\library\core\src\usbd_core.o
 .text.USBD_DataOutStage
                0x080067f4       0xd4 obj\debug\library\core\src\usbd_core.o
 .text.USBD_DataInStage
                0x080068c8      0x150 obj\debug\library\core\src\usbd_core.o
 .text.USBD_RunTestMode
                0x08006a18       0x28 obj\debug\library\core\src\usbd_core.o
 .text.USBD_Reset
                0x08006a40       0x54 obj\debug\library\core\src\usbd_core.o
 .text.USBD_Resume
                0x08006a94       0x38 obj\debug\library\core\src\usbd_core.o
 .text.USBD_Suspend
                0x08006acc       0x38 obj\debug\library\core\src\usbd_core.o
 .text.USBD_SOF
                0x08006b04       0x30 obj\debug\library\core\src\usbd_core.o
 .text.USBD_SetCfg
                0x08006b34       0x34 obj\debug\library\core\src\usbd_core.o
                0x08006b34                USBD_SetCfg
 .text.USBD_ClrCfg
                0x08006b68       0x2c obj\debug\library\core\src\usbd_core.o
                0x08006b68                USBD_ClrCfg
 .text.USBD_IsoINIncomplete
                0x08006b94       0x24 obj\debug\library\core\src\usbd_core.o
 .text.USBD_IsoOUTIncomplete
                0x08006bb8       0x24 obj\debug\library\core\src\usbd_core.o
 .text.USBD_DevConnected
                0x08006bdc       0x2c obj\debug\library\core\src\usbd_core.o
 .text.USBD_DevDisconnected
                0x08006c08       0x3c obj\debug\library\core\src\usbd_core.o
 .text.USBD_CtlSendData
                0x08006c44       0x48 obj\debug\library\core\src\usbd_ioreq.o
                0x08006c44                USBD_CtlSendData
 .text.USBD_CtlContinueSendData
                0x08006c8c       0x30 obj\debug\library\core\src\usbd_ioreq.o
                0x08006c8c                USBD_CtlContinueSendData
 .text.USBD_CtlPrepareRx
                0x08006cbc       0x48 obj\debug\library\core\src\usbd_ioreq.o
                0x08006cbc                USBD_CtlPrepareRx
 .text.USBD_CtlContinueRx
                0x08006d04       0x30 obj\debug\library\core\src\usbd_ioreq.o
                0x08006d04                USBD_CtlContinueRx
 .text.USBD_CtlSendStatus
                0x08006d34       0x3c obj\debug\library\core\src\usbd_ioreq.o
                0x08006d34                USBD_CtlSendStatus
 .text.USBD_CtlReceiveStatus
                0x08006d70       0x3c obj\debug\library\core\src\usbd_ioreq.o
                0x08006d70                USBD_CtlReceiveStatus
 .text.USBD_StdDevReq
                0x08006dac       0xa4 obj\debug\library\core\src\usbd_req.o
                0x08006dac                USBD_StdDevReq
 .text.USBD_StdItfReq
                0x08006e50       0x6c obj\debug\library\core\src\usbd_req.o
                0x08006e50                USBD_StdItfReq
 .text.USBD_StdEPReq
                0x08006ebc      0x200 obj\debug\library\core\src\usbd_req.o
                0x08006ebc                USBD_StdEPReq
 .text.USBD_GetDescriptor
                0x080070bc      0x1b0 obj\debug\library\core\src\usbd_req.o
 .text.USBD_SetAddress
                0x0800726c       0x80 obj\debug\library\core\src\usbd_req.o
 .text.USBD_SetConfig
                0x080072ec      0x134 obj\debug\library\core\src\usbd_req.o
 .text.USBD_GetConfig
                0x08007420       0x68 obj\debug\library\core\src\usbd_req.o
 .text.USBD_GetStatus
                0x08007488       0x70 obj\debug\library\core\src\usbd_req.o
 .text.USBD_SetFeature
                0x080074f8       0xfc obj\debug\library\core\src\usbd_req.o
 .text.USBD_ClrFeature
                0x080075f4       0x58 obj\debug\library\core\src\usbd_req.o
 .text.USBD_ParseSetupRequest
                0x0800764c       0x94 obj\debug\library\core\src\usbd_req.o
                0x0800764c                USBD_ParseSetupRequest
 .text.USBD_CtlError
                0x080076e0       0x2c obj\debug\library\core\src\usbd_req.o
                0x080076e0                USBD_CtlError
 .text.USBD_GetString
                0x0800770c       0x9c obj\debug\library\core\src\usbd_req.o
                0x0800770c                USBD_GetString
 .text.USBD_GetLen
                0x080077a8       0x38 obj\debug\library\core\src\usbd_req.o
 .text.pushByte
                0x080077e0      0x1b0 obj\debug\robot\communication.o
                0x080077e0                pushByte
 .text.sendAnswer
                0x08007990      0x1b4 obj\debug\robot\communication.o
                0x08007990                sendAnswer
 .text.CRC16_BUYPASS
                0x08007b44       0x8c obj\debug\robot\dynamixel_control.o
                0x08007b44                CRC16_BUYPASS
 .text.sendServoCommand
                0x08007bd0      0x220 obj\debug\robot\dynamixel_control.o
                0x08007bd0                sendServoCommand
 .text.getServoResponse
                0x08007df0      0x230 obj\debug\robot\dynamixel_control.o
                0x08007df0                getServoResponse
 .text.getAndCheckResponse
                0x08008020       0x58 obj\debug\robot\dynamixel_control.o
                0x08008020                getAndCheckResponse
 .text.setServoTorque
                0x08008078       0x88 obj\debug\robot\dynamixel_control.o
                0x08008078                setServoTorque
 .text.setServoMovingSpeed
                0x08008100       0x98 obj\debug\robot\dynamixel_control.o
                0x08008100                setServoMovingSpeed
 .text.setServoAngle
                0x08008198       0xb8 obj\debug\robot\dynamixel_control.o
                0x08008198                setServoAngle
 .text.setServoCWAngleLimit
                0x08008250       0x88 obj\debug\robot\dynamixel_control.o
                0x08008250                setServoCWAngleLimit
 .text.setServoCCWAngleLimit
                0x080082d8       0x70 obj\debug\robot\dynamixel_control.o
                0x080082d8                setServoCCWAngleLimit
 .text.sendServoByte
                0x08008348       0x3c obj\debug\robot\dynamixel_control.o
                0x08008348                sendServoByte
 .text.clearServoReceiveBuffer
                0x08008384       0x20 obj\debug\robot\dynamixel_control.o
                0x08008384                clearServoReceiveBuffer
 .text.getServoBytesAvailable
                0x080083a4       0x44 obj\debug\robot\dynamixel_control.o
                0x080083a4                getServoBytesAvailable
 .text.getServoByte
                0x080083e8       0x58 obj\debug\robot\dynamixel_control.o
                0x080083e8                getServoByte
 .text.USART3_IRQHandler
                0x08008440       0x80 obj\debug\robot\dynamixel_control.o
                0x08008440                USART3_IRQHandler
 .text.softDelay
                0x080084c0       0x24 obj\debug\robot\manipulators.o
                0x080084c0                softDelay
 .text.CloseFishingManipulator
                0x080084e4       0x20 obj\debug\robot\manipulators.o
                0x080084e4                CloseFishingManipulator
 .text.HalfOpenFishingManipulator
                0x08008504       0x20 obj\debug\robot\manipulators.o
                0x08008504                HalfOpenFishingManipulator
 .text.Open_seashell_doors
                0x08008524       0x38 obj\debug\robot\manipulators.o
                0x08008524                Open_seashell_doors
 .text.close_seashell_doors
                0x0800855c       0x38 obj\debug\robot\manipulators.o
                0x0800855c                close_seashell_doors
 .text.servo_elevate_in
                0x08008594       0x14 obj\debug\robot\manipulators.o
                0x08008594                servo_elevate_in
 .text.servo_elevate_out
                0x080085a8       0x14 obj\debug\robot\manipulators.o
                0x080085a8                servo_elevate_out
 .text.servo_rotate_90
                0x080085bc       0x14 obj\debug\robot\manipulators.o
                0x080085bc                servo_rotate_90
 .text.servo_rotate_180
                0x080085d0       0x14 obj\debug\robot\manipulators.o
                0x080085d0                servo_rotate_180
 .text.switchOnPneumo
                0x080085e4       0x64 obj\debug\robot\manipulators.o
                0x080085e4                switchOnPneumo
 .text.switchOffPneumo
                0x08008648       0x64 obj\debug\robot\manipulators.o
                0x08008648                switchOffPneumo
 .text.removePoint
                0x080086ac       0xcc obj\debug\robot\regulator.o
                0x080086ac                removePoint
 .text.addPointInFrontOfQueue
                0x08008778      0x124 obj\debug\robot\regulator.o
                0x08008778                addPointInFrontOfQueue
 .text.initRegulators
                0x0800889c      0x1e8 obj\debug\robot\regulator.o
                0x0800889c                initRegulators
 .text.Regulate
                0x08008a84      0x1b8 obj\debug\robot\regulator.o
                0x08008a84                Regulate
 *fill*         0x08008c3c        0x4 
 .text.TrackRegulator
                0x08008c40      0x1d8 obj\debug\robot\regulator.o
                0x08008c40                TrackRegulator
 .text.rangeAngle
                0x08008e18       0xf8 obj\debug\robot\regulator.o
                0x08008e18                rangeAngle
 .text.RotMoving
                0x08008f10      0x13c obj\debug\robot\regulator.o
                0x08008f10                RotMoving
 .text.Moving   0x0800904c       0xd4 obj\debug\robot\regulator.o
                0x0800904c                Moving
 .text.pidCalc  0x08009120      0x1e8 obj\debug\robot\regulator.o
                0x08009120                pidCalc
 .text.CreatePath
                0x08009308      0x200 obj\debug\robot\regulator.o
                0x08009308                CreatePath
 .text.matrixCopy
                0x08009508       0x7c obj\debug\robot\matrix.o
                0x08009508                matrixCopy
 .text.matrixMultiplyM2M
                0x08009584       0xe4 obj\debug\robot\matrix.o
                0x08009584                matrixMultiplyM2M
 .text.matrixPlusMinus
                0x08009668      0x128 obj\debug\robot\matrix.o
                0x08009668                matrixPlusMinus
 .text.matrixTranspose
                0x08009790       0x7c obj\debug\robot\matrix.o
                0x08009790                matrixTranspose
 .text.execCommand
                0x0800980c     0x2cec obj\debug\robot\robot.o
                0x0800980c                execCommand
 .text.NMI_Handler
                0x0800c4f8        0xc obj\debug\usb app\stm32fxxx_it.o
                0x0800c4f8                NMI_Handler
 .text.HardFault_Handler
                0x0800c504        0x8 obj\debug\usb app\stm32fxxx_it.o
                0x0800c504                HardFault_Handler
 .text.MemManage_Handler
                0x0800c50c        0x8 obj\debug\usb app\stm32fxxx_it.o
                0x0800c50c                MemManage_Handler
 .text.BusFault_Handler
                0x0800c514        0x8 obj\debug\usb app\stm32fxxx_it.o
                0x0800c514                BusFault_Handler
 .text.UsageFault_Handler
                0x0800c51c        0x8 obj\debug\usb app\stm32fxxx_it.o
                0x0800c51c                UsageFault_Handler
 .text.SVC_Handler
                0x0800c524        0xc obj\debug\usb app\stm32fxxx_it.o
                0x0800c524                SVC_Handler
 .text.DebugMon_Handler
                0x0800c530        0xc obj\debug\usb app\stm32fxxx_it.o
                0x0800c530                DebugMon_Handler
 .text.PendSV_Handler
                0x0800c53c        0xc obj\debug\usb app\stm32fxxx_it.o
                0x0800c53c                PendSV_Handler
 .text.SysTick_Handler
                0x0800c548        0xc obj\debug\usb app\stm32fxxx_it.o
                0x0800c548                SysTick_Handler
 .text.OTG_FS_IRQHandler
                0x0800c554       0x14 obj\debug\usb app\stm32fxxx_it.o
                0x0800c554                OTG_FS_IRQHandler
 .text.USB_OTG_BSP_Init
                0x0800c568      0x110 obj\debug\usb app\usb_bsp.o
                0x0800c568                USB_OTG_BSP_Init
 .text.USB_OTG_BSP_EnableInterrupt
                0x0800c678       0x3c obj\debug\usb app\usb_bsp.o
                0x0800c678                USB_OTG_BSP_EnableInterrupt
 .text.USB_OTG_BSP_uDelay
                0x0800c6b4       0x58 obj\debug\usb app\usb_bsp.o
                0x0800c6b4                USB_OTG_BSP_uDelay
 .text.USB_OTG_BSP_mDelay
                0x0800c70c       0x20 obj\debug\usb app\usb_bsp.o
                0x0800c70c                USB_OTG_BSP_mDelay
 .text.VCP_Init
                0x0800c72c       0x18 obj\debug\usb app\usbd_cdc_vcp.o
 .text.VCP_DeInit
                0x0800c744       0x10 obj\debug\usb app\usbd_cdc_vcp.o
 .text.VCP_Ctrl
                0x0800c754      0x1bc obj\debug\usb app\usbd_cdc_vcp.o
 .text.VCP_DataTx
                0x0800c910       0x10 obj\debug\usb app\usbd_cdc_vcp.o
 .text.VCP_DataRx
                0x0800c920       0x40 obj\debug\usb app\usbd_cdc_vcp.o
 .text.VCP_COMConfig
                0x0800c960      0x150 obj\debug\usb app\usbd_cdc_vcp.o
 .text.USBD_USR_DeviceDescriptor
                0x0800cab0       0x28 obj\debug\usb app\usbd_desc.o
                0x0800cab0                USBD_USR_DeviceDescriptor
 .text.USBD_USR_LangIDStrDescriptor
                0x0800cad8       0x28 obj\debug\usb app\usbd_desc.o
                0x0800cad8                USBD_USR_LangIDStrDescriptor
 .text.USBD_USR_ProductStrDescriptor
                0x0800cb00       0x54 obj\debug\usb app\usbd_desc.o
                0x0800cb00                USBD_USR_ProductStrDescriptor
 .text.USBD_USR_ManufacturerStrDescriptor
                0x0800cb54       0x34 obj\debug\usb app\usbd_desc.o
                0x0800cb54                USBD_USR_ManufacturerStrDescriptor
 .text.USBD_USR_SerialStrDescriptor
                0x0800cb88       0x2c obj\debug\usb app\usbd_desc.o
                0x0800cb88                USBD_USR_SerialStrDescriptor
 .text.USBD_USR_ConfigStrDescriptor
                0x0800cbb4       0x54 obj\debug\usb app\usbd_desc.o
                0x0800cbb4                USBD_USR_ConfigStrDescriptor
 .text.USBD_USR_InterfaceStrDescriptor
                0x0800cc08       0x54 obj\debug\usb app\usbd_desc.o
                0x0800cc08                USBD_USR_InterfaceStrDescriptor
 .text.Get_SerialNum
                0x0800cc5c       0x60 obj\debug\usb app\usbd_desc.o
 .text.IntToUnicode
                0x0800ccbc       0x94 obj\debug\usb app\usbd_desc.o
 .text.USBD_USR_Init
                0x0800cd50        0xc obj\debug\usb app\usbd_usr.o
                0x0800cd50                USBD_USR_Init
 .text.USBD_USR_DeviceReset
                0x0800cd5c       0x14 obj\debug\usb app\usbd_usr.o
                0x0800cd5c                USBD_USR_DeviceReset
 .text.USBD_USR_DeviceConfigured
                0x0800cd70        0xc obj\debug\usb app\usbd_usr.o
                0x0800cd70                USBD_USR_DeviceConfigured
 .text.USBD_USR_DeviceSuspended
                0x0800cd7c        0xc obj\debug\usb app\usbd_usr.o
                0x0800cd7c                USBD_USR_DeviceSuspended
 .text.USBD_USR_DeviceResumed
                0x0800cd88        0xc obj\debug\usb app\usbd_usr.o
                0x0800cd88                USBD_USR_DeviceResumed
 .text.USBD_USR_DeviceConnected
                0x0800cd94        0xc obj\debug\usb app\usbd_usr.o
                0x0800cd94                USBD_USR_DeviceConnected
 .text.USBD_USR_DeviceDisconnected
                0x0800cda0        0xc obj\debug\usb app\usbd_usr.o
                0x0800cda0                USBD_USR_DeviceDisconnected
 .text.NVIC_PriorityGroupConfig
                0x0800cdac       0x28 obj\debug\spl\src\misc.o
                0x0800cdac                NVIC_PriorityGroupConfig
 .text.NVIC_Init
                0x0800cdd4       0xe4 obj\debug\spl\src\misc.o
                0x0800cdd4                NVIC_Init
 .text.GPIO_Init
                0x0800ceb8      0x144 obj\debug\spl\src\stm32f4xx_gpio.o
                0x0800ceb8                GPIO_Init
 .text.GPIO_PinAFConfig
                0x0800cffc       0xa8 obj\debug\spl\src\stm32f4xx_gpio.o
                0x0800cffc                GPIO_PinAFConfig
 .text.RCC_GetClocksFreq
                0x0800d0a4      0x1cc obj\debug\spl\src\stm32f4xx_rcc.o
                0x0800d0a4                RCC_GetClocksFreq
 .text.RCC_AHB1PeriphClockCmd
                0x0800d270       0x54 obj\debug\spl\src\stm32f4xx_rcc.o
                0x0800d270                RCC_AHB1PeriphClockCmd
 .text.RCC_AHB2PeriphClockCmd
                0x0800d2c4       0x54 obj\debug\spl\src\stm32f4xx_rcc.o
                0x0800d2c4                RCC_AHB2PeriphClockCmd
 .text.RCC_APB1PeriphClockCmd
                0x0800d318       0x54 obj\debug\spl\src\stm32f4xx_rcc.o
                0x0800d318                RCC_APB1PeriphClockCmd
 .text.RCC_APB2PeriphClockCmd
                0x0800d36c       0x54 obj\debug\spl\src\stm32f4xx_rcc.o
                0x0800d36c                RCC_APB2PeriphClockCmd
 .text.USART_SendData
                0x0800d3c0       0x28 obj\debug\spl\src\stm32f4xx_usart.o
                0x0800d3c0                USART_SendData
 .text.USART_ReceiveData
                0x0800d3e8       0x24 obj\debug\spl\src\stm32f4xx_usart.o
                0x0800d3e8                USART_ReceiveData
 .text.USART_GetFlagStatus
                0x0800d40c       0x40 obj\debug\spl\src\stm32f4xx_usart.o
                0x0800d40c                USART_GetFlagStatus
 .text.USART_GetITStatus
                0x0800d44c       0xc4 obj\debug\spl\src\stm32f4xx_usart.o
                0x0800d44c                USART_GetITStatus
 .text.main     0x0800d510       0x7c obj\debug\src\main.o
                0x0800d510                main
 .text          0x0800d58c      0x108 obj\debug\src\startup_stm32f4xx.o
                0x0800d58c                Reset_Handler
                0x0800d5e4                Default_Handler
                0x0800d5e6                WWDG_IRQHandler
                0x0800d5e8                PVD_IRQHandler
                0x0800d5ea                TAMP_STAMP_IRQHandler
                0x0800d5ec                RTC_WKUP_IRQHandler
                0x0800d5ee                FLASH_IRQHandler
                0x0800d5f0                RCC_IRQHandler
                0x0800d5fc                DMA1_Stream0_IRQHandler
                0x0800d5fe                DMA1_Stream1_IRQHandler
                0x0800d600                DMA1_Stream2_IRQHandler
                0x0800d604                DMA1_Stream4_IRQHandler
                0x0800d608                DMA1_Stream6_IRQHandler
                0x0800d60a                ADC_IRQHandler
                0x0800d60c                CAN1_TX_IRQHandler
                0x0800d60e                CAN1_RX0_IRQHandler
                0x0800d610                CAN1_RX1_IRQHandler
                0x0800d612                CAN1_SCE_IRQHandler
                0x0800d616                TIM1_BRK_TIM9_IRQHandler
                0x0800d618                TIM1_UP_TIM10_IRQHandler
                0x0800d61a                TIM1_TRG_COM_TIM11_IRQHandler
                0x0800d61c                TIM1_CC_IRQHandler
                0x0800d620                TIM3_IRQHandler
                0x0800d622                TIM4_IRQHandler
                0x0800d624                I2C1_EV_IRQHandler
                0x0800d626                I2C1_ER_IRQHandler
                0x0800d628                I2C2_EV_IRQHandler
                0x0800d62a                I2C2_ER_IRQHandler
                0x0800d62c                SPI1_IRQHandler
                0x0800d62e                SPI2_IRQHandler
                0x0800d632                USART2_IRQHandler
                0x0800d638                RTC_Alarm_IRQHandler
                0x0800d63a                OTG_FS_WKUP_IRQHandler
                0x0800d63c                TIM8_BRK_TIM12_IRQHandler
                0x0800d640                TIM8_TRG_COM_TIM14_IRQHandler
                0x0800d642                TIM8_CC_IRQHandler
                0x0800d644                DMA1_Stream7_IRQHandler
                0x0800d646                FSMC_IRQHandler
                0x0800d648                SDIO_IRQHandler
                0x0800d64a                TIM5_IRQHandler
                0x0800d64c                SPI3_IRQHandler
                0x0800d64e                UART4_IRQHandler
                0x0800d650                UART5_IRQHandler
                0x0800d652                TIM6_DAC_IRQHandler
                0x0800d658                DMA2_Stream1_IRQHandler
                0x0800d65c                DMA2_Stream3_IRQHandler
                0x0800d65e                DMA2_Stream4_IRQHandler
                0x0800d660                ETH_IRQHandler
                0x0800d662                ETH_WKUP_IRQHandler
                0x0800d664                CAN2_TX_IRQHandler
                0x0800d666                CAN2_RX0_IRQHandler
                0x0800d668                CAN2_RX1_IRQHandler
                0x0800d66a                CAN2_SCE_IRQHandler
                0x0800d66e                DMA2_Stream5_IRQHandler
                0x0800d670                DMA2_Stream6_IRQHandler
                0x0800d672                DMA2_Stream7_IRQHandler
                0x0800d674                USART6_IRQHandler
                0x0800d676                I2C3_EV_IRQHandler
                0x0800d678                I2C3_ER_IRQHandler
                0x0800d67a                OTG_HS_EP1_OUT_IRQHandler
                0x0800d67c                OTG_HS_EP1_IN_IRQHandler
                0x0800d67e                OTG_HS_WKUP_IRQHandler
                0x0800d680                OTG_HS_IRQHandler
                0x0800d682                DCMI_IRQHandler
                0x0800d684                CRYP_IRQHandler
                0x0800d686                HASH_RNG_IRQHandler
                0x0800d688                FPU_IRQHandler
 .text.SystemInit
                0x0800d694       0xb0 obj\debug\src\system_stm32f4xx.o
                0x0800d694                SystemInit
 .text.SetSysClock
                0x0800d744      0x188 obj\debug\src\system_stm32f4xx.o
 .text.initialise_monitor_handles
                0x0800d8cc       0xa4 f:/emblocks/2.30/share/em_armgcc/bin/../lib/gcc/arm-none-eabi/4.7.3/../../../../arm-none-eabi/lib/armv7e-m/fpu\librdimon.a(rdimon-syscalls.o)
                0x0800d8cc                initialise_monitor_handles
 .text          0x0800d970      0x370 f:/emblocks/2.30/share/em_armgcc/bin/../lib/gcc/arm-none-eabi/4.7.3/armv7e-m/fpu\libgcc.a(_arm_addsubdf3.o)
                0x0800d970                __aeabi_drsub
                0x0800d978                __aeabi_dsub
                0x0800d978                __subdf3
                0x0800d97c                __aeabi_dadd
                0x0800d97c                __adddf3
                0x0800dbf4                __floatunsidf
                0x0800dbf4                __aeabi_ui2d
                0x0800dc14                __floatsidf
                0x0800dc14                __aeabi_i2d
                0x0800dc38                __aeabi_f2d
                0x0800dc38                __extendsfdf2
                0x0800dc74                __floatundidf
                0x0800dc74                __aeabi_ul2d
                0x0800dc84                __floatdidf
                0x0800dc84                __aeabi_l2d
 .text          0x0800dce0      0x424 f:/emblocks/2.30/share/em_armgcc/bin/../lib/gcc/arm-none-eabi/4.7.3/armv7e-m/fpu\libgcc.a(_arm_muldivdf3.o)
                0x0800dce0                __aeabi_dmul
                0x0800dce0                __muldf3
                0x0800df34                __divdf3
                0x0800df34                __aeabi_ddiv
 .text          0x0800e104      0x110 f:/emblocks/2.30/share/em_armgcc/bin/../lib/gcc/arm-none-eabi/4.7.3/armv7e-m/fpu\libgcc.a(_arm_cmpdf2.o)
                0x0800e104                __gtdf2
                0x0800e104                __gedf2
                0x0800e10c                __ltdf2
                0x0800e10c                __ledf2
                0x0800e114                __nedf2
                0x0800e114                __eqdf2
                0x0800e114                __cmpdf2
                0x0800e190                __aeabi_cdrcmple
                0x0800e1a0                __aeabi_cdcmpeq
                0x0800e1a0                __aeabi_cdcmple
                0x0800e1b0                __aeabi_dcmpeq
                0x0800e1c4                __aeabi_dcmplt
                0x0800e1d8                __aeabi_dcmple
                0x0800e1ec                __aeabi_dcmpge
                0x0800e200                __aeabi_dcmpgt
 .text          0x0800e214       0x50 f:/emblocks/2.30/share/em_armgcc/bin/../lib/gcc/arm-none-eabi/4.7.3/armv7e-m/fpu\libgcc.a(_arm_fixdfsi.o)
                0x0800e214                __aeabi_d2iz
                0x0800e214                __fixdfsi
 .text          0x0800e264       0x40 f:/emblocks/2.30/share/em_armgcc/bin/../lib/gcc/arm-none-eabi/4.7.3/armv7e-m/fpu\libgcc.a(_arm_fixunsdfsi.o)
                0x0800e264                __aeabi_d2uiz
                0x0800e264                __fixunsdfsi
 .text          0x0800e2a4       0xa0 f:/emblocks/2.30/share/em_armgcc/bin/../lib/gcc/arm-none-eabi/4.7.3/armv7e-m/fpu\libgcc.a(_arm_truncdfsf2.o)
                0x0800e2a4                __truncdfsf2
                0x0800e2a4                __aeabi_d2f
 .text.__errno  0x0800e344        0xc f:/emblocks/2.30/share/em_armgcc/bin/../lib/gcc/arm-none-eabi/4.7.3/../../../../arm-none-eabi/lib/armv7e-m/fpu\libc_f.a(lib_a-errno.o)
                0x0800e344                __errno
 .text.exit     0x0800e350       0x20 f:/emblocks/2.30/share/em_armgcc/bin/../lib/gcc/arm-none-eabi/4.7.3/../../../../arm-none-eabi/lib/armv7e-m/fpu\libc_f.a(lib_a-exit.o)
                0x0800e350                exit
 .text.__libc_init_array
                0x0800e370       0x50 f:/emblocks/2.30/share/em_armgcc/bin/../lib/gcc/arm-none-eabi/4.7.3/../../../../arm-none-eabi/lib/armv7e-m/fpu\libc_f.a(lib_a-init.o)
                0x0800e370                __libc_init_array
 .text          0x0800e3c0      0x134 f:/emblocks/2.30/share/em_armgcc/bin/../lib/gcc/arm-none-eabi/4.7.3/../../../../arm-none-eabi/lib/armv7e-m/fpu\libc_f.a(lib_a-memcpy.o)
                0x0800e3c0                memcpy
 .text.memset   0x0800e4f4       0x98 f:/emblocks/2.30/share/em_armgcc/bin/../lib/gcc/arm-none-eabi/4.7.3/../../../../arm-none-eabi/lib/armv7e-m/fpu\libc_f.a(lib_a-memset.o)
                0x0800e4f4                memset
 .text.strlen   0x0800e58c       0x60 f:/emblocks/2.30/share/em_armgcc/bin/../lib/gcc/arm-none-eabi/4.7.3/../../../../arm-none-eabi/lib/armv7e-m/fpu\libc_f.a(lib_a-strlen.o)
                0x0800e58c                strlen
 .text.startup.register_fini
                0x0800e5ec       0x14 f:/emblocks/2.30/share/em_armgcc/bin/../lib/gcc/arm-none-eabi/4.7.3/../../../../arm-none-eabi/lib/armv7e-m/fpu\libc_f.a(lib_a-__call_atexit.o)
 .text.__call_exitprocs
                0x0800e600      0x164 f:/emblocks/2.30/share/em_armgcc/bin/../lib/gcc/arm-none-eabi/4.7.3/../../../../arm-none-eabi/lib/armv7e-m/fpu\libc_f.a(lib_a-__call_atexit.o)
                0x0800e600                __call_exitprocs
 .text.atexit   0x0800e764        0xc f:/emblocks/2.30/share/em_armgcc/bin/../lib/gcc/arm-none-eabi/4.7.3/../../../../arm-none-eabi/lib/armv7e-m/fpu\libc_f.a(lib_a-atexit.o)
                0x0800e764                atexit
 .text.__libc_fini_array
                0x0800e770       0x2c f:/emblocks/2.30/share/em_armgcc/bin/../lib/gcc/arm-none-eabi/4.7.3/../../../../arm-none-eabi/lib/armv7e-m/fpu\libc_f.a(lib_a-fini.o)
                0x0800e770                __libc_fini_array
 .text.__register_exitproc
                0x0800e79c       0xb0 f:/emblocks/2.30/share/em_armgcc/bin/../lib/gcc/arm-none-eabi/4.7.3/../../../../arm-none-eabi/lib/armv7e-m/fpu\libc_f.a(lib_a-__atexit.o)
                0x0800e79c                __register_exitproc
 *fill*         0x0800e84c        0x4 
 .text.atan     0x0800e850      0x3b0 f:/emblocks/2.30/share/em_armgcc/bin/../lib/gcc/arm-none-eabi/4.7.3/../../../../arm-none-eabi/lib/armv7e-m/fpu\libm_f.a(lib_a-s_atan.o)
                0x0800e850                atan
 .text.fabs     0x0800ec00       0x14 f:/emblocks/2.30/share/em_armgcc/bin/../lib/gcc/arm-none-eabi/4.7.3/../../../../arm-none-eabi/lib/armv7e-m/fpu\libm_f.a(lib_a-s_fabs.o)
                0x0800ec00                fabs
 .text.cosf     0x0800ec14       0x74 f:/emblocks/2.30/share/em_armgcc/bin/../lib/gcc/arm-none-eabi/4.7.3/../../../../arm-none-eabi/lib/armv7e-m/fpu\libm_f.a(lib_a-sf_cos.o)
                0x0800ec14                cosf
 .text.fabsf    0x0800ec88       0x10 f:/emblocks/2.30/share/em_armgcc/bin/../lib/gcc/arm-none-eabi/4.7.3/../../../../arm-none-eabi/lib/armv7e-m/fpu\libm_f.a(lib_a-sf_fabs.o)
                0x0800ec88                fabsf
 .text.sinf     0x0800ec98       0x78 f:/emblocks/2.30/share/em_armgcc/bin/../lib/gcc/arm-none-eabi/4.7.3/../../../../arm-none-eabi/lib/armv7e-m/fpu\libm_f.a(lib_a-sf_sin.o)
                0x0800ec98                sinf
 .text.fmod     0x0800ed10       0xd4 f:/emblocks/2.30/share/em_armgcc/bin/../lib/gcc/arm-none-eabi/4.7.3/../../../../arm-none-eabi/lib/armv7e-m/fpu\libm_f.a(lib_a-w_fmod.o)
                0x0800ed10                fmod
 .text.sqrt     0x0800ede4       0xb4 f:/emblocks/2.30/share/em_armgcc/bin/../lib/gcc/arm-none-eabi/4.7.3/../../../../arm-none-eabi/lib/armv7e-m/fpu\libm_f.a(lib_a-w_sqrt.o)
                0x0800ede4                sqrt
 .text.sqrtf    0x0800ee98       0xb0 f:/emblocks/2.30/share/em_armgcc/bin/../lib/gcc/arm-none-eabi/4.7.3/../../../../arm-none-eabi/lib/armv7e-m/fpu\libm_f.a(lib_a-wf_sqrt.o)
                0x0800ee98                sqrtf
 .text.__ieee754_fmod
                0x0800ef48      0x298 f:/emblocks/2.30/share/em_armgcc/bin/../lib/gcc/arm-none-eabi/4.7.3/../../../../arm-none-eabi/lib/armv7e-m/fpu\libm_f.a(lib_a-e_fmod.o)
                0x0800ef48                __ieee754_fmod
 .text.__ieee754_sqrt
                0x0800f1e0      0x1a8 f:/emblocks/2.30/share/em_armgcc/bin/../lib/gcc/arm-none-eabi/4.7.3/../../../../arm-none-eabi/lib/armv7e-m/fpu\libm_f.a(lib_a-e_sqrt.o)
                0x0800f1e0                __ieee754_sqrt
 .text.__ieee754_rem_pio2f
                0x0800f388      0x25c f:/emblocks/2.30/share/em_armgcc/bin/../lib/gcc/arm-none-eabi/4.7.3/../../../../arm-none-eabi/lib/armv7e-m/fpu\libm_f.a(lib_a-ef_rem_pio2.o)
                0x0800f388                __ieee754_rem_pio2f
 .text.__ieee754_sqrtf
                0x0800f5e4       0xa8 f:/emblocks/2.30/share/em_armgcc/bin/../lib/gcc/arm-none-eabi/4.7.3/../../../../arm-none-eabi/lib/armv7e-m/fpu\libm_f.a(lib_a-ef_sqrt.o)
                0x0800f5e4                __ieee754_sqrtf
 .text.__kernel_cosf
                0x0800f68c      0x100 f:/emblocks/2.30/share/em_armgcc/bin/../lib/gcc/arm-none-eabi/4.7.3/../../../../arm-none-eabi/lib/armv7e-m/fpu\libm_f.a(lib_a-kf_cos.o)
                0x0800f68c                __kernel_cosf
 .text.__kernel_rem_pio2f
                0x0800f78c      0x5e0 f:/emblocks/2.30/share/em_armgcc/bin/../lib/gcc/arm-none-eabi/4.7.3/../../../../arm-none-eabi/lib/armv7e-m/fpu\libm_f.a(lib_a-kf_rem_pio2.o)
                0x0800f78c                __kernel_rem_pio2f
 .text.__kernel_sinf
                0x0800fd6c       0x90 f:/emblocks/2.30/share/em_armgcc/bin/../lib/gcc/arm-none-eabi/4.7.3/../../../../arm-none-eabi/lib/armv7e-m/fpu\libm_f.a(lib_a-kf_sin.o)
                0x0800fd6c                __kernel_sinf
 .text.__fpclassifyd
                0x0800fdfc       0x54 f:/emblocks/2.30/share/em_armgcc/bin/../lib/gcc/arm-none-eabi/4.7.3/../../../../arm-none-eabi/lib/armv7e-m/fpu\libm_f.a(lib_a-s_fpclassify.o)
                0x0800fdfc                __fpclassifyd
 .text.matherr  0x0800fe50        0x4 f:/emblocks/2.30/share/em_armgcc/bin/../lib/gcc/arm-none-eabi/4.7.3/../../../../arm-none-eabi/lib/armv7e-m/fpu\libm_f.a(lib_a-s_matherr.o)
                0x0800fe50                matherr
 .text.floorf   0x0800fe54       0x84 f:/emblocks/2.30/share/em_armgcc/bin/../lib/gcc/arm-none-eabi/4.7.3/../../../../arm-none-eabi/lib/armv7e-m/fpu\libm_f.a(lib_a-sf_floor.o)
                0x0800fe54                floorf
 .text.__fpclassifyf
                0x0800fed8       0x38 f:/emblocks/2.30/share/em_armgcc/bin/../lib/gcc/arm-none-eabi/4.7.3/../../../../arm-none-eabi/lib/armv7e-m/fpu\libm_f.a(lib_a-sf_fpclassify.o)
                0x0800fed8                __fpclassifyf
 .text.scalbnf  0x0800ff10       0xcc f:/emblocks/2.30/share/em_armgcc/bin/../lib/gcc/arm-none-eabi/4.7.3/../../../../arm-none-eabi/lib/armv7e-m/fpu\libm_f.a(lib_a-sf_scalbn.o)
                0x0800ff10                scalbnf
 .text.copysignf
                0x0800ffdc       0x18 f:/emblocks/2.30/share/em_armgcc/bin/../lib/gcc/arm-none-eabi/4.7.3/../../../../arm-none-eabi/lib/armv7e-m/fpu\libm_f.a(lib_a-sf_copysign.o)
                0x0800ffdc                copysignf
 .text._exit    0x0800fff4        0x4 f:/emblocks/2.30/share/em_armgcc/bin/../lib/gcc/arm-none-eabi/4.7.3/../../../../arm-none-eabi/lib/armv7e-m/fpu\libnosys_f.a(_exit.o)
                0x0800fff4                _exit
 *(.init)
 .init          0x0800fff8        0x4 f:/emblocks/2.30/share/em_armgcc/bin/../lib/gcc/arm-none-eabi/4.7.3/armv7e-m/fpu/crti.o
                0x0800fff8                _init
 .init          0x0800fffc        0x8 f:/emblocks/2.30/share/em_armgcc/bin/../lib/gcc/arm-none-eabi/4.7.3/armv7e-m/fpu/crtn.o
 *(.fini)
 .fini          0x08010004        0x4 f:/emblocks/2.30/share/em_armgcc/bin/../lib/gcc/arm-none-eabi/4.7.3/armv7e-m/fpu/crti.o
                0x08010004                _fini
 .fini          0x08010008        0x8 f:/emblocks/2.30/share/em_armgcc/bin/../lib/gcc/arm-none-eabi/4.7.3/armv7e-m/fpu/crtn.o
 *crtbegin.o(.ctors)
 *crtbegin?.o(.ctors)
 *(EXCLUDE_FILE(*crtend.o *crtend?.o) .ctors)
 *(SORT(.ctors.*))
 *(.ctors)
 *crtbegin.o(.dtors)
 *crtbegin?.o(.dtors)
 *(EXCLUDE_FILE(*crtend.o *crtend?.o) .dtors)
 *(SORT(.dtors.*))
 *(.dtors)
 *(.rodata*)
 .rodata        0x08010010       0x28 obj\debug\robot\robot.o
 .rodata        0x08010038       0x78 obj\debug\usb app\usbd_desc.o
 .rodata        0x080100b0        0xc obj\debug\src\main.o
 .rodata.str1.1
                0x080100bc        0x4 f:/emblocks/2.30/share/em_armgcc/bin/../lib/gcc/arm-none-eabi/4.7.3/../../../../arm-none-eabi/lib/armv7e-m/fpu\librdimon.a(rdimon-syscalls.o)
 .rodata.str1.4
                0x080100c0        0x2 f:/emblocks/2.30/share/em_armgcc/bin/../lib/gcc/arm-none-eabi/4.7.3/../../../../arm-none-eabi/lib/armv7e-m/fpu\libc_f.a(lib_a-impure.o)
                                  0x4 (size before relaxing)
 *fill*         0x080100c2        0x2 
 .rodata._global_impure_ptr
                0x080100c4        0x4 f:/emblocks/2.30/share/em_armgcc/bin/../lib/gcc/arm-none-eabi/4.7.3/../../../../arm-none-eabi/lib/armv7e-m/fpu\libc_f.a(lib_a-impure.o)
                0x080100c4                _global_impure_ptr
 .rodata.atanlo
                0x080100c8       0x20 f:/emblocks/2.30/share/em_armgcc/bin/../lib/gcc/arm-none-eabi/4.7.3/../../../../arm-none-eabi/lib/armv7e-m/fpu\libm_f.a(lib_a-s_atan.o)
 .rodata.atanhi
                0x080100e8       0x20 f:/emblocks/2.30/share/em_armgcc/bin/../lib/gcc/arm-none-eabi/4.7.3/../../../../arm-none-eabi/lib/armv7e-m/fpu\libm_f.a(lib_a-s_atan.o)
 .rodata.str1.4
                0x08010108        0x5 f:/emblocks/2.30/share/em_armgcc/bin/../lib/gcc/arm-none-eabi/4.7.3/../../../../arm-none-eabi/lib/armv7e-m/fpu\libm_f.a(lib_a-w_fmod.o)
                                  0x8 (size before relaxing)
 *fill*         0x0801010d        0x3 
 .rodata.str1.4
                0x08010110        0x5 f:/emblocks/2.30/share/em_armgcc/bin/../lib/gcc/arm-none-eabi/4.7.3/../../../../arm-none-eabi/lib/armv7e-m/fpu\libm_f.a(lib_a-w_sqrt.o)
                                  0x8 (size before relaxing)
 *fill*         0x08010115        0x3 
 .rodata.str1.4
                0x08010118        0x8 f:/emblocks/2.30/share/em_armgcc/bin/../lib/gcc/arm-none-eabi/4.7.3/../../../../arm-none-eabi/lib/armv7e-m/fpu\libm_f.a(lib_a-wf_sqrt.o)
 .rodata.Zero   0x08010120       0x10 f:/emblocks/2.30/share/em_armgcc/bin/../lib/gcc/arm-none-eabi/4.7.3/../../../../arm-none-eabi/lib/armv7e-m/fpu\libm_f.a(lib_a-e_fmod.o)
 .rodata.npio2_hw
                0x08010130       0x80 f:/emblocks/2.30/share/em_armgcc/bin/../lib/gcc/arm-none-eabi/4.7.3/../../../../arm-none-eabi/lib/armv7e-m/fpu\libm_f.a(lib_a-ef_rem_pio2.o)
 .rodata.two_over_pi
                0x080101b0      0x318 f:/emblocks/2.30/share/em_armgcc/bin/../lib/gcc/arm-none-eabi/4.7.3/../../../../arm-none-eabi/lib/armv7e-m/fpu\libm_f.a(lib_a-ef_rem_pio2.o)
 .rodata.init_jk
                0x080104c8        0xc f:/emblocks/2.30/share/em_armgcc/bin/../lib/gcc/arm-none-eabi/4.7.3/../../../../arm-none-eabi/lib/armv7e-m/fpu\libm_f.a(lib_a-kf_rem_pio2.o)
 .rodata.PIo2   0x080104d4       0x2c f:/emblocks/2.30/share/em_armgcc/bin/../lib/gcc/arm-none-eabi/4.7.3/../../../../arm-none-eabi/lib/armv7e-m/fpu\libm_f.a(lib_a-kf_rem_pio2.o)
 *(.eh_frame*)
 .eh_frame      0x08010500        0x0 f:/emblocks/2.30/share/em_armgcc/bin/../lib/gcc/arm-none-eabi/4.7.3/armv7e-m/fpu/crtbegin.o
 .eh_frame      0x08010500        0x4 f:/emblocks/2.30/share/em_armgcc/bin/../lib/gcc/arm-none-eabi/4.7.3/armv7e-m/fpu/crtend.o

.glue_7         0x08010504        0x0
 .glue_7        0x00000000        0x0 linker stubs

.glue_7t        0x08010504        0x0
 .glue_7t       0x00000000        0x0 linker stubs

.vfp11_veneer   0x08010504        0x0
 .vfp11_veneer  0x00000000        0x0 linker stubs

.v4_bx          0x08010504        0x0
 .v4_bx         0x00000000        0x0 linker stubs

.iplt           0x08010504        0x0
 .iplt          0x00000000        0x0 f:/emblocks/2.30/share/em_armgcc/bin/../lib/gcc/arm-none-eabi/4.7.3/armv7e-m/fpu/crtbegin.o

.ARM.extab
 *(.ARM.extab* .gnu.linkonce.armextab.*)
                0x08010504                __exidx_start = .

.ARM.exidx      0x08010504        0x8
 *(.ARM.exidx* .gnu.linkonce.armexidx.*)
 .ARM.exidx     0x08010504        0x8 f:/emblocks/2.30/share/em_armgcc/bin/../lib/gcc/arm-none-eabi/4.7.3/../../../../arm-none-eabi/lib/armv7e-m/fpu/rdimon-crt0.o
                0x0801050c                __exidx_end = .
                0x0801050c                __etext = .

.rel.dyn        0x0801050c        0x0
 .rel.iplt      0x00000000        0x0 f:/emblocks/2.30/share/em_armgcc/bin/../lib/gcc/arm-none-eabi/4.7.3/armv7e-m/fpu/crtbegin.o

.data           0x20000000      0xd6c load address 0x0801050c
                0x20000000                __data_start__ = .
 *(vtable)
 *(.data*)
 .data          0x20000000      0x110 f:/emblocks/2.30/share/em_armgcc/bin/../lib/gcc/arm-none-eabi/4.7.3/../../../../arm-none-eabi/lib/armv7e-m/fpu/rdimon-crt0.o
                0x20000008                __stack_base__
 .data.PWM_CCR  0x20000110       0x28 obj\debug\board\board.o
                0x20000110                PWM_CCR
 .data.PWM_DIR  0x20000138       0x28 obj\debug\board\board.o
                0x20000138                PWM_DIR
 .data.GENERAL_PIN
                0x20000160       0x28 obj\debug\board\board.o
                0x20000160                GENERAL_PIN
 .data.EXTI_PIN
                0x20000188       0x28 obj\debug\board\board.o
                0x20000188                EXTI_PIN
 .data.V12_PIN  0x200001b0       0x18 obj\debug\board\board.o
                0x200001b0                V12_PIN
 .data.dmaData  0x200001c8       0x24 obj\debug\board\usart.o
                0x200001c8                dmaData
 .data.encData  0x200001ec       0x1c obj\debug\board\usart.o
                0x200001ec                encData
 .data.usbd_cdc_CfgDesc
                0x20000208       0x44 obj\debug\library\cdc\src\usbd_cdc_core.o
                0x20000208                usbd_cdc_CfgDesc
 .data.cdcCmd   0x2000024c        0x4 obj\debug\library\cdc\src\usbd_cdc_core.o
 .data.USBD_CDC_cb
                0x20000250       0x2c obj\debug\library\cdc\src\usbd_cdc_core.o
                0x20000250                USBD_CDC_cb
 .data.USBD_DCD_INT_cb
                0x2000027c       0x2c obj\debug\library\core\src\usbd_core.o
                0x2000027c                USBD_DCD_INT_cb
 .data.USBD_DCD_INT_fops
                0x200002a8        0x4 obj\debug\library\core\src\usbd_core.o
                0x200002a8                USBD_DCD_INT_fops
 .data.inCommand
                0x200002ac        0x8 obj\debug\robot\communication.o
                0x200002ac                inCommand
 .data.receiveBufferStart
                0x200002b4        0x4 obj\debug\robot\dynamixel_control.o
                0x200002b4                receiveBufferStart
 .data.receiveBufferEnd
                0x200002b8        0x4 obj\debug\robot\dynamixel_control.o
                0x200002b8                receiveBufferEnd
 .data.points   0x200002bc      0x4b0 obj\debug\robot\regulator.o
                0x200002bc                points
 .data.normalVelFast
                0x2000076c       0x14 obj\debug\robot\regulator.o
                0x2000076c                normalVelFast
 .data.stopVelFast
                0x20000780       0x14 obj\debug\robot\regulator.o
                0x20000780                stopVelFast
 .data.standVelFast
                0x20000794       0x14 obj\debug\robot\regulator.o
                0x20000794                standVelFast
 .data.normalVelSlow
                0x200007a8       0x14 obj\debug\robot\regulator.o
                0x200007a8                normalVelSlow
 .data.stopVelSlow
                0x200007bc       0x14 obj\debug\robot\regulator.o
                0x200007bc                stopVelSlow
 .data.standVelSlow
                0x200007d0       0x14 obj\debug\robot\regulator.o
                0x200007d0                standVelSlow
 .data.normalRotFast
                0x200007e4       0x14 obj\debug\robot\regulator.o
                0x200007e4                normalRotFast
 .data.stopRotFast
                0x200007f8       0x14 obj\debug\robot\regulator.o
                0x200007f8                stopRotFast
 .data.standRotFast
                0x2000080c       0x14 obj\debug\robot\regulator.o
                0x2000080c                standRotFast
 .data.normalRotSlow
                0x20000820       0x14 obj\debug\robot\regulator.o
                0x20000820                normalRotSlow
 .data.stopRotSlow
                0x20000834       0x14 obj\debug\robot\regulator.o
                0x20000834                stopRotSlow
 .data.standRotSlow
                0x20000848       0x14 obj\debug\robot\regulator.o
                0x20000848                standRotSlow
 .data.speedType
                0x2000085c       0x18 obj\debug\robot\regulator.o
                0x2000085c                speedType
 .data.rotType  0x20000874       0x18 obj\debug\robot\regulator.o
                0x20000874                rotType
 .data.curState
                0x2000088c        0x8 obj\debug\robot\robot.o
                0x2000088c                curState
 .data.WHEELS   0x20000894        0x4 obj\debug\robot\robot.o
                0x20000894                WHEELS
 .data.linecoding
                0x20000898        0x8 obj\debug\usb app\usbd_cdc_vcp.o
                0x20000898                linecoding
 .data.VCP_fops
                0x200008a0       0x14 obj\debug\usb app\usbd_cdc_vcp.o
                0x200008a0                VCP_fops
 .data.USR_desc
                0x200008b4       0x1c obj\debug\usb app\usbd_desc.o
                0x200008b4                USR_desc
 .data.USBD_DeviceDesc
                0x200008d0       0x14 obj\debug\usb app\usbd_desc.o
                0x200008d0                USBD_DeviceDesc
 .data.USBD_LangIDDesc
                0x200008e4        0x4 obj\debug\usb app\usbd_desc.o
                0x200008e4                USBD_LangIDDesc
 .data.USBD_StringSerial
                0x200008e8       0x1c obj\debug\usb app\usbd_desc.o
                0x200008e8                USBD_StringSerial
 .data.USR_cb   0x20000904       0x1c obj\debug\usb app\usbd_usr.o
                0x20000904                USR_cb
 .data.APBAHBPrescTable
                0x20000920       0x10 obj\debug\spl\src\stm32f4xx_rcc.o
 .data.impure_data
                0x20000930      0x428 f:/emblocks/2.30/share/em_armgcc/bin/../lib/gcc/arm-none-eabi/4.7.3/../../../../arm-none-eabi/lib/armv7e-m/fpu\libc_f.a(lib_a-impure.o)
 .data._impure_ptr
                0x20000d58        0x4 f:/emblocks/2.30/share/em_armgcc/bin/../lib/gcc/arm-none-eabi/4.7.3/../../../../arm-none-eabi/lib/armv7e-m/fpu\libc_f.a(lib_a-impure.o)
                0x20000d58                _impure_ptr
 .data.__fdlib_version
                0x20000d5c        0x1 f:/emblocks/2.30/share/em_armgcc/bin/../lib/gcc/arm-none-eabi/4.7.3/../../../../arm-none-eabi/lib/armv7e-m/fpu\libm_f.a(lib_a-s_lib_ver.o)
                0x20000d5c                __fdlib_version
                0x20000d60                . = ALIGN (0x4)
 *fill*         0x20000d5d        0x3 
                0x20000d60                PROVIDE (__preinit_array_start, .)
 *(.preinit_array)
                0x20000d60                PROVIDE (__preinit_array_end, .)
                0x20000d60                . = ALIGN (0x4)
                0x20000d60                PROVIDE (__init_array_start, .)
 *(SORT(.init_array.*))
 .init_array.00000
                0x20000d60        0x4 f:/emblocks/2.30/share/em_armgcc/bin/../lib/gcc/arm-none-eabi/4.7.3/../../../../arm-none-eabi/lib/armv7e-m/fpu\libc_f.a(lib_a-__call_atexit.o)
 *(.init_array)
 .init_array    0x20000d64        0x4 f:/emblocks/2.30/share/em_armgcc/bin/../lib/gcc/arm-none-eabi/4.7.3/armv7e-m/fpu/crtbegin.o
                0x20000d68                PROVIDE (__init_array_end, .)
                0x20000d68                . = ALIGN (0x4)
                0x20000d68                PROVIDE (__fini_array_start, .)
 *(SORT(.fini_array.*))
 *(.fini_array)
 .fini_array    0x20000d68        0x4 f:/emblocks/2.30/share/em_armgcc/bin/../lib/gcc/arm-none-eabi/4.7.3/armv7e-m/fpu/crtbegin.o
                0x20000d6c                PROVIDE (__fini_array_end, .)
                0x20000d6c                . = ALIGN (0x4)
                0x20000d6c                __data_end__ = .

.jcr            0x20000d6c        0x0 load address 0x08011278
 .jcr           0x20000d6c        0x0 f:/emblocks/2.30/share/em_armgcc/bin/../lib/gcc/arm-none-eabi/4.7.3/armv7e-m/fpu/crtbegin.o

.igot.plt       0x20000d6c        0x0 load address 0x08011278
 .igot.plt      0x00000000        0x0 f:/emblocks/2.30/share/em_armgcc/bin/../lib/gcc/arm-none-eabi/4.7.3/armv7e-m/fpu/crtbegin.o

.bss            0x20000d6c     0x1484 load address 0x08011278
                0x20000d6c                __bss_start__ = .
 *(.bss*)
 .bss           0x20000d6c       0x1c f:/emblocks/2.30/share/em_armgcc/bin/../lib/gcc/arm-none-eabi/4.7.3/armv7e-m/fpu/crtbegin.o
 .bss.int_cnt   0x20000d88        0x2 obj\debug\board\interrupts.o
                0x20000d88                int_cnt
 *fill*         0x20000d8a        0x2 
 .bss.usbd_cdc_AltSet
                0x20000d8c        0x4 obj\debug\library\cdc\src\usbd_cdc_core.o
 .bss.APP_Rx_ptr_in
                0x20000d90        0x4 obj\debug\library\cdc\src\usbd_cdc_core.o
                0x20000d90                APP_Rx_ptr_in
 .bss.APP_Rx_ptr_out
                0x20000d94        0x4 obj\debug\library\cdc\src\usbd_cdc_core.o
                0x20000d94                APP_Rx_ptr_out
 .bss.APP_Rx_length
                0x20000d98        0x4 obj\debug\library\cdc\src\usbd_cdc_core.o
                0x20000d98                APP_Rx_length
 .bss.USB_Tx_State
                0x20000d9c        0x1 obj\debug\library\cdc\src\usbd_cdc_core.o
                0x20000d9c                USB_Tx_State
 *fill*         0x20000d9d        0x3 
 .bss.cdcLen    0x20000da0        0x4 obj\debug\library\cdc\src\usbd_cdc_core.o
 .bss.FrameCount.8664
                0x20000da4        0x4 obj\debug\library\cdc\src\usbd_cdc_core.o
 .bss.USBD_ep_status
                0x20000da8        0x4 obj\debug\library\core\src\usbd_req.o
                0x20000da8                USBD_ep_status
 .bss.USBD_default_cfg
                0x20000dac        0x4 obj\debug\library\core\src\usbd_req.o
                0x20000dac                USBD_default_cfg
 .bss.USBD_cfg_status
                0x20000db0        0x4 obj\debug\library\core\src\usbd_req.o
                0x20000db0                USBD_cfg_status
 .bss.cfgidx.8673
                0x20000db4        0x1 obj\debug\library\core\src\usbd_req.o
 .bss.servoErrorCode
                0x20000db5        0x1 obj\debug\robot\dynamixel_control.o
                0x20000db5                servoErrorCode
 *fill*         0x20000db6        0x2 
 .bss.regulatorOut
                0x20000db8       0x10 obj\debug\robot\regulator.o
                0x20000db8                regulatorOut
 .bss.vTargetGlob
                0x20000dc8        0xc obj\debug\robot\regulator.o
                0x20000dc8                vTargetGlob
 .bss.totalPointComplite
                0x20000dd4        0x2 obj\debug\robot\regulator.o
                0x20000dd4                totalPointComplite
 .bss.lastPoint
                0x20000dd6        0x1 obj\debug\robot\regulator.o
                0x20000dd6                lastPoint
 *fill*         0x20000dd7        0x1 
 .bss.robotCoord
                0x20000dd8        0xc obj\debug\robot\robot.o
                0x20000dd8                robotCoord
 .bss.robotSpeed
                0x20000de4        0xc obj\debug\robot\robot.o
                0x20000de4                robotSpeed
 .bss.monitor_stdout
                0x20000df0        0x4 f:/emblocks/2.30/share/em_armgcc/bin/../lib/gcc/arm-none-eabi/4.7.3/../../../../arm-none-eabi/lib/armv7e-m/fpu\librdimon.a(rdimon-syscalls.o)
 .bss.monitor_stdin
                0x20000df4        0x4 f:/emblocks/2.30/share/em_armgcc/bin/../lib/gcc/arm-none-eabi/4.7.3/../../../../arm-none-eabi/lib/armv7e-m/fpu\librdimon.a(rdimon-syscalls.o)
 .bss.monitor_stderr
                0x20000df8        0x4 f:/emblocks/2.30/share/em_armgcc/bin/../lib/gcc/arm-none-eabi/4.7.3/../../../../arm-none-eabi/lib/armv7e-m/fpu\librdimon.a(rdimon-syscalls.o)
 .bss.openfiles
                0x20000dfc       0xa0 f:/emblocks/2.30/share/em_armgcc/bin/../lib/gcc/arm-none-eabi/4.7.3/../../../../arm-none-eabi/lib/armv7e-m/fpu\librdimon.a(rdimon-syscalls.o)
 *(COMMON)
 COMMON         0x20000e9c       0x80 obj\debug\board\adc.o
                0x20000e9c                param
                0x20000eba                dataIndex
                0x20000ebc                outData
                0x20000edc                inData
 COMMON         0x20000f1c       0x30 obj\debug\board\board.o
                0x20000f1c                extiFlag
                0x20000f20                pinType
                0x20000f2c                extiType
                0x20000f38                adcData
 COMMON         0x20000f4c        0x3 obj\debug\board\interrupts.o
                0x20000f4c                traceFlag
                0x20000f4d                endFlag
                0x20000f4e                movFlag
 *fill*         0x20000f4f        0x1 
 COMMON         0x20000f50       0xd0 obj\debug\board\usart.o
                0x20000f50                usart1Data
                0x20000f58                Buffer
 COMMON         0x20001020      0x88c obj\debug\library\cdc\src\usbd_cdc_core.o
                0x20001020                usbd_cdc_OtherCfgDesc
                0x20001064                USB_Rx_Buffer
                0x200010a4                CmdBuff
                0x200010ac                APP_Rx_Buffer
 COMMON         0x200018ac        0x4 obj\debug\library\core\src\usbd_core.o
                0x200018ac                SET_TEST_MODE
 COMMON         0x200018b0       0x48 obj\debug\robot\dynamixel_control.o
                0x200018b0                response
                0x200018d8                receiveBuffer
 COMMON         0x200018f8      0x1bc obj\debug\robot\regulator.o
                0x200018f8                curPath
                0x20001934                ortoPos
                0x20001974                wheelsPidStruct
                0x20001a74                radSpeed
 COMMON         0x20001ab4       0x32 obj\debug\robot\robot.o
                0x20001ab4                motorSpeed
                0x20001ac4                distanceFromIR
                0x20001ac8                outEnc
                0x20001ae0                distance_digital2
 *fill*         0x20001ae6        0x2 
 COMMON         0x20001ae8       0x10 obj\debug\usb app\usbd_cdc_vcp.o
                0x20001ae8                USART_InitStructure
 COMMON         0x20001af8       0xff obj\debug\usb app\usbd_desc.o
                0x20001af8                USBD_StrDesc
 *fill*         0x20001bf7        0x1 
 COMMON         0x20001bf8      0x5f8 obj\debug\src\main.o
                0x20001bf8                mode
                0x20001bfc                USB_OTG_dev
                0x200021f0                __bss_end__ = .

.heap           0x200021f0        0x0
                0x200021f0                __end__ = .
                0x200021f0                end = __end__
 *(.heap*)
 .heap          0x200021f0        0x0 obj\debug\src\startup_stm32f4xx.o
                0x200021f0                __HeapLimit = .

.stack_dummy    0x200021f0      0x100
 *(.stack)
 .stack         0x200021f0      0x100 obj\debug\src\startup_stm32f4xx.o
                0x20020000                __StackTop = (ORIGIN (RAM) + 0x20000)
                0x2001ff00                __StackLimit = (__StackTop - SIZEOF (.stack_dummy))
                0x20020000                PROVIDE (__stack, __StackTop)
                0x00000001                ASSERT ((__StackLimit >= __HeapLimit), region RAM overflowed with stack)
LOAD obj\debug\board\adc.o
LOAD obj\debug\board\board.o
LOAD obj\debug\board\interrupts.o
LOAD obj\debug\board\tim.o
LOAD obj\debug\board\usart.o
LOAD obj\debug\library\cdc\src\usbd_cdc_core.o
LOAD obj\debug\library\core\src\usb_core.o
LOAD obj\debug\library\core\src\usb_dcd.o
LOAD obj\debug\library\core\src\usb_dcd_int.o
LOAD obj\debug\library\core\src\usbd_core.o
LOAD obj\debug\library\core\src\usbd_ioreq.o
LOAD obj\debug\library\core\src\usbd_req.o
LOAD obj\debug\robot\communication.o
LOAD obj\debug\robot\dynamixel_control.o
LOAD obj\debug\robot\kinematics.o
LOAD obj\debug\robot\manipulators.o
LOAD obj\debug\robot\path.o
LOAD obj\debug\robot\regulator.o
LOAD obj\debug\robot\matrix.o
LOAD obj\debug\robot\robot.o
LOAD obj\debug\usb app\stm32fxxx_it.o
LOAD obj\debug\usb app\usb_bsp.o
LOAD obj\debug\usb app\usbd_cdc_vcp.o
LOAD obj\debug\usb app\usbd_desc.o
LOAD obj\debug\usb app\usbd_usr.o
LOAD obj\debug\spl\src\misc.o
LOAD obj\debug\spl\src\stm32f4xx_adc.o
LOAD obj\debug\spl\src\stm32f4xx_can.o
LOAD obj\debug\spl\src\stm32f4xx_cec.o
LOAD obj\debug\spl\src\stm32f4xx_crc.o
LOAD obj\debug\spl\src\stm32f4xx_cryp.o
LOAD obj\debug\spl\src\stm32f4xx_cryp_aes.o
LOAD obj\debug\spl\src\stm32f4xx_cryp_des.o
LOAD obj\debug\spl\src\stm32f4xx_cryp_tdes.o
LOAD obj\debug\spl\src\stm32f4xx_dac.o
LOAD obj\debug\spl\src\stm32f4xx_dbgmcu.o
LOAD obj\debug\spl\src\stm32f4xx_dcmi.o
LOAD obj\debug\spl\src\stm32f4xx_dma.o
LOAD obj\debug\spl\src\stm32f4xx_dma2d.o
LOAD obj\debug\spl\src\stm32f4xx_dsi.o
LOAD obj\debug\spl\src\stm32f4xx_exti.o
LOAD obj\debug\spl\src\stm32f4xx_gpio.o
LOAD obj\debug\spl\src\stm32f4xx_hash.o
LOAD obj\debug\spl\src\stm32f4xx_hash_md5.o
LOAD obj\debug\spl\src\stm32f4xx_hash_sha1.o
LOAD obj\debug\spl\src\stm32f4xx_i2c.o
LOAD obj\debug\spl\src\stm32f4xx_iwdg.o
LOAD obj\debug\spl\src\stm32f4xx_lptim.o
LOAD obj\debug\spl\src\stm32f4xx_ltdc.o
LOAD obj\debug\spl\src\stm32f4xx_pwr.o
LOAD obj\debug\spl\src\stm32f4xx_qspi.o
LOAD obj\debug\spl\src\stm32f4xx_rcc.o
LOAD obj\debug\spl\src\stm32f4xx_rng.o
LOAD obj\debug\spl\src\stm32f4xx_rtc.o
LOAD obj\debug\spl\src\stm32f4xx_sai.o
LOAD obj\debug\spl\src\stm32f4xx_sdio.o
LOAD obj\debug\spl\src\stm32f4xx_spdifrx.o
LOAD obj\debug\spl\src\stm32f4xx_spi.o
LOAD obj\debug\spl\src\stm32f4xx_syscfg.o
LOAD obj\debug\spl\src\stm32f4xx_tim.o
LOAD obj\debug\spl\src\stm32f4xx_usart.o
LOAD obj\debug\spl\src\stm32f4xx_wwdg.o
LOAD obj\debug\src\main.o
LOAD obj\debug\src\startup_stm32f4xx.o
LOAD obj\debug\src\system_stm32f4xx.o
LOAD f:/emblocks/2.30/share/em_armgcc/bin/../lib/gcc/arm-none-eabi/4.7.3/../../../../arm-none-eabi/lib/armv7e-m/fpu\librdimon.a
START GROUP
LOAD f:/emblocks/2.30/share/em_armgcc/bin/../lib/gcc/arm-none-eabi/4.7.3/armv7e-m/fpu\libgcc.a
LOAD f:/emblocks/2.30/share/em_armgcc/bin/../lib/gcc/arm-none-eabi/4.7.3/../../../../arm-none-eabi/lib/armv7e-m/fpu\libc_f.a
LOAD f:/emblocks/2.30/share/em_armgcc/bin/../lib/gcc/arm-none-eabi/4.7.3/../../../../arm-none-eabi/lib/armv7e-m/fpu\libg_f.a
LOAD f:/emblocks/2.30/share/em_armgcc/bin/../lib/gcc/arm-none-eabi/4.7.3/../../../../arm-none-eabi/lib/armv7e-m/fpu\libm_f.a
LOAD f:/emblocks/2.30/share/em_armgcc/bin/../lib/gcc/arm-none-eabi/4.7.3/../../../../arm-none-eabi/lib/armv7e-m/fpu\libnosys_f.a
END GROUP
LOAD f:/emblocks/2.30/share/em_armgcc/bin/../lib/gcc/arm-none-eabi/4.7.3/armv7e-m/fpu/crtend.o
LOAD f:/emblocks/2.30/share/em_armgcc/bin/../lib/gcc/arm-none-eabi/4.7.3/armv7e-m/fpu/crtn.o
OUTPUT(bin\Debug\Robot_V2.elf elf32-littlearm)

.ARM.attributes
                0x00000000       0x30
 .ARM.attributes
                0x00000000       0x22 f:/emblocks/2.30/share/em_armgcc/bin/../lib/gcc/arm-none-eabi/4.7.3/armv7e-m/fpu/crti.o
 .ARM.attributes
                0x00000022       0x34 f:/emblocks/2.30/share/em_armgcc/bin/../lib/gcc/arm-none-eabi/4.7.3/armv7e-m/fpu/crtbegin.o
 .ARM.attributes
                0x00000056       0x20 f:/emblocks/2.30/share/em_armgcc/bin/../lib/gcc/arm-none-eabi/4.7.3/../../../../arm-none-eabi/lib/armv7e-m/fpu/rdimon-crt0.o
 .ARM.attributes
                0x00000076       0x39 obj\debug\board\adc.o
 .ARM.attributes
                0x000000af       0x39 obj\debug\board\board.o
 .ARM.attributes
                0x000000e8       0x39 obj\debug\board\interrupts.o
 .ARM.attributes
                0x00000121       0x39 obj\debug\board\tim.o
 .ARM.attributes
                0x0000015a       0x39 obj\debug\board\usart.o
 .ARM.attributes
                0x00000193       0x39 obj\debug\library\cdc\src\usbd_cdc_core.o
 .ARM.attributes
                0x000001cc       0x39 obj\debug\library\core\src\usb_core.o
 .ARM.attributes
                0x00000205       0x39 obj\debug\library\core\src\usb_dcd.o
 .ARM.attributes
                0x0000023e       0x39 obj\debug\library\core\src\usb_dcd_int.o
 .ARM.attributes
                0x00000277       0x39 obj\debug\library\core\src\usbd_core.o
 .ARM.attributes
                0x000002b0       0x39 obj\debug\library\core\src\usbd_ioreq.o
 .ARM.attributes
                0x000002e9       0x39 obj\debug\library\core\src\usbd_req.o
 .ARM.attributes
                0x00000322       0x39 obj\debug\robot\communication.o
 .ARM.attributes
                0x0000035b       0x39 obj\debug\robot\dynamixel_control.o
 .ARM.attributes
                0x00000394       0x39 obj\debug\robot\manipulators.o
 .ARM.attributes
                0x000003cd       0x39 obj\debug\robot\regulator.o
 .ARM.attributes
                0x00000406       0x39 obj\debug\robot\matrix.o
 .ARM.attributes
                0x0000043f       0x39 obj\debug\robot\robot.o
 .ARM.attributes
                0x00000478       0x39 obj\debug\usb app\stm32fxxx_it.o
 .ARM.attributes
                0x000004b1       0x39 obj\debug\usb app\usb_bsp.o
 .ARM.attributes
                0x000004ea       0x39 obj\debug\usb app\usbd_cdc_vcp.o
 .ARM.attributes
                0x00000523       0x39 obj\debug\usb app\usbd_desc.o
 .ARM.attributes
                0x0000055c       0x39 obj\debug\usb app\usbd_usr.o
 .ARM.attributes
                0x00000595       0x39 obj\debug\spl\src\misc.o
 .ARM.attributes
                0x000005ce       0x39 obj\debug\spl\src\stm32f4xx_gpio.o
 .ARM.attributes
                0x00000607       0x39 obj\debug\spl\src\stm32f4xx_rcc.o
 .ARM.attributes
                0x00000640       0x39 obj\debug\spl\src\stm32f4xx_usart.o
 .ARM.attributes
                0x00000679       0x39 obj\debug\src\main.o
 .ARM.attributes
                0x000006b2       0x1f obj\debug\src\startup_stm32f4xx.o
 .ARM.attributes
                0x000006d1       0x39 obj\debug\src\system_stm32f4xx.o
 .ARM.attributes
                0x0000070a       0x34 f:/emblocks/2.30/share/em_armgcc/bin/../lib/gcc/arm-none-eabi/4.7.3/../../../../arm-none-eabi/lib/armv7e-m/fpu\librdimon.a(rdimon-syscalls.o)
 .ARM.attributes
                0x0000073e       0x22 f:/emblocks/2.30/share/em_armgcc/bin/../lib/gcc/arm-none-eabi/4.7.3/armv7e-m/fpu\libgcc.a(_arm_addsubdf3.o)
 .ARM.attributes
                0x00000760       0x22 f:/emblocks/2.30/share/em_armgcc/bin/../lib/gcc/arm-none-eabi/4.7.3/armv7e-m/fpu\libgcc.a(_arm_muldivdf3.o)
 .ARM.attributes
                0x00000782       0x22 f:/emblocks/2.30/share/em_armgcc/bin/../lib/gcc/arm-none-eabi/4.7.3/armv7e-m/fpu\libgcc.a(_arm_cmpdf2.o)
 .ARM.attributes
                0x000007a4       0x22 f:/emblocks/2.30/share/em_armgcc/bin/../lib/gcc/arm-none-eabi/4.7.3/armv7e-m/fpu\libgcc.a(_arm_fixdfsi.o)
 .ARM.attributes
                0x000007c6       0x22 f:/emblocks/2.30/share/em_armgcc/bin/../lib/gcc/arm-none-eabi/4.7.3/armv7e-m/fpu\libgcc.a(_arm_fixunsdfsi.o)
 .ARM.attributes
                0x000007e8       0x22 f:/emblocks/2.30/share/em_armgcc/bin/../lib/gcc/arm-none-eabi/4.7.3/armv7e-m/fpu\libgcc.a(_arm_truncdfsf2.o)
 .ARM.attributes
                0x0000080a       0x30 f:/emblocks/2.30/share/em_armgcc/bin/../lib/gcc/arm-none-eabi/4.7.3/../../../../arm-none-eabi/lib/armv7e-m/fpu\libc_f.a(lib_a-errno.o)
 .ARM.attributes
                0x0000083a       0x30 f:/emblocks/2.30/share/em_armgcc/bin/../lib/gcc/arm-none-eabi/4.7.3/../../../../arm-none-eabi/lib/armv7e-m/fpu\libc_f.a(lib_a-exit.o)
 .ARM.attributes
                0x0000086a       0x30 f:/emblocks/2.30/share/em_armgcc/bin/../lib/gcc/arm-none-eabi/4.7.3/../../../../arm-none-eabi/lib/armv7e-m/fpu\libc_f.a(lib_a-impure.o)
 .ARM.attributes
                0x0000089a       0x30 f:/emblocks/2.30/share/em_armgcc/bin/../lib/gcc/arm-none-eabi/4.7.3/../../../../arm-none-eabi/lib/armv7e-m/fpu\libc_f.a(lib_a-init.o)
 .ARM.attributes
                0x000008ca       0x20 f:/emblocks/2.30/share/em_armgcc/bin/../lib/gcc/arm-none-eabi/4.7.3/../../../../arm-none-eabi/lib/armv7e-m/fpu\libc_f.a(lib_a-memcpy.o)
 .ARM.attributes
                0x000008ea       0x30 f:/emblocks/2.30/share/em_armgcc/bin/../lib/gcc/arm-none-eabi/4.7.3/../../../../arm-none-eabi/lib/armv7e-m/fpu\libc_f.a(lib_a-memset.o)
 .ARM.attributes
                0x0000091a       0x30 f:/emblocks/2.30/share/em_armgcc/bin/../lib/gcc/arm-none-eabi/4.7.3/../../../../arm-none-eabi/lib/armv7e-m/fpu\libc_f.a(lib_a-strlen.o)
 .ARM.attributes
                0x0000094a       0x30 f:/emblocks/2.30/share/em_armgcc/bin/../lib/gcc/arm-none-eabi/4.7.3/../../../../arm-none-eabi/lib/armv7e-m/fpu\libc_f.a(lib_a-__call_atexit.o)
 .ARM.attributes
                0x0000097a       0x30 f:/emblocks/2.30/share/em_armgcc/bin/../lib/gcc/arm-none-eabi/4.7.3/../../../../arm-none-eabi/lib/armv7e-m/fpu\libc_f.a(lib_a-atexit.o)
 .ARM.attributes
                0x000009aa       0x30 f:/emblocks/2.30/share/em_armgcc/bin/../lib/gcc/arm-none-eabi/4.7.3/../../../../arm-none-eabi/lib/armv7e-m/fpu\libc_f.a(lib_a-fini.o)
 .ARM.attributes
                0x000009da       0x30 f:/emblocks/2.30/share/em_armgcc/bin/../lib/gcc/arm-none-eabi/4.7.3/../../../../arm-none-eabi/lib/armv7e-m/fpu\libc_f.a(lib_a-__atexit.o)
 .ARM.attributes
                0x00000a0a       0x30 f:/emblocks/2.30/share/em_armgcc/bin/../lib/gcc/arm-none-eabi/4.7.3/../../../../arm-none-eabi/lib/armv7e-m/fpu\libm_f.a(lib_a-s_atan.o)
 .ARM.attributes
                0x00000a3a       0x30 f:/emblocks/2.30/share/em_armgcc/bin/../lib/gcc/arm-none-eabi/4.7.3/../../../../arm-none-eabi/lib/armv7e-m/fpu\libm_f.a(lib_a-s_fabs.o)
 .ARM.attributes
                0x00000a6a       0x30 f:/emblocks/2.30/share/em_armgcc/bin/../lib/gcc/arm-none-eabi/4.7.3/../../../../arm-none-eabi/lib/armv7e-m/fpu\libm_f.a(lib_a-sf_cos.o)
 .ARM.attributes
                0x00000a9a       0x30 f:/emblocks/2.30/share/em_armgcc/bin/../lib/gcc/arm-none-eabi/4.7.3/../../../../arm-none-eabi/lib/armv7e-m/fpu\libm_f.a(lib_a-sf_fabs.o)
 .ARM.attributes
                0x00000aca       0x30 f:/emblocks/2.30/share/em_armgcc/bin/../lib/gcc/arm-none-eabi/4.7.3/../../../../arm-none-eabi/lib/armv7e-m/fpu\libm_f.a(lib_a-sf_sin.o)
 .ARM.attributes
                0x00000afa       0x30 f:/emblocks/2.30/share/em_armgcc/bin/../lib/gcc/arm-none-eabi/4.7.3/../../../../arm-none-eabi/lib/armv7e-m/fpu\libm_f.a(lib_a-w_fmod.o)
 .ARM.attributes
                0x00000b2a       0x30 f:/emblocks/2.30/share/em_armgcc/bin/../lib/gcc/arm-none-eabi/4.7.3/../../../../arm-none-eabi/lib/armv7e-m/fpu\libm_f.a(lib_a-w_sqrt.o)
 .ARM.attributes
                0x00000b5a       0x30 f:/emblocks/2.30/share/em_armgcc/bin/../lib/gcc/arm-none-eabi/4.7.3/../../../../arm-none-eabi/lib/armv7e-m/fpu\libm_f.a(lib_a-wf_sqrt.o)
 .ARM.attributes
                0x00000b8a       0x30 f:/emblocks/2.30/share/em_armgcc/bin/../lib/gcc/arm-none-eabi/4.7.3/../../../../arm-none-eabi/lib/armv7e-m/fpu\libm_f.a(lib_a-e_fmod.o)
 .ARM.attributes
                0x00000bba       0x30 f:/emblocks/2.30/share/em_armgcc/bin/../lib/gcc/arm-none-eabi/4.7.3/../../../../arm-none-eabi/lib/armv7e-m/fpu\libm_f.a(lib_a-e_sqrt.o)
 .ARM.attributes
                0x00000bea       0x30 f:/emblocks/2.30/share/em_armgcc/bin/../lib/gcc/arm-none-eabi/4.7.3/../../../../arm-none-eabi/lib/armv7e-m/fpu\libm_f.a(lib_a-ef_rem_pio2.o)
 .ARM.attributes
                0x00000c1a       0x30 f:/emblocks/2.30/share/em_armgcc/bin/../lib/gcc/arm-none-eabi/4.7.3/../../../../arm-none-eabi/lib/armv7e-m/fpu\libm_f.a(lib_a-ef_sqrt.o)
 .ARM.attributes
                0x00000c4a       0x30 f:/emblocks/2.30/share/em_armgcc/bin/../lib/gcc/arm-none-eabi/4.7.3/../../../../arm-none-eabi/lib/armv7e-m/fpu\libm_f.a(lib_a-kf_cos.o)
 .ARM.attributes
                0x00000c7a       0x30 f:/emblocks/2.30/share/em_armgcc/bin/../lib/gcc/arm-none-eabi/4.7.3/../../../../arm-none-eabi/lib/armv7e-m/fpu\libm_f.a(lib_a-kf_rem_pio2.o)
 .ARM.attributes
                0x00000caa       0x30 f:/emblocks/2.30/share/em_armgcc/bin/../lib/gcc/arm-none-eabi/4.7.3/../../../../arm-none-eabi/lib/armv7e-m/fpu\libm_f.a(lib_a-kf_sin.o)
 .ARM.attributes
                0x00000cda       0x30 f:/emblocks/2.30/share/em_armgcc/bin/../lib/gcc/arm-none-eabi/4.7.3/../../../../arm-none-eabi/lib/armv7e-m/fpu\libm_f.a(lib_a-s_fpclassify.o)
 .ARM.attributes
                0x00000d0a       0x30 f:/emblocks/2.30/share/em_armgcc/bin/../lib/gcc/arm-none-eabi/4.7.3/../../../../arm-none-eabi/lib/armv7e-m/fpu\libm_f.a(lib_a-s_lib_ver.o)
 .ARM.attributes
                0x00000d3a       0x30 f:/emblocks/2.30/share/em_armgcc/bin/../lib/gcc/arm-none-eabi/4.7.3/../../../../arm-none-eabi/lib/armv7e-m/fpu\libm_f.a(lib_a-s_matherr.o)
 .ARM.attributes
                0x00000d6a       0x30 f:/emblocks/2.30/share/em_armgcc/bin/../lib/gcc/arm-none-eabi/4.7.3/../../../../arm-none-eabi/lib/armv7e-m/fpu\libm_f.a(lib_a-sf_floor.o)
 .ARM.attributes
                0x00000d9a       0x30 f:/emblocks/2.30/share/em_armgcc/bin/../lib/gcc/arm-none-eabi/4.7.3/../../../../arm-none-eabi/lib/armv7e-m/fpu\libm_f.a(lib_a-sf_fpclassify.o)
 .ARM.attributes
                0x00000dca       0x30 f:/emblocks/2.30/share/em_armgcc/bin/../lib/gcc/arm-none-eabi/4.7.3/../../../../arm-none-eabi/lib/armv7e-m/fpu\libm_f.a(lib_a-sf_scalbn.o)
 .ARM.attributes
                0x00000dfa       0x30 f:/emblocks/2.30/share/em_armgcc/bin/../lib/gcc/arm-none-eabi/4.7.3/../../../../arm-none-eabi/lib/armv7e-m/fpu\libm_f.a(lib_a-sf_copysign.o)
 .ARM.attributes
                0x00000e2a       0x30 f:/emblocks/2.30/share/em_armgcc/bin/../lib/gcc/arm-none-eabi/4.7.3/../../../../arm-none-eabi/lib/armv7e-m/fpu\libnosys_f.a(_exit.o)
 .ARM.attributes
                0x00000e5a       0x34 f:/emblocks/2.30/share/em_armgcc/bin/../lib/gcc/arm-none-eabi/4.7.3/armv7e-m/fpu/crtend.o
 .ARM.attributes
                0x00000e8e       0x22 f:/emblocks/2.30/share/em_armgcc/bin/../lib/gcc/arm-none-eabi/4.7.3/armv7e-m/fpu/crtn.o

.comment        0x00000000       0x38
 .comment       0x00000000       0x38 obj\debug\board\adc.o
                                 0x39 (size before relaxing)
 .comment       0x00000000       0x39 obj\debug\board\board.o
 .comment       0x00000000       0x39 obj\debug\board\interrupts.o
 .comment       0x00000000       0x39 obj\debug\board\tim.o
 .comment       0x00000000       0x39 obj\debug\board\usart.o
 .comment       0x00000000       0x39 obj\debug\library\cdc\src\usbd_cdc_core.o
 .comment       0x00000000       0x39 obj\debug\library\core\src\usb_core.o
 .comment       0x00000000       0x39 obj\debug\library\core\src\usb_dcd.o
 .comment       0x00000000       0x39 obj\debug\library\core\src\usb_dcd_int.o
 .comment       0x00000000       0x39 obj\debug\library\core\src\usbd_core.o
 .comment       0x00000000       0x39 obj\debug\library\core\src\usbd_ioreq.o
 .comment       0x00000000       0x39 obj\debug\library\core\src\usbd_req.o
 .comment       0x00000000       0x39 obj\debug\robot\communication.o
 .comment       0x00000000       0x39 obj\debug\robot\dynamixel_control.o
 .comment       0x00000000       0x39 obj\debug\robot\manipulators.o
 .comment       0x00000000       0x39 obj\debug\robot\regulator.o
 .comment       0x00000000       0x39 obj\debug\robot\matrix.o
 .comment       0x00000000       0x39 obj\debug\robot\robot.o
 .comment       0x00000000       0x39 obj\debug\usb app\stm32fxxx_it.o
 .comment       0x00000000       0x39 obj\debug\usb app\usb_bsp.o
 .comment       0x00000000       0x39 obj\debug\usb app\usbd_cdc_vcp.o
 .comment       0x00000000       0x39 obj\debug\usb app\usbd_desc.o
 .comment       0x00000000       0x39 obj\debug\usb app\usbd_usr.o
 .comment       0x00000000       0x39 obj\debug\spl\src\misc.o
 .comment       0x00000000       0x39 obj\debug\spl\src\stm32f4xx_gpio.o
 .comment       0x00000000       0x39 obj\debug\spl\src\stm32f4xx_rcc.o
 .comment       0x00000000       0x39 obj\debug\spl\src\stm32f4xx_usart.o
 .comment       0x00000000       0x39 obj\debug\src\main.o
 .comment       0x00000000       0x39 obj\debug\src\system_stm32f4xx.o

.debug_info     0x00000000    0x177b1
 .debug_info    0x00000000      0x33a obj\debug\board\adc.o
 .debug_info    0x0000033a      0xbff obj\debug\board\board.o
 .debug_info    0x00000f39      0xcc6 obj\debug\board\interrupts.o
 .debug_info    0x00001bff      0x418 obj\debug\board\tim.o
 .debug_info    0x00002017      0xb96 obj\debug\board\usart.o
 .debug_info    0x00002bad     0x1077 obj\debug\library\cdc\src\usbd_cdc_core.o
 .debug_info    0x00003c24     0x27a9 obj\debug\library\core\src\usb_core.o
 .debug_info    0x000063cd     0x11df obj\debug\library\core\src\usb_dcd.o
 .debug_info    0x000075ac     0x224f obj\debug\library\core\src\usb_dcd_int.o
 .debug_info    0x000097fb     0x11e8 obj\debug\library\core\src\usbd_core.o
 .debug_info    0x0000a9e3      0xe37 obj\debug\library\core\src\usbd_ioreq.o
 .debug_info    0x0000b81a     0x1150 obj\debug\library\core\src\usbd_req.o
 .debug_info    0x0000c96a      0x345 obj\debug\robot\communication.o
 .debug_info    0x0000ccaf     0x1274 obj\debug\robot\dynamixel_control.o
 .debug_info    0x0000df23      0x600 obj\debug\robot\manipulators.o
 .debug_info    0x0000e523     0x122c obj\debug\robot\regulator.o
 .debug_info    0x0000f74f      0x83d obj\debug\robot\matrix.o
 .debug_info    0x0000ff8c     0x1444 obj\debug\robot\robot.o
 .debug_info    0x000113d0      0xce7 obj\debug\usb app\stm32fxxx_it.o
 .debug_info    0x000120b7     0x1142 obj\debug\usb app\usb_bsp.o
 .debug_info    0x000131f9      0x437 obj\debug\usb app\usbd_cdc_vcp.o
 .debug_info    0x00013630      0x488 obj\debug\usb app\usbd_desc.o
 .debug_info    0x00013ab8      0x20d obj\debug\usb app\usbd_usr.o
 .debug_info    0x00013cc5      0x5bb obj\debug\spl\src\misc.o
 .debug_info    0x00014280      0x677 obj\debug\spl\src\stm32f4xx_gpio.o
 .debug_info    0x000148f7      0xfab obj\debug\spl\src\stm32f4xx_rcc.o
 .debug_info    0x000158a2      0xa99 obj\debug\spl\src\stm32f4xx_usart.o
 .debug_info    0x0001633b      0xd9f obj\debug\src\main.o
 .debug_info    0x000170da       0x5f obj\debug\src\startup_stm32f4xx.o
 .debug_info    0x00017139      0x678 obj\debug\src\system_stm32f4xx.o

.debug_abbrev   0x00000000     0x322b
 .debug_abbrev  0x00000000       0xd6 obj\debug\board\adc.o
 .debug_abbrev  0x000000d6      0x1ed obj\debug\board\board.o
 .debug_abbrev  0x000002c3      0x1ed obj\debug\board\interrupts.o
 .debug_abbrev  0x000004b0       0xcd obj\debug\board\tim.o
 .debug_abbrev  0x0000057d      0x223 obj\debug\board\usart.o
 .debug_abbrev  0x000007a0      0x1e2 obj\debug\library\cdc\src\usbd_cdc_core.o
 .debug_abbrev  0x00000982      0x2c1 obj\debug\library\core\src\usb_core.o
 .debug_abbrev  0x00000c43      0x233 obj\debug\library\core\src\usb_dcd.o
 .debug_abbrev  0x00000e76      0x242 obj\debug\library\core\src\usb_dcd_int.o
 .debug_abbrev  0x000010b8      0x24f obj\debug\library\core\src\usbd_core.o
 .debug_abbrev  0x00001307      0x189 obj\debug\library\core\src\usbd_ioreq.o
 .debug_abbrev  0x00001490      0x27e obj\debug\library\core\src\usbd_req.o
 .debug_abbrev  0x0000170e      0x17e obj\debug\robot\communication.o
 .debug_abbrev  0x0000188c      0x27c obj\debug\robot\dynamixel_control.o
 .debug_abbrev  0x00001b08      0x204 obj\debug\robot\manipulators.o
 .debug_abbrev  0x00001d0c      0x1fe obj\debug\robot\regulator.o
 .debug_abbrev  0x00001f0a      0x16d obj\debug\robot\matrix.o
 .debug_abbrev  0x00002077      0x190 obj\debug\robot\robot.o
 .debug_abbrev  0x00002207      0x14f obj\debug\usb app\stm32fxxx_it.o
 .debug_abbrev  0x00002356      0x1eb obj\debug\usb app\usb_bsp.o
 .debug_abbrev  0x00002541      0x1a5 obj\debug\usb app\usbd_cdc_vcp.o
 .debug_abbrev  0x000026e6      0x17f obj\debug\usb app\usbd_desc.o
 .debug_abbrev  0x00002865       0xe4 obj\debug\usb app\usbd_usr.o
 .debug_abbrev  0x00002949      0x12e obj\debug\spl\src\misc.o
 .debug_abbrev  0x00002a77      0x1aa obj\debug\spl\src\stm32f4xx_gpio.o
 .debug_abbrev  0x00002c21      0x1c1 obj\debug\spl\src\stm32f4xx_rcc.o
 .debug_abbrev  0x00002de2      0x15c obj\debug\spl\src\stm32f4xx_usart.o
 .debug_abbrev  0x00002f3e      0x19c obj\debug\src\main.o
 .debug_abbrev  0x000030da       0x14 obj\debug\src\startup_stm32f4xx.o
 .debug_abbrev  0x000030ee      0x13d obj\debug\src\system_stm32f4xx.o

.debug_loc      0x00000000     0x511e
 .debug_loc     0x00000000       0x2c obj\debug\board\adc.o
 .debug_loc     0x0000002c      0x1c0 obj\debug\board\board.o
 .debug_loc     0x000001ec      0x2a8 obj\debug\board\interrupts.o
 .debug_loc     0x00000494       0xa8 obj\debug\board\tim.o
 .debug_loc     0x0000053c      0x294 obj\debug\board\usart.o
 .debug_loc     0x000007d0      0x1f8 obj\debug\library\cdc\src\usbd_cdc_core.o
 .debug_loc     0x000009c8      0x7e0 obj\debug\library\core\src\usb_core.o
 .debug_loc     0x000011a8      0x2d8 obj\debug\library\core\src\usb_dcd.o
 .debug_loc     0x00001480      0x348 obj\debug\library\core\src\usb_dcd_int.o
 .debug_loc     0x000017c8      0x380 obj\debug\library\core\src\usbd_core.o
 .debug_loc     0x00001b48      0x188 obj\debug\library\core\src\usbd_ioreq.o
 .debug_loc     0x00001cd0      0x310 obj\debug\library\core\src\usbd_req.o
 .debug_loc     0x00001fe0       0x70 obj\debug\robot\communication.o
 .debug_loc     0x00002050      0x59a obj\debug\robot\dynamixel_control.o
 .debug_loc     0x000025ea      0x59c obj\debug\robot\manipulators.o
 .debug_loc     0x00002b86      0x408 obj\debug\robot\regulator.o
 .debug_loc     0x00002f8e      0x386 obj\debug\robot\matrix.o
 .debug_loc     0x00003314       0x3a obj\debug\robot\robot.o
 .debug_loc     0x0000334e      0x1b8 obj\debug\usb app\stm32fxxx_it.o
 .debug_loc     0x00003506       0xe0 obj\debug\usb app\usb_bsp.o
 .debug_loc     0x000035e6      0x138 obj\debug\usb app\usbd_cdc_vcp.o
 .debug_loc     0x0000371e      0x1f8 obj\debug\usb app\usbd_desc.o
 .debug_loc     0x00003916      0x140 obj\debug\usb app\usbd_usr.o
 .debug_loc     0x00003a56      0x118 obj\debug\spl\src\misc.o
 .debug_loc     0x00003b6e      0x310 obj\debug\spl\src\stm32f4xx_gpio.o
 .debug_loc     0x00003e7e      0xb74 obj\debug\spl\src\stm32f4xx_rcc.o
 .debug_loc     0x000049f2      0x658 obj\debug\spl\src\stm32f4xx_usart.o
 .debug_loc     0x0000504a       0x38 obj\debug\src\main.o
 .debug_loc     0x00005082       0x9c obj\debug\src\system_stm32f4xx.o

.debug_aranges  0x00000000      0xec8
 .debug_aranges
                0x00000000       0x20 obj\debug\board\adc.o
 .debug_aranges
                0x00000020       0x58 obj\debug\board\board.o
 .debug_aranges
                0x00000078       0x80 obj\debug\board\interrupts.o
 .debug_aranges
                0x000000f8       0x30 obj\debug\board\tim.o
 .debug_aranges
                0x00000128       0x78 obj\debug\board\usart.o
 .debug_aranges
                0x000001a0       0x60 obj\debug\library\cdc\src\usbd_cdc_core.o
 .debug_aranges
                0x00000200      0x138 obj\debug\library\core\src\usb_core.o
 .debug_aranges
                0x00000338       0x80 obj\debug\library\core\src\usb_dcd.o
 .debug_aranges
                0x000003b8       0x90 obj\debug\library\core\src\usb_dcd_int.o
 .debug_aranges
                0x00000448       0x98 obj\debug\library\core\src\usbd_core.o
 .debug_aranges
                0x000004e0       0x50 obj\debug\library\core\src\usbd_ioreq.o
 .debug_aranges
                0x00000530       0x88 obj\debug\library\core\src\usbd_req.o
 .debug_aranges
                0x000005b8       0x28 obj\debug\robot\communication.o
 .debug_aranges
                0x000005e0       0xe8 obj\debug\robot\dynamixel_control.o
 .debug_aranges
                0x000006c8      0x110 obj\debug\robot\manipulators.o
 .debug_aranges
                0x000007d8       0xa8 obj\debug\robot\regulator.o
 .debug_aranges
                0x00000880       0x98 obj\debug\robot\matrix.o
 .debug_aranges
                0x00000918       0x20 obj\debug\robot\robot.o
 .debug_aranges
                0x00000938       0x68 obj\debug\usb app\stm32fxxx_it.o
 .debug_aranges
                0x000009a0       0x38 obj\debug\usb app\usb_bsp.o
 .debug_aranges
                0x000009d8       0x48 obj\debug\usb app\usbd_cdc_vcp.o
 .debug_aranges
                0x00000a20       0x60 obj\debug\usb app\usbd_desc.o
 .debug_aranges
                0x00000a80       0x50 obj\debug\usb app\usbd_usr.o
 .debug_aranges
                0x00000ad0       0x40 obj\debug\spl\src\misc.o
 .debug_aranges