Archive member included because of file (symbol)

f:/emblocks/2.30/share/em_armgcc/bin/../lib/gcc/arm-none-eabi/4.7.3/../../../../arm-none-eabi/lib/armv7e-m/fpu\librdimon.a(rdimon-syscalls.o)
                              f:/emblocks/2.30/share/em_armgcc/bin/../lib/gcc/arm-none-eabi/4.7.3/../../../../arm-none-eabi/lib/armv7e-m/fpu/rdimon-crt0.o (initialise_monitor_handles)
f:/emblocks/2.30/share/em_armgcc/bin/../lib/gcc/arm-none-eabi/4.7.3/armv7e-m/fpu\libgcc.a(_arm_addsubdf3.o)
                              obj\debug\board\interrupts.o (__aeabi_dsub)
f:/emblocks/2.30/share/em_armgcc/bin/../lib/gcc/arm-none-eabi/4.7.3/armv7e-m/fpu\libgcc.a(_arm_muldivdf3.o)
                              obj\debug\board\board.o (__aeabi_dmul)
f:/emblocks/2.30/share/em_armgcc/bin/../lib/gcc/arm-none-eabi/4.7.3/armv7e-m/fpu\libgcc.a(_arm_cmpdf2.o)
                              obj\debug\board\interrupts.o (__aeabi_dcmplt)
f:/emblocks/2.30/share/em_armgcc/bin/../lib/gcc/arm-none-eabi/4.7.3/armv7e-m/fpu\libgcc.a(_arm_fixdfsi.o)
                              obj\debug\board\board.o (__aeabi_d2iz)
f:/emblocks/2.30/share/em_armgcc/bin/../lib/gcc/arm-none-eabi/4.7.3/armv7e-m/fpu\libgcc.a(_arm_fixunsdfsi.o)
                              obj\debug\robot\dynamixel_control.o (__aeabi_d2uiz)
f:/emblocks/2.30/share/em_armgcc/bin/../lib/gcc/arm-none-eabi/4.7.3/armv7e-m/fpu\libgcc.a(_arm_truncdfsf2.o)
                              obj\debug\robot\dynamixel_control.o (__aeabi_d2f)
f:/emblocks/2.30/share/em_armgcc/bin/../lib/gcc/arm-none-eabi/4.7.3/../../../../arm-none-eabi/lib/armv7e-m/fpu\libc_f.a(lib_a-errno.o)
                              f:/emblocks/2.30/share/em_armgcc/bin/../lib/gcc/arm-none-eabi/4.7.3/../../../../arm-none-eabi/lib/armv7e-m/fpu\librdimon.a(rdimon-syscalls.o) (__errno)
f:/emblocks/2.30/share/em_armgcc/bin/../lib/gcc/arm-none-eabi/4.7.3/../../../../arm-none-eabi/lib/armv7e-m/fpu\libc_f.a(lib_a-exit.o)
                              f:/emblocks/2.30/share/em_armgcc/bin/../lib/gcc/arm-none-eabi/4.7.3/../../../../arm-none-eabi/lib/armv7e-m/fpu/rdimon-crt0.o (exit)
f:/emblocks/2.30/share/em_armgcc/bin/../lib/gcc/arm-none-eabi/4.7.3/../../../../arm-none-eabi/lib/armv7e-m/fpu\libc_f.a(lib_a-findfp.o)
                              f:/emblocks/2.30/share/em_armgcc/bin/../lib/gcc/arm-none-eabi/4.7.3/../../../../arm-none-eabi/lib/armv7e-m/fpu\librdimon.a(rdimon-syscalls.o) (__sinit)
f:/emblocks/2.30/share/em_armgcc/bin/../lib/gcc/arm-none-eabi/4.7.3/../../../../arm-none-eabi/lib/armv7e-m/fpu\libc_f.a(lib_a-fwalk.o)
                              f:/emblocks/2.30/share/em_armgcc/bin/../lib/gcc/arm-none-eabi/4.7.3/../../../../arm-none-eabi/lib/armv7e-m/fpu\libc_f.a(lib_a-findfp.o) (_fwalk)
f:/emblocks/2.30/share/em_armgcc/bin/../lib/gcc/arm-none-eabi/4.7.3/../../../../arm-none-eabi/lib/armv7e-m/fpu\libc_f.a(lib_a-impure.o)
                              f:/emblocks/2.30/share/em_armgcc/bin/../lib/gcc/arm-none-eabi/4.7.3/../../../../arm-none-eabi/lib/armv7e-m/fpu\libc_f.a(lib_a-exit.o) (_global_impure_ptr)
f:/emblocks/2.30/share/em_armgcc/bin/../lib/gcc/arm-none-eabi/4.7.3/../../../../arm-none-eabi/lib/armv7e-m/fpu\libc_f.a(lib_a-init.o)
                              f:/emblocks/2.30/share/em_armgcc/bin/../lib/gcc/arm-none-eabi/4.7.3/../../../../arm-none-eabi/lib/armv7e-m/fpu/rdimon-crt0.o (__libc_init_array)
f:/emblocks/2.30/share/em_armgcc/bin/../lib/gcc/arm-none-eabi/4.7.3/../../../../arm-none-eabi/lib/armv7e-m/fpu\libc_f.a(lib_a-mallocr.o)
                              f:/emblocks/2.30/share/em_armgcc/bin/../lib/gcc/arm-none-eabi/4.7.3/../../../../arm-none-eabi/lib/armv7e-m/fpu\libc_f.a(lib_a-findfp.o) (_malloc_r)
f:/emblocks/2.30/share/em_armgcc/bin/../lib/gcc/arm-none-eabi/4.7.3/../../../../arm-none-eabi/lib/armv7e-m/fpu\libc_f.a(lib_a-memcpy.o)
                              obj\debug\robot\communication.o (memcpy)
f:/emblocks/2.30/share/em_armgcc/bin/../lib/gcc/arm-none-eabi/4.7.3/../../../../arm-none-eabi/lib/armv7e-m/fpu\libc_f.a(lib_a-memset.o)
                              f:/emblocks/2.30/share/em_armgcc/bin/../lib/gcc/arm-none-eabi/4.7.3/../../../../arm-none-eabi/lib/armv7e-m/fpu/rdimon-crt0.o (memset)
f:/emblocks/2.30/share/em_armgcc/bin/../lib/gcc/arm-none-eabi/4.7.3/../../../../arm-none-eabi/lib/armv7e-m/fpu\libc_f.a(lib_a-mlock.o)
                              f:/emblocks/2.30/share/em_armgcc/bin/../lib/gcc/arm-none-eabi/4.7.3/../../../../arm-none-eabi/lib/armv7e-m/fpu\libc_f.a(lib_a-mallocr.o) (__malloc_lock)
f:/emblocks/2.30/share/em_armgcc/bin/../lib/gcc/arm-none-eabi/4.7.3/../../../../arm-none-eabi/lib/armv7e-m/fpu\libc_f.a(lib_a-sbrkr.o)
                              f:/emblocks/2.30/share/em_armgcc/bin/../lib/gcc/arm-none-eabi/4.7.3/../../../../arm-none-eabi/lib/armv7e-m/fpu\libc_f.a(lib_a-mallocr.o) (_sbrk_r)
f:/emblocks/2.30/share/em_armgcc/bin/../lib/gcc/arm-none-eabi/4.7.3/../../../../arm-none-eabi/lib/armv7e-m/fpu\libc_f.a(lib_a-stdio.o)
[...]
Memory Configuration

Name             Origin             Length             Attributes
ROM              0x08000000         0x00100000         xr
RAM              0x20000000         0x00020000         xrw
CCRAM            0x10000000         0x00010000         xrw
*default*        0x00000000         0xffffffff

Linker script and memory map

LOAD f:/emblocks/2.30/share/em_armgcc/bin/../lib/gcc/arm-none-eabi/4.7.3/../../../../arm-none-eabi/lib/armv7e-m/fpu\librdimon.a
LOAD f:/emblocks/2.30/share/em_armgcc/bin/../lib/gcc/arm-none-eabi/4.7.3/armv7e-m/fpu/crti.o
LOAD f:/emblocks/2.30/share/em_armgcc/bin/../lib/gcc/arm-none-eabi/4.7.3/armv7e-m/fpu/crtbegin.o
LOAD f:/emblocks/2.30/share/em_armgcc/bin/../lib/gcc/arm-none-eabi/4.7.3/../../../../arm-none-eabi/lib/armv7e-m/fpu/rdimon-crt0.o
                0x00000000                __HEAP_SIZE = 0x0
                0x00000100                __STACK_SIZE = 0x100

.text           0x08000000    0x1445c
 *(.isr_vector)
 .isr_vector    0x08000000      0x188 obj\debug\src\startup_stm32f4xx.o
                0x08000000                __isr_vector
 *(.text*)
 .text          0x08000188       0x54 f:/emblocks/2.30/share/em_armgcc/bin/../lib/gcc/arm-none-eabi/4.7.3/armv7e-m/fpu/crtbegin.o
 .text          0x080001dc       0xdc f:/emblocks/2.30/share/em_armgcc/bin/../lib/gcc/arm-none-eabi/4.7.3/../../../../arm-none-eabi/lib/armv7e-m/fpu/rdimon-crt0.o
                0x080001dc                _start
                0x080001dc                _mainCRTStartup
 .text.adcConfig
                0x080002b8      0x21c obj\debug\board\adc.o
                0x080002b8                adcConfig
 .text.NVIC_EnableIRQ
                0x080004d4       0x38 obj\debug\board\board.o
 .text.setVoltage
                0x0800050c      0x18c obj\debug\board\board.o
                0x0800050c                setVoltage
 .text.setPWM   0x08000698       0x84 obj\debug\board\board.o
                0x08000698                setPWM
 .text.add_ext_interrupt
                0x0800071c      0x180 obj\debug\board\board.o
                0x0800071c                add_ext_interrupt
 .text.clear_ext_interrupt
                0x0800089c       0x90 obj\debug\board\board.o
                0x0800089c                clear_ext_interrupt
 .text.initAll  0x0800092c     0x1c6c obj\debug\board\board.o
                0x0800092c                initAll
 .text.NVIC_EnableIRQ
                0x08002598       0x38 obj\debug\board\interrupts.o
 .text.NVIC_DisableIRQ
                0x080025d0       0x3c obj\debug\board\interrupts.o
 .text.TIM2_IRQHandler
                0x0800260c        0xc obj\debug\board\interrupts.o
                0x0800260c                TIM2_IRQHandler
 .text.TIM6_DAC_IRQHandler
                0x08002618       0xf8 obj\debug\board\interrupts.o
                0x08002618                TIM6_DAC_IRQHandler
 .text.TIM7_IRQHandler
                0x08002710       0x18 obj\debug\board\interrupts.o
                0x08002710                TIM7_IRQHandler
 .text.TIM8_UP_TIM13_IRQHandler
                0x08002728      0x350 obj\debug\board\interrupts.o
                0x08002728                TIM8_UP_TIM13_IRQHandler
 .text.EXTI0_IRQHandler
                0x08002a78       0x50 obj\debug\board\interrupts.o
                0x08002a78                EXTI0_IRQHandler
 .text.EXTI1_IRQHandler
                0x08002ac8       0x50 obj\debug\board\interrupts.o
                0x08002ac8                EXTI1_IRQHandler
 .text.EXTI2_IRQHandler
                0x08002b18       0x50 obj\debug\board\interrupts.o
                0x08002b18                EXTI2_IRQHandler
 .text.EXTI3_IRQHandler
                0x08002b68       0x50 obj\debug\board\interrupts.o
                0x08002b68                EXTI3_IRQHandler
 .text.EXTI4_IRQHandler
                0x08002bb8       0x50 obj\debug\board\interrupts.o
                0x08002bb8                EXTI4_IRQHandler
 .text.EXTI9_5_IRQHandler
                0x08002c08       0xb8 obj\debug\board\interrupts.o
                0x08002c08                EXTI9_5_IRQHandler
 .text.EXTI15_10_IRQHandler
                0x08002cc0      0x124 obj\debug\board\interrupts.o
                0x08002cc0                EXTI15_10_IRQHandler
 .text.DMA2_Stream0_IRQHandler
                0x08002de4       0x24 obj\debug\board\interrupts.o
                0x08002de4                DMA2_Stream0_IRQHandler
 .text.timEncoderConfigure
                0x08002e08       0x44 obj\debug\board\tim.o
                0x08002e08                timEncoderConfigure
 .text.timPWMConfigure
                0x08002e4c       0xfc obj\debug\board\tim.o
                0x08002e4c                timPWMConfigure
 .text.timPIDConfigure
                0x08002f48       0x48 obj\debug\board\tim.o
                0x08002f48                timPIDConfigure
 .text.NVIC_EnableIRQ
                0x08002f90       0x38 obj\debug\board\usart.o
 .text.packetCheck
                0x08002fc8       0x5c obj\debug\board\usart.o
                0x08002fc8                packetCheck
 .text.DMA1_Stream5_IRQHandler
                0x08003024       0x18 obj\debug\board\usart.o
                0x08003024                DMA1_Stream5_IRQHandler
 .text.uartInit
                0x0800303c      0x138 obj\debug\board\usart.o
                0x0800303c                uartInit
 .text.configUsart1TXDMA
                0x08003174      0x148 obj\debug\board\usart.o
                0x08003174                configUsart1TXDMA
 .text.configUsart1RXDMA
                0x080032bc      0x114 obj\debug\board\usart.o
                0x080032bc                configUsart1RXDMA
 .text.putchar  0x080033d0       0x1c obj\debug\board\usart.o
                0x080033d0                putchar
 .text.DMA1_Stream3_IRQHandler
                0x080033ec      0x324 obj\debug\board\usart.o
                0x080033ec                DMA1_Stream3_IRQHandler
 .text.USART1_IRQHandler
                0x08003710      0x140 obj\debug\board\usart.o
                0x08003710                USART1_IRQHandler
 .text.DMA2_Stream2_IRQHandler
                0x08003850      0x11c obj\debug\board\usart.o
                0x08003850                DMA2_Stream2_IRQHandler
 .text.usbd_cdc_Init
                0x0800396c       0x94 obj\debug\library\cdc\src\usbd_cdc_core.o
                0x0800396c                usbd_cdc_Init
 .text.usbd_cdc_DeInit
                0x08003a00       0x44 obj\debug\library\cdc\src\usbd_cdc_core.o
                0x08003a00                usbd_cdc_DeInit
 .text.usbd_cdc_Setup
                0x08003a44      0x130 obj\debug\library\cdc\src\usbd_cdc_core.o
                0x08003a44                usbd_cdc_Setup
 .text.usbd_cdc_EP0_RxReady
                0x08003b74       0x60 obj\debug\library\cdc\src\usbd_cdc_core.o
                0x08003b74                usbd_cdc_EP0_RxReady
 .text.usbd_cdc_DataIn
                0x08003bd4      0x140 obj\debug\library\cdc\src\usbd_cdc_core.o
                0x08003bd4                usbd_cdc_DataIn
 .text.usbd_cdc_DataOut
                0x08003d14       0x64 obj\debug\library\cdc\src\usbd_cdc_core.o
                0x08003d14                usbd_cdc_DataOut
 .text.usbd_cdc_SOF
                0x08003d78       0x50 obj\debug\library\cdc\src\usbd_cdc_core.o
                0x08003d78                usbd_cdc_SOF
 .text.Handle_USBAsynchXfer
                0x08003dc8      0x19c obj\debug\library\cdc\src\usbd_cdc_core.o
 .text.USBD_cdc_GetCfgDesc
                0x08003f64       0x28 obj\debug\library\cdc\src\usbd_cdc_core.o
 .text.USB_OTG_EnableCommonInt
                0x08003f8c       0x44 obj\debug\library\core\src\usb_core.o
 .text.USB_OTG_CoreReset
                0x08003fd0       0xa8 obj\debug\library\core\src\usb_core.o
 .text.USB_OTG_WritePacket
                0x08004078       0x88 obj\debug\library\core\src\usb_core.o
                0x08004078                USB_OTG_WritePacket
 .text.USB_OTG_ReadPacket
                0x08004100       0x68 obj\debug\library\core\src\usb_core.o
                0x08004100                USB_OTG_ReadPacket
 .text.USB_OTG_SelectCore
                0x08004168      0x1b4 obj\debug\library\core\src\usb_core.o
                0x08004168                USB_OTG_SelectCore
 .text.USB_OTG_CoreInit
                0x0800431c      0x148 obj\debug\library\core\src\usb_core.o
                0x0800431c                USB_OTG_CoreInit
 .text.USB_OTG_EnableGlobalInt
                0x08004464       0x3c obj\debug\library\core\src\usb_core.o
                0x08004464                USB_OTG_EnableGlobalInt
 .text.USB_OTG_DisableGlobalInt
                0x080044a0       0x40 obj\debug\library\core\src\usb_core.o
                0x080044a0                USB_OTG_DisableGlobalInt
 .text.USB_OTG_FlushTxFifo
                0x080044e0       0x80 obj\debug\library\core\src\usb_core.o
                0x080044e0                USB_OTG_FlushTxFifo
 .text.USB_OTG_FlushRxFifo
                0x08004560       0x6c obj\debug\library\core\src\usb_core.o
                0x08004560                USB_OTG_FlushRxFifo
 .text.USB_OTG_SetCurrentMode
                0x080045cc       0x64 obj\debug\library\core\src\usb_core.o
                0x080045cc                USB_OTG_SetCurrentMode
 .text.USB_OTG_GetMode
                0x08004630       0x20 obj\debug\library\core\src\usb_core.o
                0x08004630                USB_OTG_GetMode
 .text.USB_OTG_IsDeviceMode
                0x08004650       0x24 obj\debug\library\core\src\usb_core.o
                0x08004650                USB_OTG_IsDeviceMode
 .text.USB_OTG_ReadCoreItr
                0x08004674       0x30 obj\debug\library\core\src\usb_core.o
                0x08004674                USB_OTG_ReadCoreItr
 .text.USB_OTG_InitDevSpeed
                0x080046a4       0x38 obj\debug\library\core\src\usb_core.o
                0x080046a4                USB_OTG_InitDevSpeed
 .text.USB_OTG_CoreInitDev
                0x080046dc      0x2d8 obj\debug\library\core\src\usb_core.o
                0x080046dc                USB_OTG_CoreInitDev
 .text.USB_OTG_EnableDevInt
                0x080049b4       0xb4 obj\debug\library\core\src\usb_core.o
                0x080049b4                USB_OTG_EnableDevInt
 .text.USB_OTG_GetDeviceSpeed
                0x08004a68       0x68 obj\debug\library\core\src\usb_core.o
                0x08004a68                USB_OTG_GetDeviceSpeed
 .text.USB_OTG_EP0Activate
                0x08004ad0       0xa0 obj\debug\library\core\src\usb_core.o
                0x08004ad0                USB_OTG_EP0Activate
 .text.USB_OTG_EPActivate
                0x08004b70       0xf8 obj\debug\library\core\src\usb_core.o
                0x08004b70                USB_OTG_EPActivate
 .text.USB_OTG_EPDeactivate
                0x08004c68       0xa4 obj\debug\library\core\src\usb_core.o
                0x08004c68                USB_OTG_EPDeactivate
 .text.USB_OTG_EPStartXfer
                0x08004d0c      0x2dc obj\debug\library\core\src\usb_core.o
                0x08004d0c                USB_OTG_EPStartXfer
 .text.USB_OTG_EP0StartXfer
                0x08004fe8      0x1ec obj\debug\library\core\src\usb_core.o
                0x08004fe8                USB_OTG_EP0StartXfer
 .text.USB_OTG_EPSetStall
                0x080051d4       0x94 obj\debug\library\core\src\usb_core.o
                0x080051d4                USB_OTG_EPSetStall
 .text.USB_OTG_EPClearStall
                0x08005268       0x84 obj\debug\library\core\src\usb_core.o
                0x08005268                USB_OTG_EPClearStall
 .text.USB_OTG_ReadDevAllOutEp_itr
                0x080052ec       0x30 obj\debug\library\core\src\usb_core.o
                0x080052ec                USB_OTG_ReadDevAllOutEp_itr
 .text.USB_OTG_ReadDevOutEP_itr
                0x0800531c       0x3c obj\debug\library\core\src\usb_core.o
                0x0800531c                USB_OTG_ReadDevOutEP_itr
 .text.USB_OTG_ReadDevAllInEPItr
                0x08005358       0x34 obj\debug\library\core\src\usb_core.o
                0x08005358                USB_OTG_ReadDevAllInEPItr
 .text.USB_OTG_EP0_OutStart
                0x0800538c       0x74 obj\debug\library\core\src\usb_core.o
                0x0800538c                USB_OTG_EP0_OutStart
 .text.DCD_Init
                0x08005400      0x134 obj\debug\library\core\src\usb_dcd.o
                0x08005400                DCD_Init
 .text.DCD_EP_Open
                0x08005534       0xb4 obj\debug\library\core\src\usb_dcd.o
                0x08005534                DCD_EP_Open
 .text.DCD_EP_Close
                0x080055e8       0x88 obj\debug\library\core\src\usb_dcd.o
                0x080055e8                DCD_EP_Close
 .text.DCD_EP_PrepareRx
                0x08005670       0x90 obj\debug\library\core\src\usb_dcd.o
                0x08005670                DCD_EP_PrepareRx
 .text.DCD_EP_Tx
                0x08005700       0x88 obj\debug\library\core\src\usb_dcd.o
                0x08005700                DCD_EP_Tx
 .text.DCD_EP_Stall
                0x08005788       0x8c obj\debug\library\core\src\usb_dcd.o
                0x08005788                DCD_EP_Stall
 .text.DCD_EP_ClrStall
                0x08005814       0x8c obj\debug\library\core\src\usb_dcd.o
                0x08005814                DCD_EP_ClrStall
 .text.DCD_EP_SetAddress
                0x080058a0       0x3c obj\debug\library\core\src\usb_dcd.o
                0x080058a0                DCD_EP_SetAddress
 .text.USBD_OTG_ISR_Handler
                0x080058dc      0x198 obj\debug\library\core\src\usb_dcd_int.o
                0x080058dc                USBD_OTG_ISR_Handler
 .text.DCD_SessionRequest_ISR
                0x08005a74       0x3c obj\debug\library\core\src\usb_dcd_int.o
 .text.DCD_OTG_ISR
                0x08005ab0       0x44 obj\debug\library\core\src\usb_dcd_int.o
 .text.DCD_HandleResume_ISR
                0x08005af4       0x8c obj\debug\library\core\src\usb_dcd_int.o
 .text.DCD_HandleUSBSuspend_ISR
                0x08005b80       0xd0 obj\debug\library\core\src\usb_dcd_int.o
 .text.DCD_HandleInEP_ISR
                0x08005c50      0x1b0 obj\debug\library\core\src\usb_dcd_int.o
 .text.DCD_HandleOutEP_ISR
                0x08005e00      0x184 obj\debug\library\core\src\usb_dcd_int.o
 .text.DCD_HandleSof_ISR
                0x08005f84       0x3c obj\debug\library\core\src\usb_dcd_int.o
 .text.DCD_HandleRxStatusQueueLevel_ISR
                0x08005fc0      0x118 obj\debug\library\core\src\usb_dcd_int.o
 .text.DCD_WriteEmptyTxFifo
                0x080060d8      0x130 obj\debug\library\core\src\usb_dcd_int.o
 .text.DCD_HandleUsbReset_ISR
                0x08006208      0x158 obj\debug\library\core\src\usb_dcd_int.o
 .text.DCD_HandleEnumDone_ISR
                0x08006360      0x22c obj\debug\library\core\src\usb_dcd_int.o
 .text.DCD_IsoINIncomplete_ISR
                0x0800658c       0x3c obj\debug\library\core\src\usb_dcd_int.o
 .text.DCD_IsoOUTIncomplete_ISR
                0x080065c8       0x3c obj\debug\library\core\src\usb_dcd_int.o
 .text.DCD_ReadDevInEP
                0x08006604       0x58 obj\debug\library\core\src\usb_dcd_int.o
 .text.USBD_Init
                0x0800665c       0x58 obj\debug\library\core\src\usbd_core.o
                0x0800665c                USBD_Init
 .text.USBD_DeInit
                0x080066b4       0x18 obj\debug\library\core\src\usbd_core.o
                0x080066b4                USBD_DeInit
 .text.USBD_SetupStage
                0x080066cc       0x70 obj\debug\library\core\src\usbd_core.o
 .text.USBD_DataOutStage
                0x0800673c       0xd4 obj\debug\library\core\src\usbd_core.o
 .text.USBD_DataInStage
                0x08006810      0x150 obj\debug\library\core\src\usbd_core.o
 .text.USBD_RunTestMode
                0x08006960       0x28 obj\debug\library\core\src\usbd_core.o
 .text.USBD_Reset
                0x08006988       0x54 obj\debug\library\core\src\usbd_core.o
 .text.USBD_Resume
                0x080069dc       0x38 obj\debug\library\core\src\usbd_core.o
 .text.USBD_Suspend
                0x08006a14       0x38 obj\debug\library\core\src\usbd_core.o
 .text.USBD_SOF
                0x08006a4c       0x30 obj\debug\library\core\src\usbd_core.o
 .text.USBD_SetCfg
                0x08006a7c       0x34 obj\debug\library\core\src\usbd_core.o
                0x08006a7c                USBD_SetCfg
 .text.USBD_ClrCfg
                0x08006ab0       0x2c obj\debug\library\core\src\usbd_core.o
                0x08006ab0                USBD_ClrCfg
 .text.USBD_IsoINIncomplete
                0x08006adc       0x24 obj\debug\library\core\src\usbd_core.o
 .text.USBD_IsoOUTIncomplete
                0x08006b00       0x24 obj\debug\library\core\src\usbd_core.o
 .text.USBD_DevConnected
                0x08006b24       0x2c obj\debug\library\core\src\usbd_core.o
 .text.USBD_DevDisconnected
                0x08006b50       0x3c obj\debug\library\core\src\usbd_core.o
 .text.USBD_CtlSendData
                0x08006b8c       0x48 obj\debug\library\core\src\usbd_ioreq.o
                0x08006b8c                USBD_CtlSendData
 .text.USBD_CtlContinueSendData
                0x08006bd4       0x30 obj\debug\library\core\src\usbd_ioreq.o
                0x08006bd4                USBD_CtlContinueSendData
 .text.USBD_CtlPrepareRx
                0x08006c04       0x48 obj\debug\library\core\src\usbd_ioreq.o
                0x08006c04                USBD_CtlPrepareRx
 .text.USBD_CtlContinueRx
                0x08006c4c       0x30 obj\debug\library\core\src\usbd_ioreq.o
                0x08006c4c                USBD_CtlContinueRx
 .text.USBD_CtlSendStatus
                0x08006c7c       0x3c obj\debug\library\core\src\usbd_ioreq.o
                0x08006c7c                USBD_CtlSendStatus
 .text.USBD_CtlReceiveStatus
                0x08006cb8       0x3c obj\debug\library\core\src\usbd_ioreq.o
                0x08006cb8                USBD_CtlReceiveStatus
 .text.USBD_StdDevReq
                0x08006cf4       0xa4 obj\debug\library\core\src\usbd_req.o
                0x08006cf4                USBD_StdDevReq
 .text.USBD_StdItfReq
                0x08006d98       0x6c obj\debug\library\core\src\usbd_req.o
                0x08006d98                USBD_StdItfReq
 .text.USBD_StdEPReq
                0x08006e04      0x200 obj\debug\library\core\src\usbd_req.o
                0x08006e04                USBD_StdEPReq
 .text.USBD_GetDescriptor
                0x08007004      0x1b0 obj\debug\library\core\src\usbd_req.o
 .text.USBD_SetAddress
                0x080071b4       0x80 obj\debug\library\core\src\usbd_req.o
 .text.USBD_SetConfig
                0x08007234      0x134 obj\debug\library\core\src\usbd_req.o
 .text.USBD_GetConfig
                0x08007368       0x68 obj\debug\library\core\src\usbd_req.o
 .text.USBD_GetStatus
                0x080073d0       0x70 obj\debug\library\core\src\usbd_req.o
 .text.USBD_SetFeature
                0x08007440       0xfc obj\debug\library\core\src\usbd_req.o
 .text.USBD_ClrFeature
                0x0800753c       0x58 obj\debug\library\core\src\usbd_req.o
 .text.USBD_ParseSetupRequest
                0x08007594       0x94 obj\debug\library\core\src\usbd_req.o
                0x08007594                USBD_ParseSetupRequest
 .text.USBD_CtlError
                0x08007628       0x2c obj\debug\library\core\src\usbd_req.o
                0x08007628                USBD_CtlError
 .text.USBD_GetString
                0x08007654       0x9c obj\debug\library\core\src\usbd_req.o
                0x08007654                USBD_GetString
 .text.USBD_GetLen
                0x080076f0       0x38 obj\debug\library\core\src\usbd_req.o
 .text.pushByte
                0x08007728      0x1b0 obj\debug\robot\communication.o
                0x08007728                pushByte
 .text.sendAnswer
                0x080078d8      0x1b4 obj\debug\robot\communication.o
                0x080078d8                sendAnswer
 .text.sendServoCommand
                0x08007a8c       0xa4 obj\debug\robot\dynamixel_control.o
                0x08007a8c                sendServoCommand
 .text.getServoResponse
                0x08007b30      0x190 obj\debug\robot\dynamixel_control.o
                0x08007b30                getServoResponse
 .text.getAndCheckResponse
                0x08007cc0       0x58 obj\debug\robot\dynamixel_control.o
                0x08007cc0                getAndCheckResponse
 .text.setServoTorque
                0x08007d18       0x78 obj\debug\robot\dynamixel_control.o
                0x08007d18                setServoTorque
 .text.setServoMovingSpeed
                0x08007d90       0x88 obj\debug\robot\dynamixel_control.o
                0x08007d90                setServoMovingSpeed
 .text.setServoAngle
                0x08007e18       0xa8 obj\debug\robot\dynamixel_control.o
                0x08007e18                setServoAngle
 .text.setServoCWAngleLimit
                0x08007ec0       0x78 obj\debug\robot\dynamixel_control.o
                0x08007ec0                setServoCWAngleLimit
 .text.setServoCCWAngleLimit
                0x08007f38       0x78 obj\debug\robot\dynamixel_control.o
                0x08007f38                setServoCCWAngleLimit
 .text.sendServoByte
                0x08007fb0       0x3c obj\debug\robot\dynamixel_control.o
                0x08007fb0                sendServoByte
 .text.clearServoReceiveBuffer
                0x08007fec       0x20 obj\debug\robot\dynamixel_control.o
                0x08007fec                clearServoReceiveBuffer
 .text.getServoBytesAvailable
                0x0800800c       0x44 obj\debug\robot\dynamixel_control.o
                0x0800800c                getServoBytesAvailable
 .text.getServoByte
                0x08008050       0x58 obj\debug\robot\dynamixel_control.o
                0x08008050                getServoByte
 .text.USART3_IRQHandler
                0x080080a8       0x80 obj\debug\robot\dynamixel_control.o
                0x080080a8                USART3_IRQHandler
 .text.softDelay
                0x08008128       0x24 obj\debug\robot\manipulators.o
                0x08008128                softDelay
 .text.OpenLauncher
                0x0800814c       0x18 obj\debug\robot\manipulators.o
                0x0800814c                OpenLauncher
 .text.CloseLauncher
                0x08008164       0x18 obj\debug\robot\manipulators.o
                0x08008164                CloseLauncher
 .text.CloseFishingManipulator
                0x0800817c       0x20 obj\debug\robot\manipulators.o
                0x0800817c                CloseFishingManipulator
 .text.HalfOpenFishingManipulator
                0x0800819c       0x20 obj\debug\robot\manipulators.o
                0x0800819c                HalfOpenFishingManipulator
 .text.Open_seashell_doors
                0x080081bc       0x38 obj\debug\robot\manipulators.o
                0x080081bc                Open_seashell_doors
 .text.close_seashell_doors
                0x080081f4       0x38 obj\debug\robot\manipulators.o
                0x080081f4                close_seashell_doors
 .text.servo_elevate_in
                0x0800822c       0x14 obj\debug\robot\manipulators.o
                0x0800822c                servo_elevate_in
 .text.servo_elevate_out
                0x08008240       0x14 obj\debug\robot\manipulators.o
                0x08008240                servo_elevate_out
 .text.servo_rotate_90
                0x08008254       0x14 obj\debug\robot\manipulators.o
                0x08008254                servo_rotate_90
 .text.servo_rotate_180
                0x08008268       0x14 obj\debug\robot\manipulators.o
                0x08008268                servo_rotate_180
 .text.switchOnPneumo
                0x0800827c       0x64 obj\debug\robot\manipulators.o
                0x0800827c                switchOnPneumo
 .text.switchOffPneumo
                0x080082e0       0x64 obj\debug\robot\manipulators.o
                0x080082e0                switchOffPneumo
 .text.removePoint
                0x08008344       0xcc obj\debug\robot\regulator.o
                0x08008344                removePoint
 .text.addPointInFrontOfQueue
                0x08008410      0x124 obj\debug\robot\regulator.o
                0x08008410                addPointInFrontOfQueue
 .text.initRegulators
                0x08008534      0x1e8 obj\debug\robot\regulator.o
                0x08008534                initRegulators
 .text.MaxValue
                0x0800871c       0x80 obj\debug\robot\regulator.o
                0x0800871c                MaxValue
 *fill*         0x0800879c        0x4 
 .text.FunctionalRegulator
                0x080087a0      0x230 obj\debug\robot\regulator.o
                0x080087a0                FunctionalRegulator
 .text.Regulate
                0x080089d0      0x1b8 obj\debug\robot\regulator.o
                0x080089d0                Regulate
 .text.TrackRegulator
                0x08008b88      0x1d8 obj\debug\robot\regulator.o
                0x08008b88                TrackRegulator
 .text.rangeAngle
                0x08008d60       0xf8 obj\debug\robot\regulator.o
                0x08008d60                rangeAngle
 .text.RotMoving
                0x08008e58      0x13c obj\debug\robot\regulator.o
                0x08008e58                RotMoving
 .text.Moving   0x08008f94       0xd4 obj\debug\robot\regulator.o
                0x08008f94                Moving
 .text.pidCalc  0x08009068      0x1e8 obj\debug\robot\regulator.o
                0x08009068                pidCalc
 .text.GetDataForRegulators
                0x08009250      0x3a8 obj\debug\robot\regulator.o
                0x08009250                GetDataForRegulators
 .text.pidLowLevel
                0x080095f8       0xc8 obj\debug\robot\regulator.o
                0x080095f8                pidLowLevel
 .text.CreatePath
                0x080096c0      0x200 obj\debug\robot\regulator.o
                0x080096c0                CreatePath
 .text.SpeedFiltration
                0x080098c0      0xb90 obj\debug\robot\regulator.o
                0x080098c0                SpeedFiltration
 .text.matrixCopy
                0x0800a450       0x7c obj\debug\robot\matrix.o
                0x0800a450                matrixCopy
 .text.matrixMultiplyM2M
                0x0800a4cc       0xe4 obj\debug\robot\matrix.o
                0x0800a4cc                matrixMultiplyM2M
 .text.matrixMultiplyS2M
                0x0800a5b0       0x8c obj\debug\robot\matrix.o
                0x0800a5b0                matrixMultiplyS2M
 .text.matrixPlusMinus
                0x0800a63c      0x128 obj\debug\robot\matrix.o
                0x0800a63c                matrixPlusMinus
 .text.matrixTranspose
                0x0800a764       0x7c obj\debug\robot\matrix.o
                0x0800a764                matrixTranspose
 .text.subtraction
                0x0800a7e0       0x74 obj\debug\robot\matrix.o
                0x0800a7e0                subtraction
 .text.addition
                0x0800a854       0x74 obj\debug\robot\matrix.o
                0x0800a854                addition
 .text.normalization
                0x0800a8c8       0xd0 obj\debug\robot\matrix.o
                0x0800a8c8                normalization
 .text.scale    0x0800a998       0x68 obj\debug\robot\matrix.o
                0x0800a998                scale
 .text.mod      0x0800aa00       0x70 obj\debug\robot\matrix.o
                0x0800aa00                mod
 .text.execCommand
                0x0800aa70     0x2da0 obj\debug\robot\robot.o
                0x0800aa70                execCommand
 .text.checkCollisionAvoid_small
                0x0800d810      0x1ec obj\debug\robot\robot.o
                0x0800d810                checkCollisionAvoid_small
 .text.stopmove
                0x0800d9fc       0x60 obj\debug\robot\robot.o
                0x0800d9fc                stopmove
 *fill*         0x0800da5c        0x4 
 .text.takeadc  0x0800da60      0x5b8 obj\debug\robot\robot.o
                0x0800da60                takeadc
 .text.NMI_Handler
                0x0800e018        0xc obj\debug\usb app\stm32fxxx_it.o
                0x0800e018                NMI_Handler
 .text.HardFault_Handler
                0x0800e024        0x8 obj\debug\usb app\stm32fxxx_it.o
                0x0800e024                HardFault_Handler
 .text.MemManage_Handler
                0x0800e02c        0x8 obj\debug\usb app\stm32fxxx_it.o
                0x0800e02c                MemManage_Handler
 .text.BusFault_Handler
                0x0800e034        0x8 obj\debug\usb app\stm32fxxx_it.o
                0x0800e034                BusFault_Handler
 .text.UsageFault_Handler
                0x0800e03c        0x8 obj\debug\usb app\stm32fxxx_it.o
                0x0800e03c                UsageFault_Handler
 .text.SVC_Handler
                0x0800e044        0xc obj\debug\usb app\stm32fxxx_it.o
                0x0800e044                SVC_Handler
 .text.DebugMon_Handler
                0x0800e050        0xc obj\debug\usb app\stm32fxxx_it.o
                0x0800e050                DebugMon_Handler
 .text.PendSV_Handler
                0x0800e05c        0xc obj\debug\usb app\stm32fxxx_it.o
                0x0800e05c                PendSV_Handler
 .text.SysTick_Handler
                0x0800e068        0xc obj\debug\usb app\stm32fxxx_it.o
                0x0800e068                SysTick_Handler
 .text.OTG_FS_IRQHandler
                0x0800e074       0x14 obj\debug\usb app\stm32fxxx_it.o
                0x0800e074                OTG_FS_IRQHandler
 .text.USB_OTG_BSP_Init
                0x0800e088      0x110 obj\debug\usb app\usb_bsp.o
                0x0800e088                USB_OTG_BSP_Init
 .text.USB_OTG_BSP_EnableInterrupt
                0x0800e198       0x3c obj\debug\usb app\usb_bsp.o
                0x0800e198                USB_OTG_BSP_EnableInterrupt
 .text.USB_OTG_BSP_uDelay
                0x0800e1d4       0x58 obj\debug\usb app\usb_bsp.o
                0x0800e1d4                USB_OTG_BSP_uDelay
 .text.USB_OTG_BSP_mDelay
                0x0800e22c       0x20 obj\debug\usb app\usb_bsp.o
                0x0800e22c                USB_OTG_BSP_mDelay
 .text.VCP_Init
                0x0800e24c       0x18 obj\debug\usb app\usbd_cdc_vcp.o
 .text.VCP_DeInit
                0x0800e264       0x10 obj\debug\usb app\usbd_cdc_vcp.o
 .text.VCP_Ctrl
                0x0800e274      0x1bc obj\debug\usb app\usbd_cdc_vcp.o
 .text.VCP_DataTx
                0x0800e430       0x10 obj\debug\usb app\usbd_cdc_vcp.o
 .text.VCP_DataRx
                0x0800e440       0x40 obj\debug\usb app\usbd_cdc_vcp.o
 .text.VCP_COMConfig
                0x0800e480      0x150 obj\debug\usb app\usbd_cdc_vcp.o
 .text.USBD_USR_DeviceDescriptor
                0x0800e5d0       0x28 obj\debug\usb app\usbd_desc.o
                0x0800e5d0                USBD_USR_DeviceDescriptor
 .text.USBD_USR_LangIDStrDescriptor
                0x0800e5f8       0x28 obj\debug\usb app\usbd_desc.o
                0x0800e5f8                USBD_USR_LangIDStrDescriptor
 .text.USBD_USR_ProductStrDescriptor
                0x0800e620       0x54 obj\debug\usb app\usbd_desc.o
                0x0800e620                USBD_USR_ProductStrDescriptor
 .text.USBD_USR_ManufacturerStrDescriptor
                0x0800e674       0x34 obj\debug\usb app\usbd_desc.o
                0x0800e674                USBD_USR_ManufacturerStrDescriptor
 .text.USBD_USR_SerialStrDescriptor
                0x0800e6a8       0x2c obj\debug\usb app\usbd_desc.o
                0x0800e6a8                USBD_USR_SerialStrDescriptor
 .text.USBD_USR_ConfigStrDescriptor
                0x0800e6d4       0x54 obj\debug\usb app\usbd_desc.o
                0x0800e6d4                USBD_USR_ConfigStrDescriptor
 .text.USBD_USR_InterfaceStrDescriptor
                0x0800e728       0x54 obj\debug\usb app\usbd_desc.o
                0x0800e728                USBD_USR_InterfaceStrDescriptor
 .text.Get_SerialNum
                0x0800e77c       0x60 obj\debug\usb app\usbd_desc.o
 .text.IntToUnicode
                0x0800e7dc       0x94 obj\debug\usb app\usbd_desc.o
 .text.USBD_USR_Init
                0x0800e870        0xc obj\debug\usb app\usbd_usr.o
                0x0800e870                USBD_USR_Init
 .text.USBD_USR_DeviceReset
                0x0800e87c       0x14 obj\debug\usb app\usbd_usr.o
                0x0800e87c                USBD_USR_DeviceReset
 .text.USBD_USR_DeviceConfigured
                0x0800e890        0xc obj\debug\usb app\usbd_usr.o
                0x0800e890                USBD_USR_DeviceConfigured
 .text.USBD_USR_DeviceSuspended
                0x0800e89c        0xc obj\debug\usb app\usbd_usr.o
                0x0800e89c                USBD_USR_DeviceSuspended
 .text.USBD_USR_DeviceResumed
                0x0800e8a8        0xc obj\debug\usb app\usbd_usr.o
                0x0800e8a8                USBD_USR_DeviceResumed
 .text.USBD_USR_DeviceConnected
                0x0800e8b4        0xc obj\debug\usb app\usbd_usr.o
                0x0800e8b4                USBD_USR_DeviceConnected
 .text.USBD_USR_DeviceDisconnected
                0x0800e8c0        0xc obj\debug\usb app\usbd_usr.o
                0x0800e8c0                USBD_USR_DeviceDisconnected
 .text.NVIC_PriorityGroupConfig
                0x0800e8cc       0x28 obj\debug\spl\src\misc.o
                0x0800e8cc                NVIC_PriorityGroupConfig
 .text.NVIC_Init
                0x0800e8f4       0xe4 obj\debug\spl\src\misc.o
                0x0800e8f4                NVIC_Init
 .text.GPIO_Init
                0x0800e9d8      0x144 obj\debug\spl\src\stm32f4xx_gpio.o
                0x0800e9d8                GPIO_Init
 .text.GPIO_PinAFConfig
                0x0800eb1c       0xa8 obj\debug\spl\src\stm32f4xx_gpio.o
                0x0800eb1c                GPIO_PinAFConfig
 .text.RCC_GetClocksFreq
                0x0800ebc4      0x1cc obj\debug\spl\src\stm32f4xx_rcc.o
                0x0800ebc4                RCC_GetClocksFreq
 .text.RCC_AHB1PeriphClockCmd
                0x0800ed90       0x54 obj\debug\spl\src\stm32f4xx_rcc.o
                0x0800ed90                RCC_AHB1PeriphClockCmd
 .text.RCC_AHB2PeriphClockCmd
                0x0800ede4       0x54 obj\debug\spl\src\stm32f4xx_rcc.o
                0x0800ede4                RCC_AHB2PeriphClockCmd
 .text.RCC_APB1PeriphClockCmd
                0x0800ee38       0x54 obj\debug\spl\src\stm32f4xx_rcc.o
                0x0800ee38                RCC_APB1PeriphClockCmd
 .text.RCC_APB2PeriphClockCmd
                0x0800ee8c       0x54 obj\debug\spl\src\stm32f4xx_rcc.o
                0x0800ee8c                RCC_APB2PeriphClockCmd
 .text.USART_SendData
                0x0800eee0       0x28 obj\debug\spl\src\stm32f4xx_usart.o
                0x0800eee0                USART_SendData
 .text.USART_ReceiveData
                0x0800ef08       0x24 obj\debug\spl\src\stm32f4xx_usart.o
                0x0800ef08                USART_ReceiveData
 .text.USART_GetFlagStatus
                0x0800ef2c       0x40 obj\debug\spl\src\stm32f4xx_usart.o
                0x0800ef2c                USART_GetFlagStatus
 .text.USART_GetITStatus
                0x0800ef6c       0xc4 obj\debug\spl\src\stm32f4xx_usart.o
                0x0800ef6c                USART_GetITStatus
 .text.main     0x0800f030       0x74 obj\debug\src\main.o
                0x0800f030                main
 .text          0x0800f0a4      0x108 obj\debug\src\startup_stm32f4xx.o
                0x0800f0a4                Reset_Handler
                0x0800f0fc                Default_Handler
                0x0800f0fe                WWDG_IRQHandler
                0x0800f100                PVD_IRQHandler
                0x0800f102                TAMP_STAMP_IRQHandler
                0x0800f104                RTC_WKUP_IRQHandler
                0x0800f106                FLASH_IRQHandler
                0x0800f108                RCC_IRQHandler
                0x0800f114                DMA1_Stream0_IRQHandler
                0x0800f116                DMA1_Stream1_IRQHandler
                0x0800f118                DMA1_Stream2_IRQHandler
                0x0800f11c                DMA1_Stream4_IRQHandler
                0x0800f120                DMA1_Stream6_IRQHandler
                0x0800f122                ADC_IRQHandler
                0x0800f124                CAN1_TX_IRQHandler
                0x0800f126                CAN1_RX0_IRQHandler
                0x0800f128                CAN1_RX1_IRQHandler
                0x0800f12a                CAN1_SCE_IRQHandler
                0x0800f12e                TIM1_BRK_TIM9_IRQHandler
                0x0800f130                TIM1_UP_TIM10_IRQHandler
                0x0800f132                TIM1_TRG_COM_TIM11_IRQHandler
                0x0800f134                TIM1_CC_IRQHandler
                0x0800f138                TIM3_IRQHandler
                0x0800f13a                TIM4_IRQHandler
                0x0800f13c                I2C1_EV_IRQHandler
                0x0800f13e                I2C1_ER_IRQHandler
                0x0800f140                I2C2_EV_IRQHandler
                0x0800f142                I2C2_ER_IRQHandler
                0x0800f144                SPI1_IRQHandler
                0x0800f146                SPI2_IRQHandler
                0x0800f14a                USART2_IRQHandler
                0x0800f150                RTC_Alarm_IRQHandler
                0x0800f152                OTG_FS_WKUP_IRQHandler
                0x0800f154                TIM8_BRK_TIM12_IRQHandler
                0x0800f158                TIM8_TRG_COM_TIM14_IRQHandler
                0x0800f15a                TIM8_CC_IRQHandler
                0x0800f15c                DMA1_Stream7_IRQHandler
                0x0800f15e                FSMC_IRQHandler
                0x0800f160                SDIO_IRQHandler
                0x0800f162                TIM5_IRQHandler
                0x0800f164                SPI3_IRQHandler
                0x0800f166                UART4_IRQHandler
                0x0800f168                UART5_IRQHandler
                0x0800f170                DMA2_Stream1_IRQHandler
                0x0800f174                DMA2_Stream3_IRQHandler
                0x0800f176                DMA2_Stream4_IRQHandler
                0x0800f178                ETH_IRQHandler
                0x0800f17a                ETH_WKUP_IRQHandler
                0x0800f17c                CAN2_TX_IRQHandler
                0x0800f17e                CAN2_RX0_IRQHandler
                0x0800f180                CAN2_RX1_IRQHandler
                0x0800f182                CAN2_SCE_IRQHandler
                0x0800f186                DMA2_Stream5_IRQHandler
                0x0800f188                DMA2_Stream6_IRQHandler
                0x0800f18a                DMA2_Stream7_IRQHandler
                0x0800f18c                USART6_IRQHandler
                0x0800f18e                I2C3_EV_IRQHandler
                0x0800f190                I2C3_ER_IRQHandler
                0x0800f192                OTG_HS_EP1_OUT_IRQHandler
                0x0800f194                OTG_HS_EP1_IN_IRQHandler
                0x0800f196                OTG_HS_WKUP_IRQHandler
                0x0800f198                OTG_HS_IRQHandler
                0x0800f19a                DCMI_IRQHandler
                0x0800f19c                CRYP_IRQHandler
                0x0800f19e                HASH_RNG_IRQHandler
                0x0800f1a0                FPU_IRQHandler
 .text.SystemInit
                0x0800f1ac       0xb0 obj\debug\src\system_stm32f4xx.o
                0x0800f1ac                SystemInit
 .text.SetSysClock
                0x0800f25c      0x188 obj\debug\src\system_stm32f4xx.o
 .text.initialise_monitor_handles
                0x0800f3e4       0xa4 f:/emblocks/2.30/share/em_armgcc/bin/../lib/gcc/arm-none-eabi/4.7.3/../../../../arm-none-eabi/lib/armv7e-m/fpu\librdimon.a(rdimon-syscalls.o)
                0x0800f3e4                initialise_monitor_handles
 .text          0x0800f488      0x370 f:/emblocks/2.30/share/em_armgcc/bin/../lib/gcc/arm-none-eabi/4.7.3/armv7e-m/fpu\libgcc.a(_arm_addsubdf3.o)
                0x0800f488                __aeabi_drsub
                0x0800f490                __aeabi_dsub
                0x0800f490                __subdf3
                0x0800f494                __aeabi_dadd
                0x0800f494                __adddf3
                0x0800f70c                __floatunsidf
                0x0800f70c                __aeabi_ui2d
                0x0800f72c                __floatsidf
                0x0800f72c                __aeabi_i2d
                0x0800f750                __aeabi_f2d
                0x0800f750                __extendsfdf2
                0x0800f78c                __floatundidf
                0x0800f78c                __aeabi_ul2d
                0x0800f79c                __floatdidf
                0x0800f79c                __aeabi_l2d
 .text          0x0800f7f8      0x424 f:/emblocks/2.30/share/em_armgcc/bin/../lib/gcc/arm-none-eabi/4.7.3/armv7e-m/fpu\libgcc.a(_arm_muldivdf3.o)
                0x0800f7f8                __aeabi_dmul
                0x0800f7f8                __muldf3
                0x0800fa4c                __divdf3
                0x0800fa4c                __aeabi_ddiv
 .text          0x0800fc1c      0x110 f:/emblocks/2.30/share/em_armgcc/bin/../lib/gcc/arm-none-eabi/4.7.3/armv7e-m/fpu\libgcc.a(_arm_cmpdf2.o)
                0x0800fc1c                __gtdf2
                0x0800fc1c                __gedf2
                0x0800fc24                __ltdf2
                0x0800fc24                __ledf2
                0x0800fc2c                __nedf2
                0x0800fc2c                __eqdf2
                0x0800fc2c                __cmpdf2
                0x0800fca8                __aeabi_cdrcmple
                0x0800fcb8                __aeabi_cdcmpeq
                0x0800fcb8                __aeabi_cdcmple
                0x0800fcc8                __aeabi_dcmpeq
                0x0800fcdc                __aeabi_dcmplt
                0x0800fcf0                __aeabi_dcmple
                0x0800fd04                __aeabi_dcmpge
                0x0800fd18                __aeabi_dcmpgt
 .text          0x0800fd2c       0x50 f:/emblocks/2.30/share/em_armgcc/bin/../lib/gcc/arm-none-eabi/4.7.3/armv7e-m/fpu\libgcc.a(_arm_fixdfsi.o)
                0x0800fd2c                __aeabi_d2iz
                0x0800fd2c                __fixdfsi
 .text          0x0800fd7c       0x40 f:/emblocks/2.30/share/em_armgcc/bin/../lib/gcc/arm-none-eabi/4.7.3/armv7e-m/fpu\libgcc.a(_arm_fixunsdfsi.o)
                0x0800fd7c                __aeabi_d2uiz
                0x0800fd7c                __fixunsdfsi
 .text          0x0800fdbc       0xa0 f:/emblocks/2.30/share/em_armgcc/bin/../lib/gcc/arm-none-eabi/4.7.3/armv7e-m/fpu\libgcc.a(_arm_truncdfsf2.o)
                0x0800fdbc                __truncdfsf2
                0x0800fdbc                __aeabi_d2f
 .text.__errno  0x0800fe5c        0xc f:/emblocks/2.30/share/em_armgcc/bin/../lib/gcc/arm-none-eabi/4.7.3/../../../../arm-none-eabi/lib/armv7e-m/fpu\libc_f.a(lib_a-errno.o)
                0x0800fe5c                __errno
 .text.exit     0x0800fe68       0x20 f:/emblocks/2.30/share/em_armgcc/bin/../lib/gcc/arm-none-eabi/4.7.3/../../../../arm-none-eabi/lib/armv7e-m/fpu\libc_f.a(lib_a-exit.o)
                0x0800fe68                exit
 .text.__libc_init_array
                0x0800fe88       0x50 f:/emblocks/2.30/share/em_armgcc/bin/../lib/gcc/arm-none-eabi/4.7.3/../../../../arm-none-eabi/lib/armv7e-m/fpu\libc_f.a(lib_a-init.o)
                0x0800fe88                __libc_init_array
 .text          0x0800fed8      0x134 f:/emblocks/2.30/share/em_armgcc/bin/../lib/gcc/arm-none-eabi/4.7.3/../../../../arm-none-eabi/lib/armv7e-m/fpu\libc_f.a(lib_a-memcpy.o)
                0x0800fed8                memcpy
 .text.memset   0x0801000c       0x98 f:/emblocks/2.30/share/em_armgcc/bin/../lib/gcc/arm-none-eabi/4.7.3/../../../../arm-none-eabi/lib/armv7e-m/fpu\libc_f.a(lib_a-memset.o)
                0x0801000c                memset
 .text.strlen   0x080100a4       0x60 f:/emblocks/2.30/share/em_armgcc/bin/../lib/gcc/arm-none-eabi/4.7.3/../../../../arm-none-eabi/lib/armv7e-m/fpu\libc_f.a(lib_a-strlen.o)
                0x080100a4                strlen
 .text.startup.register_fini
                0x08010104       0x14 f:/emblocks/2.30/share/em_armgcc/bin/../lib/gcc/arm-none-eabi/4.7.3/../../../../arm-none-eabi/lib/armv7e-m/fpu\libc_f.a(lib_a-__call_atexit.o)
 .text.__call_exitprocs
                0x08010118      0x164 f:/emblocks/2.30/share/em_armgcc/bin/../lib/gcc/arm-none-eabi/4.7.3/../../../../arm-none-eabi/lib/armv7e-m/fpu\libc_f.a(lib_a-__call_atexit.o)
                0x08010118                __call_exitprocs
 .text.atexit   0x0801027c        0xc f:/emblocks/2.30/share/em_armgcc/bin/../lib/gcc/arm-none-eabi/4.7.3/../../../../arm-none-eabi/lib/armv7e-m/fpu\libc_f.a(lib_a-atexit.o)
                0x0801027c                atexit
 .text.__libc_fini_array
                0x08010288       0x2c f:/emblocks/2.30/share/em_armgcc/bin/../lib/gcc/arm-none-eabi/4.7.3/../../../../arm-none-eabi/lib/armv7e-m/fpu\libc_f.a(lib_a-fini.o)
                0x08010288                __libc_fini_array
 .text.__register_exitproc
                0x080102b4       0xb0 f:/emblocks/2.30/share/em_armgcc/bin/../lib/gcc/arm-none-eabi/4.7.3/../../../../arm-none-eabi/lib/armv7e-m/fpu\libc_f.a(lib_a-__atexit.o)
                0x080102b4                __register_exitproc
 *fill*         0x08010364        0x4 
 .text.atan     0x08010368      0x3b0 f:/emblocks/2.30/share/em_armgcc/bin/../lib/gcc/arm-none-eabi/4.7.3/../../../../arm-none-eabi/lib/armv7e-m/fpu\libm_f.a(lib_a-s_atan.o)
                0x08010368                atan
 .text.cos      0x08010718       0xb0 f:/emblocks/2.30/share/em_armgcc/bin/../lib/gcc/arm-none-eabi/4.7.3/../../../../arm-none-eabi/lib/armv7e-m/fpu\libm_f.a(lib_a-s_cos.o)
                0x08010718                cos
 .text.fabs     0x080107c8       0x14 f:/emblocks/2.30/share/em_armgcc/bin/../lib/gcc/arm-none-eabi/4.7.3/../../../../arm-none-eabi/lib/armv7e-m/fpu\libm_f.a(lib_a-s_fabs.o)
                0x080107c8                fabs
 *fill*         0x080107dc        0x4 
 .text.sin      0x080107e0       0xb0 f:/emblocks/2.30/share/em_armgcc/bin/../lib/gcc/arm-none-eabi/4.7.3/../../../../arm-none-eabi/lib/armv7e-m/fpu\libm_f.a(lib_a-s_sin.o)
                0x080107e0                sin
 .text.cosf     0x08010890       0x74 f:/emblocks/2.30/share/em_armgcc/bin/../lib/gcc/arm-none-eabi/4.7.3/../../../../arm-none-eabi/lib/armv7e-m/fpu\libm_f.a(lib_a-sf_cos.o)
                0x08010890                cosf
 .text.fabsf    0x08010904       0x10 f:/emblocks/2.30/share/em_armgcc/bin/../lib/gcc/arm-none-eabi/4.7.3/../../../../arm-none-eabi/lib/armv7e-m/fpu\libm_f.a(lib_a-sf_fabs.o)
                0x08010904                fabsf
 .text.sinf     0x08010914       0x78 f:/emblocks/2.30/share/em_armgcc/bin/../lib/gcc/arm-none-eabi/4.7.3/../../../../arm-none-eabi/lib/armv7e-m/fpu\libm_f.a(lib_a-sf_sin.o)
                0x08010914                sinf
 .text.fmod     0x0801098c       0xd4 f:/emblocks/2.30/share/em_armgcc/bin/../lib/gcc/arm-none-eabi/4.7.3/../../../../arm-none-eabi/lib/armv7e-m/fpu\libm_f.a(lib_a-w_fmod.o)
                0x0801098c                fmod
 .text.pow      0x08010a60      0x384 f:/emblocks/2.30/share/em_armgcc/bin/../lib/gcc/arm-none-eabi/4.7.3/../../../../arm-none-eabi/lib/armv7e-m/fpu\libm_f.a(lib_a-w_pow.o)
                0x08010a60                pow
 .text.sqrt     0x08010de4       0xb4 f:/emblocks/2.30/share/em_armgcc/bin/../lib/gcc/arm-none-eabi/4.7.3/../../../../arm-none-eabi/lib/armv7e-m/fpu\libm_f.a(lib_a-w_sqrt.o)
                0x08010de4                sqrt
 .text.sqrtf    0x08010e98       0xb0 f:/emblocks/2.30/share/em_armgcc/bin/../lib/gcc/arm-none-eabi/4.7.3/../../../../arm-none-eabi/lib/armv7e-m/fpu\libm_f.a(lib_a-wf_sqrt.o)
                0x08010e98                sqrtf
 .text.__ieee754_fmod
                0x08010f48      0x298 f:/emblocks/2.30/share/em_armgcc/bin/../lib/gcc/arm-none-eabi/4.7.3/../../../../arm-none-eabi/lib/armv7e-m/fpu\libm_f.a(lib_a-e_fmod.o)
                0x08010f48                __ieee754_fmod
 .text.__ieee754_pow
                0x080111e0      0xa68 f:/emblocks/2.30/share/em_armgcc/bin/../lib/gcc/arm-none-eabi/4.7.3/../../../../arm-none-eabi/lib/armv7e-m/fpu\libm_f.a(lib_a-e_pow.o)
                0x080111e0                __ieee754_pow
 .text.__ieee754_rem_pio2
                0x08011c48      0x408 f:/emblocks/2.30/share/em_armgcc/bin/../lib/gcc/arm-none-eabi/4.7.3/../../../../arm-none-eabi/lib/armv7e-m/fpu\libm_f.a(lib_a-e_rem_pio2.o)
                0x08011c48                __ieee754_rem_pio2
 .text.__ieee754_sqrt
                0x08012050      0x1a8 f:/emblocks/2.30/share/em_armgcc/bin/../lib/gcc/arm-none-eabi/4.7.3/../../../../arm-none-eabi/lib/armv7e-m/fpu\libm_f.a(lib_a-e_sqrt.o)
                0x08012050                __ieee754_sqrt
 .text.__ieee754_rem_pio2f
                0x080121f8      0x25c f:/emblocks/2.30/share/em_armgcc/bin/../lib/gcc/arm-none-eabi/4.7.3/../../../../arm-none-eabi/lib/armv7e-m/fpu\libm_f.a(lib_a-ef_rem_pio2.o)
                0x080121f8                __ieee754_rem_pio2f
 .text.__ieee754_sqrtf
                0x08012454       0xa8 f:/emblocks/2.30/share/em_armgcc/bin/../lib/gcc/arm-none-eabi/4.7.3/../../../../arm-none-eabi/lib/armv7e-m/fpu\libm_f.a(lib_a-ef_sqrt.o)
                0x08012454                __ieee754_sqrtf
 *fill*         0x080124fc        0x4 
 .text.__kernel_cos
                0x08012500      0x260 f:/emblocks/2.30/share/em_armgcc/bin/../lib/gcc/arm-none-eabi/4.7.3/../../../../arm-none-eabi/lib/armv7e-m/fpu\libm_f.a(lib_a-k_cos.o)
                0x08012500                __kernel_cos
 .text.__kernel_rem_pio2
                0x08012760      0x768 f:/emblocks/2.30/share/em_armgcc/bin/../lib/gcc/arm-none-eabi/4.7.3/../../../../arm-none-eabi/lib/armv7e-m/fpu\libm_f.a(lib_a-k_rem_pio2.o)
                0x08012760                __kernel_rem_pio2
 .text.__kernel_sin
                0x08012ec8      0x178 f:/emblocks/2.30/share/em_armgcc/bin/../lib/gcc/arm-none-eabi/4.7.3/../../../../arm-none-eabi/lib/armv7e-m/fpu\libm_f.a(lib_a-k_sin.o)
                0x08012ec8                __kernel_sin
 .text.__kernel_cosf
                0x08013040      0x100 f:/emblocks/2.30/share/em_armgcc/bin/../lib/gcc/arm-none-eabi/4.7.3/../../../../arm-none-eabi/lib/armv7e-m/fpu\libm_f.a(lib_a-kf_cos.o)
                0x08013040                __kernel_cosf
 .text.__kernel_rem_pio2f
                0x08013140      0x5e0 f:/emblocks/2.30/share/em_armgcc/bin/../lib/gcc/arm-none-eabi/4.7.3/../../../../arm-none-eabi/lib/armv7e-m/fpu\libm_f.a(lib_a-kf_rem_pio2.o)
                0x08013140                __kernel_rem_pio2f
 .text.__kernel_sinf
                0x08013720       0x90 f:/emblocks/2.30/share/em_armgcc/bin/../lib/gcc/arm-none-eabi/4.7.3/../../../../arm-none-eabi/lib/armv7e-m/fpu\libm_f.a(lib_a-kf_sin.o)
                0x08013720                __kernel_sinf
 .text.finite   0x080137b0       0x10 f:/emblocks/2.30/share/em_armgcc/bin/../lib/gcc/arm-none-eabi/4.7.3/../../../../arm-none-eabi/lib/armv7e-m/fpu\libm_f.a(lib_a-s_finite.o)
                0x080137b0                finite
 .text.floor    0x080137c0      0x110 f:/emblocks/2.30/share/em_armgcc/bin/../lib/gcc/arm-none-eabi/4.7.3/../../../../arm-none-eabi/lib/armv7e-m/fpu\libm_f.a(lib_a-s_floor.o)
                0x080137c0                floor
 .text.__fpclassifyd
                0x080138d0       0x54 f:/emblocks/2.30/share/em_armgcc/bin/../lib/gcc/arm-none-eabi/4.7.3/../../../../arm-none-eabi/lib/armv7e-m/fpu\libm_f.a(lib_a-s_fpclassify.o)
                0x080138d0                __fpclassifyd
 .text.matherr  0x08013924        0x4 f:/emblocks/2.30/share/em_armgcc/bin/../lib/gcc/arm-none-eabi/4.7.3/../../../../arm-none-eabi/lib/armv7e-m/fpu\libm_f.a(lib_a-s_matherr.o)
                0x08013924                matherr
 .text.nan      0x08013928       0x10 f:/emblocks/2.30/share/em_armgcc/bin/../lib/gcc/arm-none-eabi/4.7.3/../../../../arm-none-eabi/lib/armv7e-m/fpu\libm_f.a(lib_a-s_nan.o)
                0x08013928                nan
 .text.rint     0x08013938      0x11c f:/emblocks/2.30/share/em_armgcc/bin/../lib/gcc/arm-none-eabi/4.7.3/../../../../arm-none-eabi/lib/armv7e-m/fpu\libm_f.a(lib_a-s_rint.o)
                0x08013938                rint
 *fill*         0x08013a54        0x4 
 .text.scalbn   0x08013a58      0x110 f:/emblocks/2.30/share/em_armgcc/bin/../lib/gcc/arm-none-eabi/4.7.3/../../../../arm-none-eabi/lib/armv7e-m/fpu\libm_f.a(lib_a-s_scalbn.o)
                0x08013a58                scalbn
 .text.floorf   0x08013b68       0x84 f:/emblocks/2.30/share/em_armgcc/bin/../lib/gcc/arm-none-eabi/4.7.3/../../../../arm-none-eabi/lib/armv7e-m/fpu\libm_f.a(lib_a-sf_floor.o)
                0x08013b68                floorf
 .text.__fpclassifyf
                0x08013bec       0x38 f:/emblocks/2.30/share/em_armgcc/bin/../lib/gcc/arm-none-eabi/4.7.3/../../../../arm-none-eabi/lib/armv7e-m/fpu\libm_f.a(lib_a-sf_fpclassify.o)
                0x08013bec                __fpclassifyf
 .text.scalbnf  0x08013c24       0xcc f:/emblocks/2.30/share/em_armgcc/bin/../lib/gcc/arm-none-eabi/4.7.3/../../../../arm-none-eabi/lib/armv7e-m/fpu\libm_f.a(lib_a-sf_scalbn.o)
                0x08013c24                scalbnf
 .text.copysign
                0x08013cf0       0x24 f:/emblocks/2.30/share/em_armgcc/bin/../lib/gcc/arm-none-eabi/4.7.3/../../../../arm-none-eabi/lib/armv7e-m/fpu\libm_f.a(lib_a-s_copysign.o)
                0x08013cf0                copysign
 .text.copysignf
                0x08013d14       0x18 f:/emblocks/2.30/share/em_armgcc/bin/../lib/gcc/arm-none-eabi/4.7.3/../../../../arm-none-eabi/lib/armv7e-m/fpu\libm_f.a(lib_a-sf_copysign.o)
                0x08013d14                copysignf
 .text._exit    0x08013d2c        0x4 f:/emblocks/2.30/share/em_armgcc/bin/../lib/gcc/arm-none-eabi/4.7.3/../../../../arm-none-eabi/lib/armv7e-m/fpu\libnosys_f.a(_exit.o)
                0x08013d2c                _exit
 *(.init)
 .init          0x08013d30        0x4 f:/emblocks/2.30/share/em_armgcc/bin/../lib/gcc/arm-none-eabi/4.7.3/armv7e-m/fpu/crti.o
                0x08013d30                _init
 .init          0x08013d34        0x8 f:/emblocks/2.30/share/em_armgcc/bin/../lib/gcc/arm-none-eabi/4.7.3/armv7e-m/fpu/crtn.o
 *(.fini)
 .fini          0x08013d3c        0x4 f:/emblocks/2.30/share/em_armgcc/bin/../lib/gcc/arm-none-eabi/4.7.3/armv7e-m/fpu/crti.o
                0x08013d3c                _fini
 .fini          0x08013d40        0x8 f:/emblocks/2.30/share/em_armgcc/bin/../lib/gcc/arm-none-eabi/4.7.3/armv7e-m/fpu/crtn.o
 *crtbegin.o(.ctors)
 *crtbegin?.o(.ctors)
 *(EXCLUDE_FILE(*crtend.o *crtend?.o) .ctors)
 *(SORT(.ctors.*))
 *(.ctors)
 *crtbegin.o(.dtors)
 *crtbegin?.o(.dtors)
 *(EXCLUDE_FILE(*crtend.o *crtend?.o) .dtors)
 *(SORT(.dtors.*))
 *(.dtors)
 *(.rodata*)
 .rodata        0x08013d48       0x28 obj\debug\robot\robot.o
 .rodata        0x08013d70       0x78 obj\debug\usb app\usbd_desc.o
 .rodata        0x08013de8        0xc obj\debug\src\main.o
 .rodata.str1.1
                0x08013df4        0x4 f:/emblocks/2.30/share/em_armgcc/bin/../lib/gcc/arm-none-eabi/4.7.3/../../../../arm-none-eabi/lib/armv7e-m/fpu\librdimon.a(rdimon-syscalls.o)
 .rodata.str1.4
                0x08013df8        0x2 f:/emblocks/2.30/share/em_armgcc/bin/../lib/gcc/arm-none-eabi/4.7.3/../../../../arm-none-eabi/lib/armv7e-m/fpu\libc_f.a(lib_a-impure.o)
                                  0x4 (size before relaxing)
 *fill*         0x08013dfa        0x2 
 .rodata._global_impure_ptr
                0x08013dfc        0x4 f:/emblocks/2.30/share/em_armgcc/bin/../lib/gcc/arm-none-eabi/4.7.3/../../../../arm-none-eabi/lib/armv7e-m/fpu\libc_f.a(lib_a-impure.o)
                0x08013dfc                _global_impure_ptr
 .rodata.atanlo
                0x08013e00       0x20 f:/emblocks/2.30/share/em_armgcc/bin/../lib/gcc/arm-none-eabi/4.7.3/../../../../arm-none-eabi/lib/armv7e-m/fpu\libm_f.a(lib_a-s_atan.o)
 .rodata.atanhi
                0x08013e20       0x20 f:/emblocks/2.30/share/em_armgcc/bin/../lib/gcc/arm-none-eabi/4.7.3/../../../../arm-none-eabi/lib/armv7e-m/fpu\libm_f.a(lib_a-s_atan.o)
 .rodata.str1.4
                0x08013e40        0x5 f:/emblocks/2.30/share/em_armgcc/bin/../lib/gcc/arm-none-eabi/4.7.3/../../../../arm-none-eabi/lib/armv7e-m/fpu\libm_f.a(lib_a-w_fmod.o)
                                  0x8 (size before relaxing)
 *fill*         0x08013e45        0x3 
 .rodata.str1.4
                0x08013e48        0x4 f:/emblocks/2.30/share/em_armgcc/bin/../lib/gcc/arm-none-eabi/4.7.3/../../../../arm-none-eabi/lib/armv7e-m/fpu\libm_f.a(lib_a-w_pow.o)
 .rodata.str1.4
                0x08013e4c        0x5 f:/emblocks/2.30/share/em_armgcc/bin/../lib/gcc/arm-none-eabi/4.7.3/../../../../arm-none-eabi/lib/armv7e-m/fpu\libm_f.a(lib_a-w_sqrt.o)
                                  0x8 (size before relaxing)
 *fill*         0x08013e51        0x3 
 .rodata.str1.4
                0x08013e54        0x6 f:/emblocks/2.30/share/em_armgcc/bin/../lib/gcc/arm-none-eabi/4.7.3/../../../../arm-none-eabi/lib/armv7e-m/fpu\libm_f.a(lib_a-wf_sqrt.o)
                                  0x8 (size before relaxing)
 *fill*         0x08013e5a        0x6 
 .rodata.Zero   0x08013e60       0x10 f:/emblocks/2.30/share/em_armgcc/bin/../lib/gcc/arm-none-eabi/4.7.3/../../../../arm-none-eabi/lib/armv7e-m/fpu\libm_f.a(lib_a-e_fmod.o)
 .rodata.dp_h   0x08013e70       0x10 f:/emblocks/2.30/share/em_armgcc/bin/../lib/gcc/arm-none-eabi/4.7.3/../../../../arm-none-eabi/lib/armv7e-m/fpu\libm_f.a(lib_a-e_pow.o)
 .rodata.dp_l   0x08013e80       0x10 f:/emblocks/2.30/share/em_armgcc/bin/../lib/gcc/arm-none-eabi/4.7.3/../../../../arm-none-eabi/lib/armv7e-m/fpu\libm_f.a(lib_a-e_pow.o)
 .rodata.bp     0x08013e90       0x10 f:/emblocks/2.30/share/em_armgcc/bin/../lib/gcc/arm-none-eabi/4.7.3/../../../../arm-none-eabi/lib/armv7e-m/fpu\libm_f.a(lib_a-e_pow.o)
 .rodata.str1.4
                0x00000000        0x8 f:/emblocks/2.30/share/em_armgcc/bin/../lib/gcc/arm-none-eabi/4.7.3/../../../../arm-none-eabi/lib/armv7e-m/fpu\libm_f.a(lib_a-e_pow.o)
                                  0x4 (size before relaxing)
 .rodata.npio2_hw
                0x08013ea0       0x80 f:/emblocks/2.30/share/em_armgcc/bin/../lib/gcc/arm-none-eabi/4.7.3/../../../../arm-none-eabi/lib/armv7e-m/fpu\libm_f.a(lib_a-e_rem_pio2.o)
 .rodata.two_over_pi
                0x08013f20      0x108 f:/emblocks/2.30/share/em_armgcc/bin/../lib/gcc/arm-none-eabi/4.7.3/../../../../arm-none-eabi/lib/armv7e-m/fpu\libm_f.a(lib_a-e_rem_pio2.o)
 .rodata.npio2_hw
                0x08014028       0x80 f:/emblocks/2.30/share/em_armgcc/bin/../lib/gcc/arm-none-eabi/4.7.3/../../../../arm-none-eabi/lib/armv7e-m/fpu\libm_f.a(lib_a-ef_rem_pio2.o)
 .rodata.two_over_pi
                0x080140a8      0x318 f:/emblocks/2.30/share/em_armgcc/bin/../lib/gcc/arm-none-eabi/4.7.3/../../../../arm-none-eabi/lib/armv7e-m/fpu\libm_f.a(lib_a-ef_rem_pio2.o)
 .rodata.init_jk
                0x080143c0       0x10 f:/emblocks/2.30/share/em_armgcc/bin/../lib/gcc/arm-none-eabi/4.7.3/../../../../arm-none-eabi/lib/armv7e-m/fpu\libm_f.a(lib_a-k_rem_pio2.o)
 .rodata.PIo2   0x080143d0       0x40 f:/emblocks/2.30/share/em_armgcc/bin/../lib/gcc/arm-none-eabi/4.7.3/../../../../arm-none-eabi/lib/armv7e-m/fpu\libm_f.a(lib_a-k_rem_pio2.o)
 .rodata.init_jk
                0x08014410        0xc f:/emblocks/2.30/share/em_armgcc/bin/../lib/gcc/arm-none-eabi/4.7.3/../../../../arm-none-eabi/lib/armv7e-m/fpu\libm_f.a(lib_a-kf_rem_pio2.o)
 .rodata.PIo2   0x0801441c       0x2c f:/emblocks/2.30/share/em_armgcc/bin/../lib/gcc/arm-none-eabi/4.7.3/../../../../arm-none-eabi/lib/armv7e-m/fpu\libm_f.a(lib_a-kf_rem_pio2.o)
 .rodata.TWO52  0x08014448       0x10 f:/emblocks/2.30/share/em_armgcc/bin/../lib/gcc/arm-none-eabi/4.7.3/../../../../arm-none-eabi/lib/armv7e-m/fpu\libm_f.a(lib_a-s_rint.o)
 *(.eh_frame*)
 .eh_frame      0x08014458        0x0 f:/emblocks/2.30/share/em_armgcc/bin/../lib/gcc/arm-none-eabi/4.7.3/armv7e-m/fpu/crtbegin.o
 .eh_frame      0x08014458        0x4 f:/emblocks/2.30/share/em_armgcc/bin/../lib/gcc/arm-none-eabi/4.7.3/armv7e-m/fpu/crtend.o

.glue_7         0x0801445c        0x0
 .glue_7        0x00000000        0x0 linker stubs

.glue_7t        0x0801445c        0x0
 .glue_7t       0x00000000        0x0 linker stubs

.vfp11_veneer   0x0801445c        0x0
 .vfp11_veneer  0x00000000        0x0 linker stubs

.v4_bx          0x0801445c        0x0
 .v4_bx         0x00000000        0x0 linker stubs

.iplt           0x0801445c        0x0
 .iplt          0x00000000        0x0 f:/emblocks/2.30/share/em_armgcc/bin/../lib/gcc/arm-none-eabi/4.7.3/armv7e-m/fpu/crtbegin.o

.ARM.extab
 *(.ARM.extab* .gnu.linkonce.armextab.*)
                0x0801445c                __exidx_start = .

.ARM.exidx      0x0801445c        0x8
 *(.ARM.exidx* .gnu.linkonce.armexidx.*)
 .ARM.exidx     0x0801445c        0x8 f:/emblocks/2.30/share/em_armgcc/bin/../lib/gcc/arm-none-eabi/4.7.3/../../../../arm-none-eabi/lib/armv7e-m/fpu/rdimon-crt0.o
                0x08014464                __exidx_end = .
                0x08014464                __etext = .

.rel.dyn        0x08014464        0x0
 .rel.iplt      0x00000000        0x0 f:/emblocks/2.30/share/em_armgcc/bin/../lib/gcc/arm-none-eabi/4.7.3/armv7e-m/fpu/crtbegin.o

.data           0x20000000      0xe2c load address 0x08014464
                0x20000000                __data_start__ = .
 *(vtable)
 *(.data*)
 .data          0x20000000      0x110 f:/emblocks/2.30/share/em_armgcc/bin/../lib/gcc/arm-none-eabi/4.7.3/../../../../arm-none-eabi/lib/armv7e-m/fpu/rdimon-crt0.o
                0x20000008                __stack_base__
 .data.PWM_CCR  0x20000110       0x28 obj\debug\board\board.o
                0x20000110                PWM_CCR
 .data.PWM_DIR  0x20000138       0x28 obj\debug\board\board.o
                0x20000138                PWM_DIR
 .data.GENERAL_PIN
                0x20000160       0x28 obj\debug\board\board.o
                0x20000160                GENERAL_PIN
 .data.EXTI_PIN
                0x20000188       0x28 obj\debug\board\board.o
                0x20000188                EXTI_PIN
 .data.V12_PIN  0x200001b0       0x18 obj\debug\board\board.o
                0x200001b0                V12_PIN
 .data.dmaData  0x200001c8       0x24 obj\debug\board\usart.o
                0x200001c8                dmaData
 .data.encData  0x200001ec       0x1c obj\debug\board\usart.o
                0x200001ec                encData
 .data.usbd_cdc_CfgDesc
                0x20000208       0x44 obj\debug\library\cdc\src\usbd_cdc_core.o
                0x20000208                usbd_cdc_CfgDesc
 .data.cdcCmd   0x2000024c        0x4 obj\debug\library\cdc\src\usbd_cdc_core.o
 .data.USBD_CDC_cb
                0x20000250       0x2c obj\debug\library\cdc\src\usbd_cdc_core.o
                0x20000250                USBD_CDC_cb
 .data.USBD_DCD_INT_cb
                0x2000027c       0x2c obj\debug\library\core\src\usbd_core.o
                0x2000027c                USBD_DCD_INT_cb
 .data.USBD_DCD_INT_fops
                0x200002a8        0x4 obj\debug\library\core\src\usbd_core.o
                0x200002a8                USBD_DCD_INT_fops
 .data.inCommand
                0x200002ac        0x8 obj\debug\robot\communication.o
                0x200002ac                inCommand
 .data.receiveBufferStart
                0x200002b4        0x4 obj\debug\robot\dynamixel_control.o
                0x200002b4                receiveBufferStart
 .data.receiveBufferEnd
                0x200002b8        0x4 obj\debug\robot\dynamixel_control.o
                0x200002b8                receiveBufferEnd
 .data.MLineSpeed
                0x200002bc       0x30 obj\debug\robot\kinematics.o
                0x200002bc                MLineSpeed
 .data.MRotSpeed
                0x200002ec       0x30 obj\debug\robot\kinematics.o
                0x200002ec                MRotSpeed
 .data.InverseKinematics
                0x2000031c       0x40 obj\debug\robot\kinematics.o
                0x2000031c                InverseKinematics
 .data.MAX_ACCEL
                0x2000035c        0x4 obj\debug\robot\regulator.o
                0x2000035c                MAX_ACCEL
 .data.MAX_ACCEL_INC
                0x20000360        0x4 obj\debug\robot\regulator.o
                0x20000360                MAX_ACCEL_INC
 .data.ACCEL_INC
                0x20000364        0x4 obj\debug\robot\regulator.o
                0x20000364                ACCEL_INC
 .data.points   0x20000368      0x4b0 obj\debug\robot\regulator.o
                0x20000368                points
 .data.normalVelFast
                0x20000818       0x14 obj\debug\robot\regulator.o
                0x20000818                normalVelFast
 .data.stopVelFast
                0x2000082c       0x14 obj\debug\robot\regulator.o
                0x2000082c                stopVelFast
 .data.standVelFast
                0x20000840       0x14 obj\debug\robot\regulator.o
                0x20000840                standVelFast
 .data.normalVelSlow
                0x20000854       0x14 obj\debug\robot\regulator.o
                0x20000854                normalVelSlow
 .data.stopVelSlow
                0x20000868       0x14 obj\debug\robot\regulator.o
                0x20000868                stopVelSlow
 .data.standVelSlow
                0x2000087c       0x14 obj\debug\robot\regulator.o
                0x2000087c                standVelSlow
 .data.normalRotFast
                0x20000890       0x14 obj\debug\robot\regulator.o
                0x20000890                normalRotFast
 .data.stopRotFast
                0x200008a4       0x14 obj\debug\robot\regulator.o
                0x200008a4                stopRotFast
 .data.standRotFast
                0x200008b8       0x14 obj\debug\robot\regulator.o
                0x200008b8                standRotFast
 .data.normalRotSlow
                0x200008cc       0x14 obj\debug\robot\regulator.o
                0x200008cc                normalRotSlow
 .data.stopRotSlow
                0x200008e0       0x14 obj\debug\robot\regulator.o
                0x200008e0                stopRotSlow
 .data.standRotSlow
                0x200008f4       0x14 obj\debug\robot\regulator.o
                0x200008f4                standRotSlow
 .data.speedType
                0x20000908       0x18 obj\debug\robot\regulator.o
                0x20000908                speedType
 .data.rotType  0x20000920       0x18 obj\debug\robot\regulator.o
                0x20000920                rotType
 .data.curState
                0x20000938        0x8 obj\debug\robot\robot.o
                0x20000938                curState
 .data.encCnt   0x20000940       0x10 obj\debug\robot\robot.o
                0x20000940                encCnt
 .data.WHEELS   0x20000950        0x4 obj\debug\robot\robot.o
                0x20000950                WHEELS
 .data.linecoding
                0x20000954        0x8 obj\debug\usb app\usbd_cdc_vcp.o
                0x20000954                linecoding
 .data.VCP_fops
                0x2000095c       0x14 obj\debug\usb app\usbd_cdc_vcp.o
                0x2000095c                VCP_fops
 .data.USR_desc
                0x20000970       0x1c obj\debug\usb app\usbd_desc.o
                0x20000970                USR_desc
 .data.USBD_DeviceDesc
                0x2000098c       0x14 obj\debug\usb app\usbd_desc.o
                0x2000098c                USBD_DeviceDesc
 .data.USBD_LangIDDesc
                0x200009a0        0x4 obj\debug\usb app\usbd_desc.o
                0x200009a0                USBD_LangIDDesc
 .data.USBD_StringSerial
                0x200009a4       0x1c obj\debug\usb app\usbd_desc.o
                0x200009a4                USBD_StringSerial
 .data.USR_cb   0x200009c0       0x1c obj\debug\usb app\usbd_usr.o
                0x200009c0                USR_cb
 .data.APBAHBPrescTable
                0x200009dc       0x10 obj\debug\spl\src\stm32f4xx_rcc.o
 *fill*         0x200009ec        0x4 
 .data.impure_data
                0x200009f0      0x428 f:/emblocks/2.30/share/em_armgcc/bin/../lib/gcc/arm-none-eabi/4.7.3/../../../../arm-none-eabi/lib/armv7e-m/fpu\libc_f.a(lib_a-impure.o)
 .data._impure_ptr
                0x20000e18        0x4 f:/emblocks/2.30/share/em_armgcc/bin/../lib/gcc/arm-none-eabi/4.7.3/../../../../arm-none-eabi/lib/armv7e-m/fpu\libc_f.a(lib_a-impure.o)
                0x20000e18                _impure_ptr
 .data.__fdlib_version
                0x20000e1c        0x1 f:/emblocks/2.30/share/em_armgcc/bin/../lib/gcc/arm-none-eabi/4.7.3/../../../../arm-none-eabi/lib/armv7e-m/fpu\libm_f.a(lib_a-s_lib_ver.o)
                0x20000e1c                __fdlib_version
                0x20000e20                . = ALIGN (0x4)
 *fill*         0x20000e1d        0x3 
                0x20000e20                PROVIDE (__preinit_array_start, .)
 *(.preinit_array)
                0x20000e20                PROVIDE (__preinit_array_end, .)
                0x20000e20                . = ALIGN (0x4)
                0x20000e20                PROVIDE (__init_array_start, .)
 *(SORT(.init_array.*))
 .init_array.00000
                0x20000e20        0x4 f:/emblocks/2.30/share/em_armgcc/bin/../lib/gcc/arm-none-eabi/4.7.3/../../../../arm-none-eabi/lib/armv7e-m/fpu\libc_f.a(lib_a-__call_atexit.o)
 *(.init_array)
 .init_array    0x20000e24        0x4 f:/emblocks/2.30/share/em_armgcc/bin/../lib/gcc/arm-none-eabi/4.7.3/armv7e-m/fpu/crtbegin.o
                0x20000e28                PROVIDE (__init_array_end, .)
                0x20000e28                . = ALIGN (0x4)
                0x20000e28                PROVIDE (__fini_array_start, .)
 *(SORT(.fini_array.*))
 *(.fini_array)
 .fini_array    0x20000e28        0x4 f:/emblocks/2.30/share/em_armgcc/bin/../lib/gcc/arm-none-eabi/4.7.3/armv7e-m/fpu/crtbegin.o
                0x20000e2c                PROVIDE (__fini_array_end, .)
                0x20000e2c                . = ALIGN (0x4)
                0x20000e2c                __data_end__ = .

.jcr            0x20000e2c        0x0 load address 0x08015290
 .jcr           0x20000e2c        0x0 f:/emblocks/2.30/share/em_armgcc/bin/../lib/gcc/arm-none-eabi/4.7.3/armv7e-m/fpu/crtbegin.o

.igot.plt       0x20000e2c        0x0 load address 0x08015290
 .igot.plt      0x00000000        0x0 f:/emblocks/2.30/share/em_armgcc/bin/../lib/gcc/arm-none-eabi/4.7.3/armv7e-m/fpu/crtbegin.o

.bss            0x20000e2c     0x1530 load address 0x08015290
                0x20000e2c                __bss_start__ = .
 *(.bss*)
 .bss           0x20000e2c       0x1c f:/emblocks/2.30/share/em_armgcc/bin/../lib/gcc/arm-none-eabi/4.7.3/armv7e-m/fpu/crtbegin.o
 .bss.int_cnt   0x20000e48        0x2 obj\debug\board\interrupts.o
                0x20000e48                int_cnt
 *fill*         0x20000e4a        0x2 
 .bss.usbd_cdc_AltSet
                0x20000e4c        0x4 obj\debug\library\cdc\src\usbd_cdc_core.o
 .bss.APP_Rx_ptr_in
                0x20000e50        0x4 obj\debug\library\cdc\src\usbd_cdc_core.o
                0x20000e50                APP_Rx_ptr_in
 .bss.APP_Rx_ptr_out
                0x20000e54        0x4 obj\debug\library\cdc\src\usbd_cdc_core.o
                0x20000e54                APP_Rx_ptr_out
 .bss.APP_Rx_length
                0x20000e58        0x4 obj\debug\library\cdc\src\usbd_cdc_core.o
                0x20000e58                APP_Rx_length
 .bss.USB_Tx_State
                0x20000e5c        0x1 obj\debug\library\cdc\src\usbd_cdc_core.o
                0x20000e5c                USB_Tx_State
 *fill*         0x20000e5d        0x3 
 .bss.cdcLen    0x20000e60        0x4 obj\debug\library\cdc\src\usbd_cdc_core.o
 .bss.FrameCount.8664
                0x20000e64        0x4 obj\debug\library\cdc\src\usbd_cdc_core.o
 .bss.USBD_ep_status
                0x20000e68        0x4 obj\debug\library\core\src\usbd_req.o
                0x20000e68                USBD_ep_status
 .bss.USBD_default_cfg
                0x20000e6c        0x4 obj\debug\library\core\src\usbd_req.o
                0x20000e6c                USBD_default_cfg
 .bss.USBD_cfg_status
                0x20000e70        0x4 obj\debug\library\core\src\usbd_req.o
                0x20000e70                USBD_cfg_status
 .bss.cfgidx.8673
                0x20000e74        0x1 obj\debug\library\core\src\usbd_req.o
 .bss.servoErrorCode
                0x20000e75        0x1 obj\debug\robot\dynamixel_control.o
                0x20000e75                servoErrorCode
 *fill*         0x20000e76        0x2 
 .bss.regulatorOut
                0x20000e78       0x10 obj\debug\robot\regulator.o
                0x20000e78                regulatorOut
 .bss.vTargetGlob
                0x20000e88        0xc obj\debug\robot\regulator.o
                0x20000e88                vTargetGlob
 .bss.vTargetGlobF
                0x20000e94        0xc obj\debug\robot\regulator.o
                0x20000e94                vTargetGlobF
 .bss.totalPointComplite
                0x20000ea0        0x2 obj\debug\robot\regulator.o
                0x20000ea0                totalPointComplite
 *fill*         0x20000ea2        0x2 
 .bss.CurSpeed  0x20000ea4        0x8 obj\debug\robot\regulator.o
                0x20000ea4                CurSpeed
 .bss.CurAccel  0x20000eac        0x8 obj\debug\robot\regulator.o
                0x20000eac                CurAccel
 .bss.AccelInc1
                0x20000eb4        0x8 obj\debug\robot\regulator.o
                0x20000eb4                AccelInc1
 .bss.TargSpeed
                0x20000ebc        0x8 obj\debug\robot\regulator.o
                0x20000ebc                TargSpeed
 .bss.lastPoint
                0x20000ec4        0x1 obj\debug\robot\regulator.o
                0x20000ec4                lastPoint
 *fill*         0x20000ec5        0x3 
 .bss.distanceData
                0x20000ec8       0x48 obj\debug\robot\robot.o
                0x20000ec8                distanceData
 .bss.distance_digital
                0x20000f10       0x14 obj\debug\robot\robot.o
                0x20000f10                distance_digital
 .bss.distance_digital1
                0x20000f24       0x14 obj\debug\robot\robot.o
                0x20000f24                distance_digital1
 .bss.robotCoordTarget
                0x20000f38        0xc obj\debug\robot\robot.o
                0x20000f38                robotCoordTarget
 .bss.motorCoord
                0x20000f44       0x10 obj\debug\robot\robot.o
                0x20000f44                motorCoord
 .bss.robotCoord
                0x20000f54        0xc obj\debug\robot\robot.o
                0x20000f54                robotCoord
 .bss.robotSpeed
                0x20000f60        0xc obj\debug\robot\robot.o
                0x20000f60                robotSpeed
 .bss.monitor_stdout
                0x20000f6c        0x4 f:/emblocks/2.30/share/em_armgcc/bin/../lib/gcc/arm-none-eabi/4.7.3/../../../../arm-none-eabi/lib/armv7e-m/fpu\librdimon.a(rdimon-syscalls.o)
 .bss.monitor_stdin
                0x20000f70        0x4 f:/emblocks/2.30/share/em_armgcc/bin/../lib/gcc/arm-none-eabi/4.7.3/../../../../arm-none-eabi/lib/armv7e-m/fpu\librdimon.a(rdimon-syscalls.o)
 .bss.monitor_stderr
                0x20000f74        0x4 f:/emblocks/2.30/share/em_armgcc/bin/../lib/gcc/arm-none-eabi/4.7.3/../../../../arm-none-eabi/lib/armv7e-m/fpu\librdimon.a(rdimon-syscalls.o)
 .bss.openfiles
                0x20000f78       0xa0 f:/emblocks/2.30/share/em_armgcc/bin/../lib/gcc/arm-none-eabi/4.7.3/../../../../arm-none-eabi/lib/armv7e-m/fpu\librdimon.a(rdimon-syscalls.o)
 *(COMMON)
 COMMON         0x20001018       0x80 obj\debug\board\adc.o
                0x20001018                param
                0x20001036                dataIndex
                0x20001038                outData
                0x20001058                inData
 COMMON         0x20001098       0x30 obj\debug\board\board.o
                0x20001098                extiFlag
                0x2000109c                pinType
                0x200010a8                extiType
                0x200010b4                adcData
 COMMON         0x200010c8        0x3 obj\debug\board\interrupts.o
                0x200010c8                traceFlag
                0x200010c9                endFlag
                0x200010ca                movFlag
 *fill*         0x200010cb        0x1 
 COMMON         0x200010cc       0xd0 obj\debug\board\usart.o
                0x200010cc                usart1Data
                0x200010d4                Buffer
 COMMON         0x2000119c      0x88c obj\debug\library\cdc\src\usbd_cdc_core.o
                0x2000119c                usbd_cdc_OtherCfgDesc
                0x200011e0                USB_Rx_Buffer
                0x20001220                CmdBuff
                0x20001228                APP_Rx_Buffer
 COMMON         0x20001a28        0x4 obj\debug\library\core\src\usbd_core.o
                0x20001a28                SET_TEST_MODE
 COMMON         0x20001a2c       0x40 obj\debug\robot\dynamixel_control.o
                0x20001a2c                response
                0x20001a4c                receiveBuffer
 COMMON         0x20001a6c      0x1bc obj\debug\robot\regulator.o
                0x20001a6c                curPath
                0x20001aa8                ortoPos
                0x20001ae8                wheelsPidStruct
                0x20001be8                radSpeed
 COMMON         0x20001c28       0x29 obj\debug\robot\robot.o
                0x20001c28                motorSpeed
                0x20001c38                distanceFromIR
                0x20001c3c                outEnc
 *fill*         0x20001c51        0x3 
 COMMON         0x20001c54       0x10 obj\debug\usb app\usbd_cdc_vcp.o
                0x20001c54                USART_InitStructure
 COMMON         0x20001c64       0xff obj\debug\usb app\usbd_desc.o
                0x20001c64                USBD_StrDesc
 *fill*         0x20001d63        0x1 
 COMMON         0x20001d64      0x5f8 obj\debug\src\main.o
                0x20001d64                mode
                0x20001d68                USB_OTG_dev
                0x2000235c                __bss_end__ = .

.heap           0x20002360        0x0
                0x20002360                __end__ = .
                0x20002360                end = __end__
 *(.heap*)
 .heap          0x20002360        0x0 obj\debug\src\startup_stm32f4xx.o
                0x20002360                __HeapLimit = .

.stack_dummy    0x20002360      0x100
 *(.stack)
 .stack         0x20002360      0x100 obj\debug\src\startup_stm32f4xx.o
                0x20020000                __StackTop = (ORIGIN (RAM) + 0x20000)
                0x2001ff00                __StackLimit = (__StackTop - SIZEOF (.stack_dummy))
                0x20020000                PROVIDE (__stack, __StackTop)
                0x00000001                ASSERT ((__StackLimit >= __HeapLimit), region RAM overflowed with stack)
LOAD obj\debug\board\adc.o
LOAD obj\debug\board\board.o
LOAD obj\debug\board\interrupts.o
LOAD obj\debug\board\tim.o
LOAD obj\debug\board\usart.o
LOAD obj\debug\library\cdc\src\usbd_cdc_core.o
LOAD obj\debug\library\core\src\usb_core.o
LOAD obj\debug\library\core\src\usb_dcd.o
LOAD obj\debug\library\core\src\usb_dcd_int.o
LOAD obj\debug\library\core\src\usbd_core.o
LOAD obj\debug\library\core\src\usbd_ioreq.o
LOAD obj\debug\library\core\src\usbd_req.o
LOAD obj\debug\robot\communication.o
LOAD obj\debug\robot\dynamixel_control.o
LOAD obj\debug\robot\kinematics.o
LOAD obj\debug\robot\manipulators.o
LOAD obj\debug\robot\path.o
LOAD obj\debug\robot\regulator.o
LOAD obj\debug\robot\matrix.o
LOAD obj\debug\robot\robot.o
LOAD obj\debug\usb app\stm32fxxx_it.o
LOAD obj\debug\usb app\usb_bsp.o
LOAD obj\debug\usb app\usbd_cdc_vcp.o
LOAD obj\debug\usb app\usbd_desc.o
LOAD obj\debug\usb app\usbd_usr.o
LOAD obj\debug\spl\src\misc.o
LOAD obj\debug\spl\src\stm32f4xx_adc.o
LOAD obj\debug\spl\src\stm32f4xx_can.o
LOAD obj\debug\spl\src\stm32f4xx_cec.o
LOAD obj\debug\spl\src\stm32f4xx_crc.o
LOAD obj\debug\spl\src\stm32f4xx_cryp.o
LOAD obj\debug\spl\src\stm32f4xx_cryp_aes.o
LOAD obj\debug\spl\src\stm32f4xx_cryp_des.o
LOAD obj\debug\spl\src\stm32f4xx_cryp_tdes.o
LOAD obj\debug\spl\src\stm32f4xx_dac.o
LOAD obj\debug\spl\src\stm32f4xx_dbgmcu.o
LOAD obj\debug\spl\src\stm32f4xx_dcmi.o
LOAD obj\debug\spl\src\stm32f4xx_dma.o
LOAD obj\debug\spl\src\stm32f4xx_dma2d.o
LOAD obj\debug\spl\src\stm32f4xx_dsi.o
LOAD obj\debug\spl\src\stm32f4xx_exti.o
LOAD obj\debug\spl\src\stm32f4xx_gpio.o
LOAD obj\debug\spl\src\stm32f4xx_hash.o
LOAD obj\debug\spl\src\stm32f4xx_hash_md5.o
LOAD obj\debug\spl\src\stm32f4xx_hash_sha1.o
LOAD obj\debug\spl\src\stm32f4xx_i2c.o
LOAD obj\debug\spl\src\stm32f4xx_iwdg.o
LOAD obj\debug\spl\src\stm32f4xx_lptim.o
LOAD obj\debug\spl\src\stm32f4xx_ltdc.o
LOAD obj\debug\spl\src\stm32f4xx_pwr.o
LOAD obj\debug\spl\src\stm32f4xx_qspi.o
LOAD obj\debug\spl\src\stm32f4xx_rcc.o
LOAD obj\debug\spl\src\stm32f4xx_rng.o
LOAD obj\debug\spl\src\stm32f4xx_rtc.o
LOAD obj\debug\spl\src\stm32f4xx_sai.o
LOAD obj\debug\spl\src\stm32f4xx_sdio.o
LOAD obj\debug\spl\src\stm32f4xx_spdifrx.o
LOAD obj\debug\spl\src\stm32f4xx_spi.o
LOAD obj\debug\spl\src\stm32f4xx_syscfg.o
LOAD obj\debug\spl\src\stm32f4xx_tim.o
LOAD obj\debug\spl\src\stm32f4xx_usart.o
LOAD obj\debug\spl\src\stm32f4xx_wwdg.o
LOAD obj\debug\src\main.o
LOAD obj\debug\src\startup_stm32f4xx.o
LOAD obj\debug\src\system_stm32f4xx.o
LOAD f:/emblocks/2.30/share/em_armgcc/bin/../lib/gcc/arm-none-eabi/4.7.3/../../../../arm-none-eabi/lib/armv7e-m/fpu\librdimon.a
START GROUP
LOAD f:/emblocks/2.30/share/em_armgcc/bin/../lib/gcc/arm-none-eabi/4.7.3/armv7e-m/fpu\libgcc.a
LOAD f:/emblocks/2.30/share/em_armgcc/bin/../lib/gcc/arm-none-eabi/4.7.3/../../../../arm-none-eabi/lib/armv7e-m/fpu\libc_f.a
LOAD f:/emblocks/2.30/share/em_armgcc/bin/../lib/gcc/arm-none-eabi/4.7.3/../../../../arm-none-eabi/lib/armv7e-m/fpu\libg_f.a
LOAD f:/emblocks/2.30/share/em_armgcc/bin/../lib/gcc/arm-none-eabi/4.7.3/../../../../arm-none-eabi/lib/armv7e-m/fpu\libm_f.a
LOAD f:/emblocks/2.30/share/em_armgcc/bin/../lib/gcc/arm-none-eabi/4.7.3/../../../../arm-none-eabi/lib/armv7e-m/fpu\libnosys_f.a
END GROUP
LOAD f:/emblocks/2.30/share/em_armgcc/bin/../lib/gcc/arm-none-eabi/4.7.3/armv7e-m/fpu/crtend.o
LOAD f:/emblocks/2.30/share/em_armgcc/bin/../lib/gcc/arm-none-eabi/4.7.3/armv7e-m/fpu/crtn.o
OUTPUT(bin\Debug\Robot_V2.elf elf32-littlearm)

.ARM.attributes
                0x00000000       0x30
 .ARM.attributes
                0x00000000       0x22 f:/emblocks/2.30/share/em_armgcc/bin/../lib/gcc/arm-none-eabi/4.7.3/armv7e-m/fpu/crti.o
 .ARM.attributes
                0x00000022       0x34 f:/emblocks/2.30/share/em_armgcc/bin/../lib/gcc/arm-none-eabi/4.7.3/armv7e-m/fpu/crtbegin.o
 .ARM.attributes
                0x00000056       0x20 f:/emblocks/2.30/share/em_armgcc/bin/../lib/gcc/arm-none-eabi/4.7.3/../../../../arm-none-eabi/lib/armv7e-m/fpu/rdimon-crt0.o
 .ARM.attributes
                0x00000076       0x39 obj\debug\board\adc.o
 .ARM.attributes
                0x000000af       0x39 obj\debug\board\board.o
 .ARM.attributes
                0x000000e8       0x39 obj\debug\board\interrupts.o
 .ARM.attributes
                0x00000121       0x39 obj\debug\board\tim.o
 .ARM.attributes
                0x0000015a       0x39 obj\debug\board\usart.o
 .ARM.attributes
                0x00000193       0x39 obj\debug\library\cdc\src\usbd_cdc_core.o
 .ARM.attributes
                0x000001cc       0x39 obj\debug\library\core\src\usb_core.o
 .ARM.attributes
                0x00000205       0x39 obj\debug\library\core\src\usb_dcd.o
 .ARM.attributes
                0x0000023e       0x39 obj\debug\library\core\src\usb_dcd_int.o
 .ARM.attributes
                0x00000277       0x39 obj\debug\library\core\src\usbd_core.o
 .ARM.attributes
                0x000002b0       0x39 obj\debug\library\core\src\usbd_ioreq.o
 .ARM.attributes
                0x000002e9       0x39 obj\debug\library\core\src\usbd_req.o
 .ARM.attributes
                0x00000322       0x39 obj\debug\robot\communication.o
 .ARM.attributes
                0x0000035b       0x39 obj\debug\robot\dynamixel_control.o
 .ARM.attributes
                0x00000394       0x39 obj\debug\robot\kinematics.o
 .ARM.attributes
                0x000003cd       0x39 obj\debug\robot\manipulators.o
 .ARM.attributes
                0x00000406       0x39 obj\debug\robot\regulator.o
 .ARM.attributes
                0x0000043f       0x39 obj\debug\robot\matrix.o
 .ARM.attributes
                0x00000478       0x39 obj\debug\robot\robot.o
 .ARM.attributes
                0x000004b1       0x39 obj\debug\usb app\stm32fxxx_it.o
 .ARM.attributes
                0x000004ea       0x39 obj\debug\usb app\usb_bsp.o
 .ARM.attributes
                0x00000523       0x39 obj\debug\usb app\usbd_cdc_vcp.o
 .ARM.attributes
                0x0000055c       0x39 obj\debug\usb app\usbd_desc.o
 .ARM.attributes
                0x00000595       0x39 obj\debug\usb app\usbd_usr.o
 .ARM.attributes
                0x000005ce       0x39 obj\debug\spl\src\misc.o
 .ARM.attributes
                0x00000607       0x39 obj\debug\spl\src\stm32f4xx_gpio.o
 .ARM.attributes
                0x00000640       0x39 obj\debug\spl\src\stm32f4xx_rcc.o
 .ARM.attributes
                0x00000679       0x39 obj\debug\spl\src\stm32f4xx_usart.o
 .ARM.attributes
                0x000006b2       0x39 obj\debug\src\main.o
 .ARM.attributes
                0x000006eb       0x1f obj\debug\src\startup_stm32f4xx.o
 .ARM.attributes
                0x0000070a       0x39 obj\debug\src\system_stm32f4xx.o
 .ARM.attributes
                0x00000743       0x34 f:/emblocks/2.30/share/em_armgcc/bin/../lib/gcc/arm-none-eabi/4.7.3/../../../../arm-none-eabi/lib/armv7e-m/fpu\librdimon.a(rdimon-syscalls.o)
 .ARM.attributes
                0x00000777       0x22 f:/emblocks/2.30/share/em_armgcc/bin/../lib/gcc/arm-none-eabi/4.7.3/armv7e-m/fpu\libgcc.a(_arm_addsubdf3.o)
 .ARM.attributes
                0x00000799       0x22 f:/emblocks/2.30/share/em_armgcc/bin/../lib/gcc/arm-none-eabi/4.7.3/armv7e-m/fpu\libgcc.a(_arm_muldivdf3.o)
 .ARM.attributes
                0x000007bb       0x22 f:/emblocks/2.30/share/em_armgcc/bin/../lib/gcc/arm-none-eabi/4.7.3/armv7e-m/fpu\libgcc.a(_arm_cmpdf2.o)
 .ARM.attributes
                0x000007dd       0x22 f:/emblocks/2.30/share/em_armgcc/bin/../lib/gcc/arm-none-eabi/4.7.3/armv7e-m/fpu\libgcc.a(_arm_fixdfsi.o)
 .ARM.attributes
                0x000007ff       0x22 f:/emblocks/2.30/share/em_armgcc/bin/../lib/gcc/arm-none-eabi/4.7.3/armv7e-m/fpu\libgcc.a(_arm_fixunsdfsi.o)
 .ARM.attributes
                0x00000821       0x22 f:/emblocks/2.30/share/em_armgcc/bin/../lib/gcc/arm-none-eabi/4.7.3/armv7e-m/fpu\libgcc.a(_arm_truncdfsf2.o)
 .ARM.attributes
                0x00000843       0x30 f:/emblocks/2.30/share/em_armgcc/bin/../lib/gcc/arm-none-eabi/4.7.3/../../../../arm-none-eabi/lib/armv7e-m/fpu\libc_f.a(lib_a-errno.o)
 .ARM.attributes
                0x00000873       0x30 f:/emblocks/2.30/share/em_armgcc/bin/../lib/gcc/arm-none-eabi/4.7.3/../../../../arm-none-eabi/lib/armv7e-m/fpu\libc_f.a(lib_a-exit.o)
 .ARM.attributes
                0x000008a3       0x30 f:/emblocks/2.30/share/em_armgcc/bin/../lib/gcc/arm-none-eabi/4.7.3/../../../../arm-none-eabi/lib/armv7e-m/fpu\libc_f.a(lib_a-impure.o)
 .ARM.attributes
                0x000008d3       0x30 f:/emblocks/2.30/share/em_armgcc/bin/../lib/gcc/arm-none-eabi/4.7.3/../../../../arm-none-eabi/lib/armv7e-m/fpu\libc_f.a(lib_a-init.o)
 .ARM.attributes
                0x00000903       0x20 f:/emblocks/2.30/share/em_armgcc/bin/../lib/gcc/arm-none-eabi/4.7.3/../../../../arm-none-eabi/lib/armv7e-m/fpu\libc_f.a(lib_a-memcpy.o)
 .ARM.attributes
                0x00000923       0x30 f:/emblocks/2.30/share/em_armgcc/bin/../lib/gcc/arm-none-eabi/4.7.3/../../../../arm-none-eabi/lib/armv7e-m/fpu\libc_f.a(lib_a-memset.o)
 .ARM.attributes
                0x00000953       0x30 f:/emblocks/2.30/share/em_armgcc/bin/../lib/gcc/arm-none-eabi/4.7.3/../../../../arm-none-eabi/lib/armv7e-m/fpu\libc_f.a(lib_a-strlen.o)
 .ARM.attributes
                0x00000983       0x30 f:/emblocks/2.30/share/em_armgcc/bin/../lib/gcc/arm-none-eabi/4.7.3/../../../../arm-none-eabi/lib/armv7e-m/fpu\libc_f.a(lib_a-__call_atexit.o)
 .ARM.attributes
                0x000009b3       0x30 f:/emblocks/2.30/share/em_armgcc/bin/../lib/gcc/arm-none-eabi/4.7.3/../../../../arm-none-eabi/lib/armv7e-m/fpu\libc_f.a(lib_a-atexit.o)
 .ARM.attributes
                0x000009e3       0x30 f:/emblocks/2.30/share/em_armgcc/bin/../lib/gcc/arm-none-eabi/4.7.3/../../../../arm-none-eabi/lib/armv7e-m/fpu\libc_f.a(lib_a-fini.o)
 .ARM.attributes
                0x00000a13       0x30 f:/emblocks/2.30/share/em_armgcc/bin/../lib/gcc/arm-none-eabi/4.7.3/../../../../arm-none-eabi/lib/armv7e-m/fpu\libc_f.a(lib_a-__atexit.o)
 .ARM.attributes
                0x00000a43       0x30 f:/emblocks/2.30/share/em_armgcc/bin/../lib/gcc/arm-none-eabi/4.7.3/../../../../arm-none-eabi/lib/armv7e-m/fpu\libm_f.a(lib_a-s_atan.o)
 .ARM.attributes
                0x00000a73       0x30 f:/emblocks/2.30/share/em_armgcc/bin/../lib/gcc/arm-none-eabi/4.7.3/../../../../arm-none-eabi/lib/armv7e-m/fpu\libm_f.a(lib_a-s_cos.o)
 .ARM.attributes
                0x00000aa3       0x30 f:/emblocks/2.30/share/em_armgcc/bin/../lib/gcc/arm-none-eabi/4.7.3/../../../../arm-none-eabi/lib/armv7e-m/fpu\libm_f.a(lib_a-s_fabs.o)
 .ARM.attributes
                0x00000ad3       0x30 f:/emblocks/2.30/share/em_armgcc/bin/../lib/gcc/arm-none-eabi/4.7.3/../../../../arm-none-eabi/lib/armv7e-m/fpu\libm_f.a(lib_a-s_sin.o)
 .ARM.attributes
                0x00000b03       0x30 f:/emblocks/2.30/share/em_armgcc/bin/../lib/gcc/arm-none-eabi/4.7.3/../../../../arm-none-eabi/lib/armv7e-m/fpu\libm_f.a(lib_a-sf_cos.o)
 .ARM.attributes
                0x00000b33       0x30 f:/emblocks/2.30/share/em_armgcc/bin/../lib/gcc/arm-none-eabi/4.7.3/../../../../arm-none-eabi/lib/armv7e-m/fpu\libm_f.a(lib_a-sf_fabs.o)
 .ARM.attributes
                0x00000b63       0x30 f:/emblocks/2.30/share/em_armgcc/bin/../lib/gcc/arm-none-eabi/4.7.3/../../../../arm-none-eabi/lib/armv7e-m/fpu\libm_f.a(lib_a-sf_sin.o)
 .ARM.attributes
                0x00000b93       0x30 f:/emblocks/2.30/share/em_armgcc/bin/../lib/gcc/arm-none-eabi/4.7.3/../../../../arm-none-eabi/lib/armv7e-m/fpu\libm_f.a(lib_a-w_fmod.o)
 .ARM.attributes
                0x00000bc3       0x30 f:/emblocks/2.30/share/em_armgcc/bin/../lib/gcc/arm-none-eabi/4.7.3/../../../../arm-none-eabi/lib/armv7e-m/fpu\libm_f.a(lib_a-w_pow.o)
 .ARM.attributes
                0x00000bf3       0x30 f:/emblocks/2.30/share/em_armgcc/bin/../lib/gcc/arm-none-eabi/4.7.3/../../../../arm-none-eabi/lib/armv7e-m/fpu\libm_f.a(lib_a-w_sqrt.o)
 .ARM.attributes
                0x00000c23       0x30 f:/emblocks/2.30/share/em_armgcc/bin/../lib/gcc/arm-none-eabi/4.7.3/../../../../arm-none-eabi/lib/armv7e-m/fpu\libm_f.a(lib_a-wf_sqrt.o)
 .ARM.attributes
                0x00000c53       0x30 f:/emblocks/2.30/share/em_armgcc/bin/../lib/gcc/arm-none-eabi/4.7.3/../../../../arm-none-eabi/lib/armv7e-m/fpu\libm_f.a(lib_a-e_fmod.o)
 .ARM.attributes
                0x00000c83       0x30 f:/emblocks/2.30/share/em_armgcc/bin/../lib/gcc/arm-none-eabi/4.7.3/../../../../arm-none-eabi/lib/armv7e-m/fpu\libm_f.a(lib_a-e_pow.o)
 .ARM.attributes
                0x00000cb3       0x30 f:/emblocks/2.30/share/em_armgcc/bin/../lib/gcc/arm-none-eabi/4.7.3/../../../../arm-none-eabi/lib/armv7e-m/fpu\libm_f.a(lib_a-e_rem_pio2.o)
 .ARM.attributes
                0x00000ce3       0x30 f:/emblocks/2.30/share/em_armgcc/bin/../lib/gcc/arm-none-eabi/4.7.3/../../../../arm-none-eabi/lib/armv7e-m/fpu\libm_f.a(lib_a-e_sqrt.o)
 .ARM.attributes
                0x00000d13       0x30 f:/emblocks/2.30/share/em_armgcc/bin/../lib/gcc/arm-none-eabi/4.7.3/../../../../arm-none-eabi/lib/armv7e-m/fpu\libm_f.a(lib_a-ef_rem_pio2.o)
 .ARM.attributes
                0x00000d43       0x30 f:/emblocks/2.30/share/em_armgcc/bin/../lib/gcc/arm-none-eabi/4.7.3/../../../../arm-none-eabi/lib/armv7e-m/fpu\libm_f.a(lib_a-ef_sqrt.o)
 .ARM.attributes
                0x00000d73       0x30 f:/emblocks/2.30/share/em_armgcc/bin/../lib/gcc/arm-none-eabi/4.7.3/../../../../arm-none-eabi/lib/armv7e-m/fpu\libm_f.a(lib_a-k_cos.o)
 .ARM.attributes
                0x00000da3       0x30 f:/emblocks/2.30/share/em_armgcc/bin/../lib/gcc/arm-none-eabi/4.7.3/../../../../arm-none-eabi/lib/armv7e-m/fpu\libm_f.a(lib_a-k_rem_pio2.o)
 .ARM.attributes
                0x00000dd3       0x30 f:/emblocks/2.30/share/em_armgcc/bin/../lib/gcc/arm-none-eabi/4.7.3/../../../../arm-none-eabi/lib/armv7e-m/fpu\libm_f.a(lib_a-k_sin.o)
 .ARM.attributes
                0x00000e03       0x30 f:/emblocks/2.30/share/em_armgcc/bin/../lib/gcc/arm-none-eabi/4.7.3/../../../../arm-none-eabi/lib/armv7e-m/fpu\libm_f.a(lib_a-kf_cos.o)
 .ARM.attributes
                0x00000e33       0x30 f:/emblocks/2.30/share/em_armgcc/bin/../lib/gcc/arm-none-eabi/4.7.3/../../../../arm-none-eabi/lib/armv7e-m/fpu\libm_f.a(lib_a-kf_rem_pio2.o)
 .ARM.attributes
                0x00000e63       0x30 f:/emblocks/2.30/share/em_armgcc/bin/../lib/gcc/arm-none-eabi/4.7.3/../../../../arm-none-eabi/lib/armv7e-m/fpu\libm_f.a(lib_a-kf_sin.o)
 .ARM.attributes
                0x00000e93       0x30 f:/emblocks/2.30/share/em_armgcc/bin/../lib/gcc/arm-none-eabi/4.7.3/../../../../arm-none-eabi/lib/armv7e-m/fpu\libm_f.a(lib_a-s_finite.o)
 .ARM.attributes
                0x00000ec3       0x30 f:/emblocks/2.30/share/em_armgcc/bin/../lib/gcc/arm-none-eabi/4.7.3/../../../../arm-none-eabi/lib/armv7e-m/fpu\libm_f.a(lib_a-s_floor.o)
 .ARM.attributes
                0x00000ef3       0x30 f:/emblocks/2.30/share/em_armgcc/bin/../lib/gcc/arm-none-eabi/4.7.3/../../../../arm-none-eabi/lib/armv7e-m/fpu\libm_f.a(lib_a-s_fpclassify.o)
 .ARM.attributes
                0x00000f23       0x30 f:/emblocks/2.30/share/em_armgcc/bin/../lib/gcc/arm-none-eabi/4.7.3/../../../../arm-none-eabi/lib/armv7e-m/fpu\libm_f.a(lib_a-s_lib_ver.o)
 .ARM.attributes
                0x00000f53       0x30 f:/emblocks/2.30/share/em_armgcc/bin/../lib/gcc/arm-none-eabi/4.7.3/../../../../arm-none-eabi/lib/armv7e-m/fpu\libm_f.a(lib_a-s_matherr.o)
 .ARM.attributes