Archive member included because of file (symbol)

c:/program files (x86)/emblocks/2.30/share/em_armgcc/bin/../lib/gcc/arm-none-eabi/4.7.3/../../../../arm-none-eabi/lib/armv7e-m/fpu\librdimon.a(rdimon-syscalls.o)
                              c:/program files (x86)/emblocks/2.30/share/em_armgcc/bin/../lib/gcc/arm-none-eabi/4.7.3/../../../../arm-none-eabi/lib/armv7e-m/fpu/rdimon-crt0.o (initialise_monitor_handles)
c:/program files (x86)/emblocks/2.30/share/em_armgcc/bin/../lib/gcc/arm-none-eabi/4.7.3/armv7e-m/fpu\libgcc.a(_arm_addsubdf3.o)
                              obj\debug\board\interrupts.o (__aeabi_dsub)
c:/program files (x86)/emblocks/2.30/share/em_armgcc/bin/../lib/gcc/arm-none-eabi/4.7.3/armv7e-m/fpu\libgcc.a(_arm_muldivdf3.o)
                              obj\debug\board\board.o (__aeabi_dmul)
c:/program files (x86)/emblocks/2.30/share/em_armgcc/bin/../lib/gcc/arm-none-eabi/4.7.3/armv7e-m/fpu\libgcc.a(_arm_cmpdf2.o)
                              obj\debug\board\interrupts.o (__aeabi_dcmplt)
c:/program files (x86)/emblocks/2.30/share/em_armgcc/bin/../lib/gcc/arm-none-eabi/4.7.3/armv7e-m/fpu\libgcc.a(_arm_fixdfsi.o)
                              obj\debug\board\board.o (__aeabi_d2iz)
c:/program files (x86)/emblocks/2.30/share/em_armgcc/bin/../lib/gcc/arm-none-eabi/4.7.3/armv7e-m/fpu\libgcc.a(_arm_fixunsdfsi.o)
                              obj\debug\robot\dynamixel_control.o (__aeabi_d2uiz)
c:/program files (x86)/emblocks/2.30/share/em_armgcc/bin/../lib/gcc/arm-none-eabi/4.7.3/armv7e-m/fpu\libgcc.a(_arm_truncdfsf2.o)
                              obj\debug\robot\dynamixel_control.o (__aeabi_d2f)
c:/program files (x86)/emblocks/2.30/share/em_armgcc/bin/../lib/gcc/arm-none-eabi/4.7.3/../../../../arm-none-eabi/lib/armv7e-m/fpu\libc_f.a(lib_a-errno.o)
                              c:/program files (x86)/emblocks/2.30/share/em_armgcc/bin/../lib/gcc/arm-none-eabi/4.7.3/../../../../arm-none-eabi/lib/armv7e-m/fpu\librdimon.a(rdimon-syscalls.o) (__errno)
c:/program files (x86)/emblocks/2.30/share/em_armgcc/bin/../lib/gcc/arm-none-eabi/4.7.3/../../../../arm-none-eabi/lib/armv7e-m/fpu\libc_f.a(lib_a-exit.o)
                              c:/program files (x86)/emblocks/2.30/share/em_armgcc/bin/../lib/gcc/arm-none-eabi/4.7.3/../../../../arm-none-eabi/lib/armv7e-m/fpu/rdimon-crt0.o (exit)
c:/program files (x86)/emblocks/2.30/share/em_armgcc/bin/../lib/gcc/arm-none-eabi/4.7.3/../../../../arm-none-eabi/lib/armv7e-m/fpu\libc_f.a(lib_a-findfp.o)
                              c:/program files (x86)/emblocks/2.30/share/em_armgcc/bin/../lib/gcc/arm-none-eabi/4.7.3/../../../../arm-none-eabi/lib/armv7e-m/fpu\librdimon.a(rdimon-syscalls.o) (__sinit)
c:/program files (x86)/emblocks/2.30/share/em_armgcc/bin/../lib/gcc/arm-none-eabi/4.7.3/../../../../arm-none-eabi/lib/armv7e-m/fpu\libc_f.a(lib_a-fwalk.o)
                              c:/program files (x86)/emblocks/2.30/share/em_armgcc/bin/../lib/gcc/arm-none-eabi/4.7.3/../../../../arm-none-eabi/lib/armv7e-m/fpu\libc_f.a(lib_a-findfp.o) (_fwalk)
c:/program files (x86)/emblocks/2.30/share/em_armgcc/bin/../lib/gcc/arm-none-eabi/4.7.3/../../../../arm-none-eabi/lib/armv7e-m/fpu\libc_f.a(lib_a-impure.o)
                              c:/program files (x86)/emblocks/2.30/share/em_armgcc/bin/../lib/gcc/arm-none-eabi/4.7.3/../../../../arm-none-eabi/lib/armv7e-m/fpu\libc_f.a(lib_a-exit.o) (_global_impure_ptr)
c:/program files (x86)/emblocks/2.30/share/em_armgcc/bin/../lib/gcc/arm-none-eabi/4.7.3/../../../../arm-none-eabi/lib/armv7e-m/fpu\libc_f.a(lib_a-init.o)
                              c:/program files (x86)/emblocks/2.30/share/em_armgcc/bin/../lib/gcc/arm-none-eabi/4.7.3/../../../../arm-none-eabi/lib/armv7e-m/fpu/rdimon-crt0.o (__libc_init_array)
c:/program files (x86)/emblocks/2.30/share/em_armgcc/bin/../lib/gcc/arm-none-eabi/4.7.3/../../../../arm-none-eabi/lib/armv7e-m/fpu\libc_f.a(lib_a-mallocr.o)
                              c:/program files (x86)/emblocks/2.30/share/em_armgcc/bin/../lib/gcc/arm-none-eabi/4.7.3/../../../../arm-none-eabi/lib/armv7e-m/fpu\libc_f.a(lib_a-findfp.o) (_malloc_r)
c:/program files (x86)/emblocks/2.30/share/em_armgcc/bin/../lib/gcc/arm-none-eabi/4.7.3/../../../../arm-none-eabi/lib/armv7e-m/fpu\libc_f.a(lib_a-memcpy.o)
                              obj\debug\robot\communication.o (memcpy)
c:/program files (x86)/emblocks/2.30/share/em_armgcc/bin/../lib/gcc/arm-none-eabi/4.7.3/../../../../arm-none-eabi/lib/armv7e-m/fpu\libc_f.a(lib_a-memset.o)
                              c:/program files (x86)/emblocks/2.30/share/em_armgcc/bin/../lib/gcc/arm-none-eabi/4.7.3/../../../../arm-none-eabi/lib/armv7e-m/fpu/rdimon-crt0.o (memset)
c:/program files (x86)/emblocks/2.30/share/em_armgcc/bin/../lib/gcc/arm-none-eabi/4.7.3/../../../../arm-none-eabi/lib/armv7e-m/fpu\libc_f.a(lib_a-mlock.o)
[...]
Memory Configuration

Name             Origin             Length             Attributes
ROM              0x08000000         0x00100000         xr
RAM              0x20000000         0x00020000         xrw
CCRAM            0x10000000         0x00010000         xrw
*default*        0x00000000         0xffffffff

Linker script and memory map

LOAD c:/program files (x86)/emblocks/2.30/share/em_armgcc/bin/../lib/gcc/arm-none-eabi/4.7.3/../../../../arm-none-eabi/lib/armv7e-m/fpu\librdimon.a
LOAD c:/program files (x86)/emblocks/2.30/share/em_armgcc/bin/../lib/gcc/arm-none-eabi/4.7.3/armv7e-m/fpu/crti.o
LOAD c:/program files (x86)/emblocks/2.30/share/em_armgcc/bin/../lib/gcc/arm-none-eabi/4.7.3/armv7e-m/fpu/crtbegin.o
LOAD c:/program files (x86)/emblocks/2.30/share/em_armgcc/bin/../lib/gcc/arm-none-eabi/4.7.3/../../../../arm-none-eabi/lib/armv7e-m/fpu/rdimon-crt0.o
                0x00000000                __HEAP_SIZE = 0x0
                0x00000100                __STACK_SIZE = 0x100

.text           0x08000000    0x14784
 *(.isr_vector)
 .isr_vector    0x08000000      0x188 obj\debug\src\startup_stm32f4xx.o
                0x08000000                __isr_vector
 *(.text*)
 .text          0x08000188       0x54 c:/program files (x86)/emblocks/2.30/share/em_armgcc/bin/../lib/gcc/arm-none-eabi/4.7.3/armv7e-m/fpu/crtbegin.o
 .text          0x080001dc       0xdc c:/program files (x86)/emblocks/2.30/share/em_armgcc/bin/../lib/gcc/arm-none-eabi/4.7.3/../../../../arm-none-eabi/lib/armv7e-m/fpu/rdimon-crt0.o
                0x080001dc                _start
                0x080001dc                _mainCRTStartup
 .text.adcConfig
                0x080002b8      0x21c obj\debug\board\adc.o
                0x080002b8                adcConfig
 .text.NVIC_EnableIRQ
                0x080004d4       0x38 obj\debug\board\board.o
 .text.setVoltage
                0x0800050c      0x18c obj\debug\board\board.o
                0x0800050c                setVoltage
 .text.setPWM   0x08000698       0x84 obj\debug\board\board.o
                0x08000698                setPWM
 .text.add_ext_interrupt
                0x0800071c      0x180 obj\debug\board\board.o
                0x0800071c                add_ext_interrupt
 .text.clear_ext_interrupt
                0x0800089c       0x90 obj\debug\board\board.o
                0x0800089c                clear_ext_interrupt
 .text.initAll  0x0800092c     0x1cb0 obj\debug\board\board.o
                0x0800092c                initAll
 .text.NVIC_EnableIRQ
                0x080025dc       0x38 obj\debug\board\interrupts.o
 .text.NVIC_DisableIRQ
                0x08002614       0x3c obj\debug\board\interrupts.o
 .text.TIM2_IRQHandler
                0x08002650        0xc obj\debug\board\interrupts.o
                0x08002650                TIM2_IRQHandler
 .text.TIM6_DAC_IRQHandler
                0x0800265c       0xf8 obj\debug\board\interrupts.o
                0x0800265c                TIM6_DAC_IRQHandler
 .text.TIM7_IRQHandler
                0x08002754       0x18 obj\debug\board\interrupts.o
                0x08002754                TIM7_IRQHandler
 *fill*         0x0800276c        0x4 
 .text.TIM8_UP_TIM13_IRQHandler
                0x08002770      0x350 obj\debug\board\interrupts.o
                0x08002770                TIM8_UP_TIM13_IRQHandler
 .text.EXTI0_IRQHandler
                0x08002ac0       0x50 obj\debug\board\interrupts.o
                0x08002ac0                EXTI0_IRQHandler
 .text.EXTI1_IRQHandler
                0x08002b10       0x50 obj\debug\board\interrupts.o
                0x08002b10                EXTI1_IRQHandler
 .text.EXTI2_IRQHandler
                0x08002b60       0x50 obj\debug\board\interrupts.o
                0x08002b60                EXTI2_IRQHandler
 .text.EXTI3_IRQHandler
                0x08002bb0       0x50 obj\debug\board\interrupts.o
                0x08002bb0                EXTI3_IRQHandler
 .text.EXTI4_IRQHandler
                0x08002c00       0x50 obj\debug\board\interrupts.o
                0x08002c00                EXTI4_IRQHandler
 .text.EXTI9_5_IRQHandler
                0x08002c50       0xb8 obj\debug\board\interrupts.o
                0x08002c50                EXTI9_5_IRQHandler
 .text.EXTI15_10_IRQHandler
                0x08002d08      0x124 obj\debug\board\interrupts.o
                0x08002d08                EXTI15_10_IRQHandler
 .text.DMA2_Stream0_IRQHandler
                0x08002e2c       0x24 obj\debug\board\interrupts.o
                0x08002e2c                DMA2_Stream0_IRQHandler
 .text.timEncoderConfigure
                0x08002e50       0x44 obj\debug\board\tim.o
                0x08002e50                timEncoderConfigure
 .text.timPWMConfigure
                0x08002e94       0xfc obj\debug\board\tim.o
                0x08002e94                timPWMConfigure
 .text.timPIDConfigure
                0x08002f90       0x48 obj\debug\board\tim.o
                0x08002f90                timPIDConfigure
 .text.NVIC_EnableIRQ
                0x08002fd8       0x38 obj\debug\board\usart.o
 .text.packetCheck
                0x08003010       0x5c obj\debug\board\usart.o
                0x08003010                packetCheck
 .text.DMA1_Stream5_IRQHandler
                0x0800306c       0x18 obj\debug\board\usart.o
                0x0800306c                DMA1_Stream5_IRQHandler
 .text.uartInit
                0x08003084      0x138 obj\debug\board\usart.o
                0x08003084                uartInit
 .text.configUsart1TXDMA
                0x080031bc      0x148 obj\debug\board\usart.o
                0x080031bc                configUsart1TXDMA
 .text.configUsart1RXDMA
                0x08003304      0x114 obj\debug\board\usart.o
                0x08003304                configUsart1RXDMA
 .text.putchar  0x08003418       0x1c obj\debug\board\usart.o
                0x08003418                putchar
 .text.DMA1_Stream3_IRQHandler
                0x08003434      0x324 obj\debug\board\usart.o
                0x08003434                DMA1_Stream3_IRQHandler
 .text.USART1_IRQHandler
                0x08003758      0x140 obj\debug\board\usart.o
                0x08003758                USART1_IRQHandler
 .text.DMA2_Stream2_IRQHandler
                0x08003898      0x11c obj\debug\board\usart.o
                0x08003898                DMA2_Stream2_IRQHandler
 .text.usbd_cdc_Init
                0x080039b4       0x94 obj\debug\library\cdc\src\usbd_cdc_core.o
                0x080039b4                usbd_cdc_Init
 .text.usbd_cdc_DeInit
                0x08003a48       0x44 obj\debug\library\cdc\src\usbd_cdc_core.o
                0x08003a48                usbd_cdc_DeInit
 .text.usbd_cdc_Setup
                0x08003a8c      0x130 obj\debug\library\cdc\src\usbd_cdc_core.o
                0x08003a8c                usbd_cdc_Setup
 .text.usbd_cdc_EP0_RxReady
                0x08003bbc       0x60 obj\debug\library\cdc\src\usbd_cdc_core.o
                0x08003bbc                usbd_cdc_EP0_RxReady
 .text.usbd_cdc_DataIn
                0x08003c1c      0x140 obj\debug\library\cdc\src\usbd_cdc_core.o
                0x08003c1c                usbd_cdc_DataIn
 .text.usbd_cdc_DataOut
                0x08003d5c       0x64 obj\debug\library\cdc\src\usbd_cdc_core.o
                0x08003d5c                usbd_cdc_DataOut
 .text.usbd_cdc_SOF
                0x08003dc0       0x50 obj\debug\library\cdc\src\usbd_cdc_core.o
                0x08003dc0                usbd_cdc_SOF
 .text.Handle_USBAsynchXfer
                0x08003e10      0x19c obj\debug\library\cdc\src\usbd_cdc_core.o
 .text.USBD_cdc_GetCfgDesc
                0x08003fac       0x28 obj\debug\library\cdc\src\usbd_cdc_core.o
 .text.USB_OTG_EnableCommonInt
                0x08003fd4       0x44 obj\debug\library\core\src\usb_core.o
 .text.USB_OTG_CoreReset
                0x08004018       0xa8 obj\debug\library\core\src\usb_core.o
 .text.USB_OTG_WritePacket
                0x080040c0       0x88 obj\debug\library\core\src\usb_core.o
                0x080040c0                USB_OTG_WritePacket
 .text.USB_OTG_ReadPacket
                0x08004148       0x68 obj\debug\library\core\src\usb_core.o
                0x08004148                USB_OTG_ReadPacket
 .text.USB_OTG_SelectCore
                0x080041b0      0x1b4 obj\debug\library\core\src\usb_core.o
                0x080041b0                USB_OTG_SelectCore
 .text.USB_OTG_CoreInit
                0x08004364      0x148 obj\debug\library\core\src\usb_core.o
                0x08004364                USB_OTG_CoreInit
 .text.USB_OTG_EnableGlobalInt
                0x080044ac       0x3c obj\debug\library\core\src\usb_core.o
                0x080044ac                USB_OTG_EnableGlobalInt
 .text.USB_OTG_DisableGlobalInt
                0x080044e8       0x40 obj\debug\library\core\src\usb_core.o
                0x080044e8                USB_OTG_DisableGlobalInt
 .text.USB_OTG_FlushTxFifo
                0x08004528       0x80 obj\debug\library\core\src\usb_core.o
                0x08004528                USB_OTG_FlushTxFifo
 .text.USB_OTG_FlushRxFifo
                0x080045a8       0x6c obj\debug\library\core\src\usb_core.o
                0x080045a8                USB_OTG_FlushRxFifo
 .text.USB_OTG_SetCurrentMode
                0x08004614       0x64 obj\debug\library\core\src\usb_core.o
                0x08004614                USB_OTG_SetCurrentMode
 .text.USB_OTG_GetMode
                0x08004678       0x20 obj\debug\library\core\src\usb_core.o
                0x08004678                USB_OTG_GetMode
 .text.USB_OTG_IsDeviceMode
                0x08004698       0x24 obj\debug\library\core\src\usb_core.o
                0x08004698                USB_OTG_IsDeviceMode
 .text.USB_OTG_ReadCoreItr
                0x080046bc       0x30 obj\debug\library\core\src\usb_core.o
                0x080046bc                USB_OTG_ReadCoreItr
 .text.USB_OTG_InitDevSpeed
                0x080046ec       0x38 obj\debug\library\core\src\usb_core.o
                0x080046ec                USB_OTG_InitDevSpeed
 .text.USB_OTG_CoreInitDev
                0x08004724      0x2d8 obj\debug\library\core\src\usb_core.o
                0x08004724                USB_OTG_CoreInitDev
 .text.USB_OTG_EnableDevInt
                0x080049fc       0xb4 obj\debug\library\core\src\usb_core.o
                0x080049fc                USB_OTG_EnableDevInt
 .text.USB_OTG_GetDeviceSpeed
                0x08004ab0       0x68 obj\debug\library\core\src\usb_core.o
                0x08004ab0                USB_OTG_GetDeviceSpeed
 .text.USB_OTG_EP0Activate
                0x08004b18       0xa0 obj\debug\library\core\src\usb_core.o
                0x08004b18                USB_OTG_EP0Activate
 .text.USB_OTG_EPActivate
                0x08004bb8       0xf8 obj\debug\library\core\src\usb_core.o
                0x08004bb8                USB_OTG_EPActivate
 .text.USB_OTG_EPDeactivate
                0x08004cb0       0xa4 obj\debug\library\core\src\usb_core.o
                0x08004cb0                USB_OTG_EPDeactivate
 .text.USB_OTG_EPStartXfer
                0x08004d54      0x2dc obj\debug\library\core\src\usb_core.o
                0x08004d54                USB_OTG_EPStartXfer
 .text.USB_OTG_EP0StartXfer
                0x08005030      0x1ec obj\debug\library\core\src\usb_core.o
                0x08005030                USB_OTG_EP0StartXfer
 .text.USB_OTG_EPSetStall
                0x0800521c       0x94 obj\debug\library\core\src\usb_core.o
                0x0800521c                USB_OTG_EPSetStall
 .text.USB_OTG_EPClearStall
                0x080052b0       0x84 obj\debug\library\core\src\usb_core.o
                0x080052b0                USB_OTG_EPClearStall
 .text.USB_OTG_ReadDevAllOutEp_itr
                0x08005334       0x30 obj\debug\library\core\src\usb_core.o
                0x08005334                USB_OTG_ReadDevAllOutEp_itr
 .text.USB_OTG_ReadDevOutEP_itr
                0x08005364       0x3c obj\debug\library\core\src\usb_core.o
                0x08005364                USB_OTG_ReadDevOutEP_itr
 .text.USB_OTG_ReadDevAllInEPItr
                0x080053a0       0x34 obj\debug\library\core\src\usb_core.o
                0x080053a0                USB_OTG_ReadDevAllInEPItr
 .text.USB_OTG_EP0_OutStart
                0x080053d4       0x74 obj\debug\library\core\src\usb_core.o
                0x080053d4                USB_OTG_EP0_OutStart
 .text.DCD_Init
                0x08005448      0x134 obj\debug\library\core\src\usb_dcd.o
                0x08005448                DCD_Init
 .text.DCD_EP_Open
                0x0800557c       0xb4 obj\debug\library\core\src\usb_dcd.o
                0x0800557c                DCD_EP_Open
 .text.DCD_EP_Close
                0x08005630       0x88 obj\debug\library\core\src\usb_dcd.o
                0x08005630                DCD_EP_Close
 .text.DCD_EP_PrepareRx
                0x080056b8       0x90 obj\debug\library\core\src\usb_dcd.o
                0x080056b8                DCD_EP_PrepareRx
 .text.DCD_EP_Tx
                0x08005748       0x88 obj\debug\library\core\src\usb_dcd.o
                0x08005748                DCD_EP_Tx
 .text.DCD_EP_Stall
                0x080057d0       0x8c obj\debug\library\core\src\usb_dcd.o
                0x080057d0                DCD_EP_Stall
 .text.DCD_EP_ClrStall
                0x0800585c       0x8c obj\debug\library\core\src\usb_dcd.o
                0x0800585c                DCD_EP_ClrStall
 .text.DCD_EP_SetAddress
                0x080058e8       0x3c obj\debug\library\core\src\usb_dcd.o
                0x080058e8                DCD_EP_SetAddress
 .text.USBD_OTG_ISR_Handler
                0x08005924      0x198 obj\debug\library\core\src\usb_dcd_int.o
                0x08005924                USBD_OTG_ISR_Handler
 .text.DCD_SessionRequest_ISR
                0x08005abc       0x3c obj\debug\library\core\src\usb_dcd_int.o
 .text.DCD_OTG_ISR
                0x08005af8       0x44 obj\debug\library\core\src\usb_dcd_int.o
 .text.DCD_HandleResume_ISR
                0x08005b3c       0x8c obj\debug\library\core\src\usb_dcd_int.o
 .text.DCD_HandleUSBSuspend_ISR
                0x08005bc8       0xd0 obj\debug\library\core\src\usb_dcd_int.o
 .text.DCD_HandleInEP_ISR
                0x08005c98      0x1b0 obj\debug\library\core\src\usb_dcd_int.o
 .text.DCD_HandleOutEP_ISR
                0x08005e48      0x184 obj\debug\library\core\src\usb_dcd_int.o
 .text.DCD_HandleSof_ISR
                0x08005fcc       0x3c obj\debug\library\core\src\usb_dcd_int.o
 .text.DCD_HandleRxStatusQueueLevel_ISR
                0x08006008      0x118 obj\debug\library\core\src\usb_dcd_int.o
 .text.DCD_WriteEmptyTxFifo
                0x08006120      0x130 obj\debug\library\core\src\usb_dcd_int.o
 .text.DCD_HandleUsbReset_ISR
                0x08006250      0x158 obj\debug\library\core\src\usb_dcd_int.o
 .text.DCD_HandleEnumDone_ISR
                0x080063a8      0x22c obj\debug\library\core\src\usb_dcd_int.o
 .text.DCD_IsoINIncomplete_ISR
                0x080065d4       0x3c obj\debug\library\core\src\usb_dcd_int.o
 .text.DCD_IsoOUTIncomplete_ISR
                0x08006610       0x3c obj\debug\library\core\src\usb_dcd_int.o
 .text.DCD_ReadDevInEP
                0x0800664c       0x58 obj\debug\library\core\src\usb_dcd_int.o
 .text.USBD_Init
                0x080066a4       0x58 obj\debug\library\core\src\usbd_core.o
                0x080066a4                USBD_Init
 .text.USBD_DeInit
                0x080066fc       0x18 obj\debug\library\core\src\usbd_core.o
                0x080066fc                USBD_DeInit
 .text.USBD_SetupStage
                0x08006714       0x70 obj\debug\library\core\src\usbd_core.o
 .text.USBD_DataOutStage
                0x08006784       0xd4 obj\debug\library\core\src\usbd_core.o
 .text.USBD_DataInStage
                0x08006858      0x150 obj\debug\library\core\src\usbd_core.o
 .text.USBD_RunTestMode
                0x080069a8       0x28 obj\debug\library\core\src\usbd_core.o
 .text.USBD_Reset
                0x080069d0       0x54 obj\debug\library\core\src\usbd_core.o
 .text.USBD_Resume
                0x08006a24       0x38 obj\debug\library\core\src\usbd_core.o
 .text.USBD_Suspend
                0x08006a5c       0x38 obj\debug\library\core\src\usbd_core.o
 .text.USBD_SOF
                0x08006a94       0x30 obj\debug\library\core\src\usbd_core.o
 .text.USBD_SetCfg
                0x08006ac4       0x34 obj\debug\library\core\src\usbd_core.o
                0x08006ac4                USBD_SetCfg
 .text.USBD_ClrCfg
                0x08006af8       0x2c obj\debug\library\core\src\usbd_core.o
                0x08006af8                USBD_ClrCfg
 .text.USBD_IsoINIncomplete
                0x08006b24       0x24 obj\debug\library\core\src\usbd_core.o
 .text.USBD_IsoOUTIncomplete
                0x08006b48       0x24 obj\debug\library\core\src\usbd_core.o
 .text.USBD_DevConnected
                0x08006b6c       0x2c obj\debug\library\core\src\usbd_core.o
 .text.USBD_DevDisconnected
                0x08006b98       0x3c obj\debug\library\core\src\usbd_core.o
 .text.USBD_CtlSendData
                0x08006bd4       0x48 obj\debug\library\core\src\usbd_ioreq.o
                0x08006bd4                USBD_CtlSendData
 .text.USBD_CtlContinueSendData
                0x08006c1c       0x30 obj\debug\library\core\src\usbd_ioreq.o
                0x08006c1c                USBD_CtlContinueSendData
 .text.USBD_CtlPrepareRx
                0x08006c4c       0x48 obj\debug\library\core\src\usbd_ioreq.o
                0x08006c4c                USBD_CtlPrepareRx
 .text.USBD_CtlContinueRx
                0x08006c94       0x30 obj\debug\library\core\src\usbd_ioreq.o
                0x08006c94                USBD_CtlContinueRx
 .text.USBD_CtlSendStatus
                0x08006cc4       0x3c obj\debug\library\core\src\usbd_ioreq.o
                0x08006cc4                USBD_CtlSendStatus
 .text.USBD_CtlReceiveStatus
                0x08006d00       0x3c obj\debug\library\core\src\usbd_ioreq.o
                0x08006d00                USBD_CtlReceiveStatus
 .text.USBD_StdDevReq
                0x08006d3c       0xa4 obj\debug\library\core\src\usbd_req.o
                0x08006d3c                USBD_StdDevReq
 .text.USBD_StdItfReq
                0x08006de0       0x6c obj\debug\library\core\src\usbd_req.o
                0x08006de0                USBD_StdItfReq
 .text.USBD_StdEPReq
                0x08006e4c      0x200 obj\debug\library\core\src\usbd_req.o
                0x08006e4c                USBD_StdEPReq
 .text.USBD_GetDescriptor
                0x0800704c      0x1b0 obj\debug\library\core\src\usbd_req.o
 .text.USBD_SetAddress
                0x080071fc       0x80 obj\debug\library\core\src\usbd_req.o
 .text.USBD_SetConfig
                0x0800727c      0x134 obj\debug\library\core\src\usbd_req.o
 .text.USBD_GetConfig
                0x080073b0       0x68 obj\debug\library\core\src\usbd_req.o
 .text.USBD_GetStatus
                0x08007418       0x70 obj\debug\library\core\src\usbd_req.o
 .text.USBD_SetFeature
                0x08007488       0xfc obj\debug\library\core\src\usbd_req.o
 .text.USBD_ClrFeature
                0x08007584       0x58 obj\debug\library\core\src\usbd_req.o
 .text.USBD_ParseSetupRequest
                0x080075dc       0x94 obj\debug\library\core\src\usbd_req.o
                0x080075dc                USBD_ParseSetupRequest
 .text.USBD_CtlError
                0x08007670       0x2c obj\debug\library\core\src\usbd_req.o
                0x08007670                USBD_CtlError
 .text.USBD_GetString
                0x0800769c       0x9c obj\debug\library\core\src\usbd_req.o
                0x0800769c                USBD_GetString
 .text.USBD_GetLen
                0x08007738       0x38 obj\debug\library\core\src\usbd_req.o
 .text.pushByte
                0x08007770      0x1b0 obj\debug\robot\communication.o
                0x08007770                pushByte
 .text.sendAnswer
                0x08007920      0x1b4 obj\debug\robot\communication.o
                0x08007920                sendAnswer
 .text.sendServoCommand
                0x08007ad4       0xa4 obj\debug\robot\dynamixel_control.o
                0x08007ad4                sendServoCommand
 .text.getServoResponse
                0x08007b78      0x190 obj\debug\robot\dynamixel_control.o
                0x08007b78                getServoResponse
 .text.getAndCheckResponse
                0x08007d08       0x58 obj\debug\robot\dynamixel_control.o
                0x08007d08                getAndCheckResponse
 .text.setServoReturnDelayMicros
                0x08007d60       0x6c obj\debug\robot\dynamixel_control.o
                0x08007d60                setServoReturnDelayMicros
 .text.setServoTorque
                0x08007dcc       0x78 obj\debug\robot\dynamixel_control.o
                0x08007dcc                setServoTorque
 .text.setServoMovingSpeed
                0x08007e44       0x88 obj\debug\robot\dynamixel_control.o
                0x08007e44                setServoMovingSpeed
 *fill*         0x08007ecc        0x4 
 .text.setServoAngle
                0x08007ed0       0xa8 obj\debug\robot\dynamixel_control.o
                0x08007ed0                setServoAngle
 .text.getServoAngle
                0x08007f78       0xd8 obj\debug\robot\dynamixel_control.o
                0x08007f78                getServoAngle
 .text.setServoCWAngleLimit
                0x08008050       0x78 obj\debug\robot\dynamixel_control.o
                0x08008050                setServoCWAngleLimit
 .text.setServoCCWAngleLimit
                0x080080c8       0x78 obj\debug\robot\dynamixel_control.o
                0x080080c8                setServoCCWAngleLimit
 .text.sendServoByte
                0x08008140       0x3c obj\debug\robot\dynamixel_control.o
                0x08008140                sendServoByte
 .text.clearServoReceiveBuffer
                0x0800817c       0x20 obj\debug\robot\dynamixel_control.o
                0x0800817c                clearServoReceiveBuffer
 .text.getServoBytesAvailable
                0x0800819c       0x44 obj\debug\robot\dynamixel_control.o
                0x0800819c                getServoBytesAvailable
 .text.getServoByte
                0x080081e0       0x58 obj\debug\robot\dynamixel_control.o
                0x080081e0                getServoByte
 .text.USART3_IRQHandler
                0x08008238       0x80 obj\debug\robot\dynamixel_control.o
                0x08008238                USART3_IRQHandler
 .text.softDelay
                0x080082b8       0x24 obj\debug\robot\manipulators.o
                0x080082b8                softDelay
 .text.openCubesCatcher
                0x080082dc       0x24 obj\debug\robot\manipulators.o
                0x080082dc                openCubesCatcher
 .text.closeCubesCatcher
                0x08008300      0x1ac obj\debug\robot\manipulators.o
                0x08008300                closeCubesCatcher
 .text.OpenFishingManipulator
                0x080084ac       0x20 obj\debug\robot\manipulators.o
                0x080084ac                OpenFishingManipulator
 .text.DeepOpenFishingManipulator
                0x080084cc       0x20 obj\debug\robot\manipulators.o
                0x080084cc                DeepOpenFishingManipulator
 .text.CloseFishingManipulator
                0x080084ec       0x20 obj\debug\robot\manipulators.o
                0x080084ec                CloseFishingManipulator
 .text.HalfOpenFishingManipulator
                0x0800850c       0x20 obj\debug\robot\manipulators.o
                0x0800850c                HalfOpenFishingManipulator
 .text.TearFish
                0x0800852c       0x34 obj\debug\robot\manipulators.o
                0x0800852c                TearFish
 .text.UnTearFish
                0x08008560       0xc4 obj\debug\robot\manipulators.o
                0x08008560                UnTearFish
 .text.Open_seashell_doors
                0x08008624       0x38 obj\debug\robot\manipulators.o
                0x08008624                Open_seashell_doors
 .text.close_seashell_doors
                0x0800865c       0x38 obj\debug\robot\manipulators.o
                0x0800865c                close_seashell_doors
 .text.removePoint
                0x08008694       0xcc obj\debug\robot\regulator.o
                0x08008694                removePoint
 .text.addPointInFrontOfQueue
                0x08008760      0x124 obj\debug\robot\regulator.o
                0x08008760                addPointInFrontOfQueue
 .text.initRegulators
                0x08008884      0x1e8 obj\debug\robot\regulator.o
                0x08008884                initRegulators
 .text.MaxValue
                0x08008a6c       0x80 obj\debug\robot\regulator.o
                0x08008a6c                MaxValue
 *fill*         0x08008aec        0x4 
 .text.FunctionalRegulator
                0x08008af0      0x230 obj\debug\robot\regulator.o
                0x08008af0                FunctionalRegulator
 .text.Regulate
                0x08008d20      0x1b8 obj\debug\robot\regulator.o
                0x08008d20                Regulate
 .text.TrackRegulator
                0x08008ed8      0x1d8 obj\debug\robot\regulator.o
                0x08008ed8                TrackRegulator
 .text.rangeAngle
                0x080090b0       0xf8 obj\debug\robot\regulator.o
                0x080090b0                rangeAngle
 .text.RotMoving
                0x080091a8      0x13c obj\debug\robot\regulator.o
                0x080091a8                RotMoving
 .text.Moving   0x080092e4       0xd4 obj\debug\robot\regulator.o
                0x080092e4                Moving
 .text.pidCalc  0x080093b8      0x1e8 obj\debug\robot\regulator.o
                0x080093b8                pidCalc
 .text.GetDataForRegulators
                0x080095a0      0x3a8 obj\debug\robot\regulator.o
                0x080095a0                GetDataForRegulators
 .text.pidLowLevel
                0x08009948       0xc8 obj\debug\robot\regulator.o
                0x08009948                pidLowLevel
 .text.CreatePath
                0x08009a10      0x200 obj\debug\robot\regulator.o
                0x08009a10                CreatePath
 .text.SpeedFiltration
                0x08009c10      0xb90 obj\debug\robot\regulator.o
                0x08009c10                SpeedFiltration
 .text.matrixCopy
                0x0800a7a0       0x7c obj\debug\robot\matrix.o
                0x0800a7a0                matrixCopy
 .text.matrixMultiplyM2M
                0x0800a81c       0xe4 obj\debug\robot\matrix.o
                0x0800a81c                matrixMultiplyM2M
 .text.matrixMultiplyS2M
                0x0800a900       0x8c obj\debug\robot\matrix.o
                0x0800a900                matrixMultiplyS2M
 .text.matrixPlusMinus
                0x0800a98c      0x128 obj\debug\robot\matrix.o
                0x0800a98c                matrixPlusMinus
 .text.matrixTranspose
                0x0800aab4       0x7c obj\debug\robot\matrix.o
                0x0800aab4                matrixTranspose
 .text.subtraction
                0x0800ab30       0x74 obj\debug\robot\matrix.o
                0x0800ab30                subtraction
 .text.addition
                0x0800aba4       0x74 obj\debug\robot\matrix.o
                0x0800aba4                addition
 .text.normalization
                0x0800ac18       0xd0 obj\debug\robot\matrix.o
                0x0800ac18                normalization
 .text.scale    0x0800ace8       0x68 obj\debug\robot\matrix.o
                0x0800ace8                scale
 .text.mod      0x0800ad50       0x70 obj\debug\robot\matrix.o
                0x0800ad50                mod
 .text.execCommand
                0x0800adc0     0x2d78 obj\debug\robot\robot.o
                0x0800adc0                execCommand
 .text.checkCollisionAvoid_small
                0x0800db38      0x1ec obj\debug\robot\robot.o
                0x0800db38                checkCollisionAvoid_small
 .text.stopmove
                0x0800dd24       0x60 obj\debug\robot\robot.o
                0x0800dd24                stopmove
 *fill*         0x0800dd84        0x4 
 .text.takeadc  0x0800dd88      0x5b8 obj\debug\robot\robot.o
                0x0800dd88                takeadc
 .text.NMI_Handler
                0x0800e340        0xc obj\debug\usb app\stm32fxxx_it.o
                0x0800e340                NMI_Handler
 .text.HardFault_Handler
                0x0800e34c        0x8 obj\debug\usb app\stm32fxxx_it.o
                0x0800e34c                HardFault_Handler
 .text.MemManage_Handler
                0x0800e354        0x8 obj\debug\usb app\stm32fxxx_it.o
                0x0800e354                MemManage_Handler
 .text.BusFault_Handler
                0x0800e35c        0x8 obj\debug\usb app\stm32fxxx_it.o
                0x0800e35c                BusFault_Handler
 .text.UsageFault_Handler
                0x0800e364        0x8 obj\debug\usb app\stm32fxxx_it.o
                0x0800e364                UsageFault_Handler
 .text.SVC_Handler
                0x0800e36c        0xc obj\debug\usb app\stm32fxxx_it.o
                0x0800e36c                SVC_Handler
 .text.DebugMon_Handler
                0x0800e378        0xc obj\debug\usb app\stm32fxxx_it.o
                0x0800e378                DebugMon_Handler
 .text.PendSV_Handler
                0x0800e384        0xc obj\debug\usb app\stm32fxxx_it.o
                0x0800e384                PendSV_Handler
 .text.SysTick_Handler
                0x0800e390        0xc obj\debug\usb app\stm32fxxx_it.o
                0x0800e390                SysTick_Handler
 .text.OTG_FS_IRQHandler
                0x0800e39c       0x14 obj\debug\usb app\stm32fxxx_it.o
                0x0800e39c                OTG_FS_IRQHandler
 .text.USB_OTG_BSP_Init
                0x0800e3b0      0x110 obj\debug\usb app\usb_bsp.o
                0x0800e3b0                USB_OTG_BSP_Init
 .text.USB_OTG_BSP_EnableInterrupt
                0x0800e4c0       0x3c obj\debug\usb app\usb_bsp.o
                0x0800e4c0                USB_OTG_BSP_EnableInterrupt
 .text.USB_OTG_BSP_uDelay
                0x0800e4fc       0x58 obj\debug\usb app\usb_bsp.o
                0x0800e4fc                USB_OTG_BSP_uDelay
 .text.USB_OTG_BSP_mDelay
                0x0800e554       0x20 obj\debug\usb app\usb_bsp.o
                0x0800e554                USB_OTG_BSP_mDelay
 .text.VCP_Init
                0x0800e574       0x18 obj\debug\usb app\usbd_cdc_vcp.o
 .text.VCP_DeInit
                0x0800e58c       0x10 obj\debug\usb app\usbd_cdc_vcp.o
 .text.VCP_Ctrl
                0x0800e59c      0x1bc obj\debug\usb app\usbd_cdc_vcp.o
 .text.VCP_DataTx
                0x0800e758       0x10 obj\debug\usb app\usbd_cdc_vcp.o
 .text.VCP_DataRx
                0x0800e768       0x40 obj\debug\usb app\usbd_cdc_vcp.o
 .text.VCP_COMConfig
                0x0800e7a8      0x150 obj\debug\usb app\usbd_cdc_vcp.o
 .text.USBD_USR_DeviceDescriptor
                0x0800e8f8       0x28 obj\debug\usb app\usbd_desc.o
                0x0800e8f8                USBD_USR_DeviceDescriptor
 .text.USBD_USR_LangIDStrDescriptor
                0x0800e920       0x28 obj\debug\usb app\usbd_desc.o
                0x0800e920                USBD_USR_LangIDStrDescriptor
 .text.USBD_USR_ProductStrDescriptor
                0x0800e948       0x54 obj\debug\usb app\usbd_desc.o
                0x0800e948                USBD_USR_ProductStrDescriptor
 .text.USBD_USR_ManufacturerStrDescriptor
                0x0800e99c       0x34 obj\debug\usb app\usbd_desc.o
                0x0800e99c                USBD_USR_ManufacturerStrDescriptor
 .text.USBD_USR_SerialStrDescriptor
                0x0800e9d0       0x2c obj\debug\usb app\usbd_desc.o
                0x0800e9d0                USBD_USR_SerialStrDescriptor
 .text.USBD_USR_ConfigStrDescriptor
                0x0800e9fc       0x54 obj\debug\usb app\usbd_desc.o
                0x0800e9fc                USBD_USR_ConfigStrDescriptor
 .text.USBD_USR_InterfaceStrDescriptor
                0x0800ea50       0x54 obj\debug\usb app\usbd_desc.o
                0x0800ea50                USBD_USR_InterfaceStrDescriptor
 .text.Get_SerialNum
                0x0800eaa4       0x60 obj\debug\usb app\usbd_desc.o
 .text.IntToUnicode
                0x0800eb04       0x94 obj\debug\usb app\usbd_desc.o
 .text.USBD_USR_Init
                0x0800eb98        0xc obj\debug\usb app\usbd_usr.o
                0x0800eb98                USBD_USR_Init
 .text.USBD_USR_DeviceReset
                0x0800eba4       0x14 obj\debug\usb app\usbd_usr.o
                0x0800eba4                USBD_USR_DeviceReset
 .text.USBD_USR_DeviceConfigured
                0x0800ebb8        0xc obj\debug\usb app\usbd_usr.o
                0x0800ebb8                USBD_USR_DeviceConfigured
 .text.USBD_USR_DeviceSuspended
                0x0800ebc4        0xc obj\debug\usb app\usbd_usr.o
                0x0800ebc4                USBD_USR_DeviceSuspended
 .text.USBD_USR_DeviceResumed
                0x0800ebd0        0xc obj\debug\usb app\usbd_usr.o
                0x0800ebd0                USBD_USR_DeviceResumed
 .text.USBD_USR_DeviceConnected
                0x0800ebdc        0xc obj\debug\usb app\usbd_usr.o
                0x0800ebdc                USBD_USR_DeviceConnected
 .text.USBD_USR_DeviceDisconnected
                0x0800ebe8        0xc obj\debug\usb app\usbd_usr.o
                0x0800ebe8                USBD_USR_DeviceDisconnected
 .text.NVIC_PriorityGroupConfig
                0x0800ebf4       0x28 obj\debug\spl\src\misc.o
                0x0800ebf4                NVIC_PriorityGroupConfig
 .text.NVIC_Init
                0x0800ec1c       0xe4 obj\debug\spl\src\misc.o
                0x0800ec1c                NVIC_Init
 .text.GPIO_Init
                0x0800ed00      0x144 obj\debug\spl\src\stm32f4xx_gpio.o
                0x0800ed00                GPIO_Init
 .text.GPIO_PinAFConfig
                0x0800ee44       0xa8 obj\debug\spl\src\stm32f4xx_gpio.o
                0x0800ee44                GPIO_PinAFConfig
 .text.RCC_GetClocksFreq
                0x0800eeec      0x1cc obj\debug\spl\src\stm32f4xx_rcc.o
                0x0800eeec                RCC_GetClocksFreq
 .text.RCC_AHB1PeriphClockCmd
                0x0800f0b8       0x54 obj\debug\spl\src\stm32f4xx_rcc.o
                0x0800f0b8                RCC_AHB1PeriphClockCmd
 .text.RCC_AHB2PeriphClockCmd
                0x0800f10c       0x54 obj\debug\spl\src\stm32f4xx_rcc.o
                0x0800f10c                RCC_AHB2PeriphClockCmd
 .text.RCC_APB1PeriphClockCmd
                0x0800f160       0x54 obj\debug\spl\src\stm32f4xx_rcc.o
                0x0800f160                RCC_APB1PeriphClockCmd
 .text.RCC_APB2PeriphClockCmd
                0x0800f1b4       0x54 obj\debug\spl\src\stm32f4xx_rcc.o
                0x0800f1b4                RCC_APB2PeriphClockCmd
 .text.USART_SendData
                0x0800f208       0x28 obj\debug\spl\src\stm32f4xx_usart.o
                0x0800f208                USART_SendData
 .text.USART_ReceiveData
                0x0800f230       0x24 obj\debug\spl\src\stm32f4xx_usart.o
                0x0800f230                USART_ReceiveData
 .text.USART_GetFlagStatus
                0x0800f254       0x40 obj\debug\spl\src\stm32f4xx_usart.o
                0x0800f254                USART_GetFlagStatus
 .text.USART_GetITStatus
                0x0800f294       0xc4 obj\debug\spl\src\stm32f4xx_usart.o
                0x0800f294                USART_GetITStatus
 .text.main     0x0800f358       0x68 obj\debug\src\main.o
                0x0800f358                main
 .text          0x0800f3c0      0x108 obj\debug\src\startup_stm32f4xx.o
                0x0800f3c0                Reset_Handler
                0x0800f418                Default_Handler
                0x0800f41a                WWDG_IRQHandler
                0x0800f41c                PVD_IRQHandler
                0x0800f41e                TAMP_STAMP_IRQHandler
                0x0800f420                RTC_WKUP_IRQHandler
                0x0800f422                FLASH_IRQHandler
                0x0800f424                RCC_IRQHandler
                0x0800f430                DMA1_Stream0_IRQHandler
                0x0800f432                DMA1_Stream1_IRQHandler
                0x0800f434                DMA1_Stream2_IRQHandler
                0x0800f438                DMA1_Stream4_IRQHandler
                0x0800f43c                DMA1_Stream6_IRQHandler
                0x0800f43e                ADC_IRQHandler
                0x0800f440                CAN1_TX_IRQHandler
                0x0800f442                CAN1_RX0_IRQHandler
                0x0800f444                CAN1_RX1_IRQHandler
                0x0800f446                CAN1_SCE_IRQHandler
                0x0800f44a                TIM1_BRK_TIM9_IRQHandler
                0x0800f44c                TIM1_UP_TIM10_IRQHandler
                0x0800f44e                TIM1_TRG_COM_TIM11_IRQHandler
                0x0800f450                TIM1_CC_IRQHandler
                0x0800f454                TIM3_IRQHandler
                0x0800f456                TIM4_IRQHandler
                0x0800f458                I2C1_EV_IRQHandler
                0x0800f45a                I2C1_ER_IRQHandler
                0x0800f45c                I2C2_EV_IRQHandler
                0x0800f45e                I2C2_ER_IRQHandler
                0x0800f460                SPI1_IRQHandler
                0x0800f462                SPI2_IRQHandler
                0x0800f466                USART2_IRQHandler
                0x0800f46c                RTC_Alarm_IRQHandler
                0x0800f46e                OTG_FS_WKUP_IRQHandler
                0x0800f470                TIM8_BRK_TIM12_IRQHandler
                0x0800f474                TIM8_TRG_COM_TIM14_IRQHandler
                0x0800f476                TIM8_CC_IRQHandler
                0x0800f478                DMA1_Stream7_IRQHandler
                0x0800f47a                FSMC_IRQHandler
                0x0800f47c                SDIO_IRQHandler
                0x0800f47e                TIM5_IRQHandler
                0x0800f480                SPI3_IRQHandler
                0x0800f482                UART4_IRQHandler
                0x0800f484                UART5_IRQHandler
                0x0800f48c                DMA2_Stream1_IRQHandler
                0x0800f490                DMA2_Stream3_IRQHandler
                0x0800f492                DMA2_Stream4_IRQHandler
                0x0800f494                ETH_IRQHandler
                0x0800f496                ETH_WKUP_IRQHandler
                0x0800f498                CAN2_TX_IRQHandler
                0x0800f49a                CAN2_RX0_IRQHandler
                0x0800f49c                CAN2_RX1_IRQHandler
                0x0800f49e                CAN2_SCE_IRQHandler
                0x0800f4a2                DMA2_Stream5_IRQHandler
                0x0800f4a4                DMA2_Stream6_IRQHandler
                0x0800f4a6                DMA2_Stream7_IRQHandler
                0x0800f4a8                USART6_IRQHandler
                0x0800f4aa                I2C3_EV_IRQHandler
                0x0800f4ac                I2C3_ER_IRQHandler
                0x0800f4ae                OTG_HS_EP1_OUT_IRQHandler
                0x0800f4b0                OTG_HS_EP1_IN_IRQHandler
                0x0800f4b2                OTG_HS_WKUP_IRQHandler
                0x0800f4b4                OTG_HS_IRQHandler
                0x0800f4b6                DCMI_IRQHandler
                0x0800f4b8                CRYP_IRQHandler
                0x0800f4ba                HASH_RNG_IRQHandler
                0x0800f4bc                FPU_IRQHandler
 .text.SystemInit
                0x0800f4c8       0xb0 obj\debug\src\system_stm32f4xx.o
                0x0800f4c8                SystemInit
 .text.SetSysClock
                0x0800f578      0x188 obj\debug\src\system_stm32f4xx.o
 .text.initialise_monitor_handles
                0x0800f700       0xa4 c:/program files (x86)/emblocks/2.30/share/em_armgcc/bin/../lib/gcc/arm-none-eabi/4.7.3/../../../../arm-none-eabi/lib/armv7e-m/fpu\librdimon.a(rdimon-syscalls.o)
                0x0800f700                initialise_monitor_handles
 .text          0x0800f7a4      0x370 c:/program files (x86)/emblocks/2.30/share/em_armgcc/bin/../lib/gcc/arm-none-eabi/4.7.3/armv7e-m/fpu\libgcc.a(_arm_addsubdf3.o)
                0x0800f7a4                __aeabi_drsub
                0x0800f7ac                __aeabi_dsub
                0x0800f7ac                __subdf3
                0x0800f7b0                __aeabi_dadd
                0x0800f7b0                __adddf3
                0x0800fa28                __floatunsidf
                0x0800fa28                __aeabi_ui2d
                0x0800fa48                __floatsidf
                0x0800fa48                __aeabi_i2d
                0x0800fa6c                __aeabi_f2d
                0x0800fa6c                __extendsfdf2
                0x0800faa8                __floatundidf
                0x0800faa8                __aeabi_ul2d
                0x0800fab8                __floatdidf
                0x0800fab8                __aeabi_l2d
 .text          0x0800fb14      0x424 c:/program files (x86)/emblocks/2.30/share/em_armgcc/bin/../lib/gcc/arm-none-eabi/4.7.3/armv7e-m/fpu\libgcc.a(_arm_muldivdf3.o)
                0x0800fb14                __aeabi_dmul
                0x0800fb14                __muldf3
                0x0800fd68                __divdf3
                0x0800fd68                __aeabi_ddiv
 .text          0x0800ff38      0x110 c:/program files (x86)/emblocks/2.30/share/em_armgcc/bin/../lib/gcc/arm-none-eabi/4.7.3/armv7e-m/fpu\libgcc.a(_arm_cmpdf2.o)
                0x0800ff38                __gtdf2
                0x0800ff38                __gedf2
                0x0800ff40                __ltdf2
                0x0800ff40                __ledf2
                0x0800ff48                __nedf2
                0x0800ff48                __eqdf2
                0x0800ff48                __cmpdf2
                0x0800ffc4                __aeabi_cdrcmple
                0x0800ffd4                __aeabi_cdcmpeq
                0x0800ffd4                __aeabi_cdcmple
                0x0800ffe4                __aeabi_dcmpeq
                0x0800fff8                __aeabi_dcmplt
                0x0801000c                __aeabi_dcmple
                0x08010020                __aeabi_dcmpge
                0x08010034                __aeabi_dcmpgt
 .text          0x08010048       0x50 c:/program files (x86)/emblocks/2.30/share/em_armgcc/bin/../lib/gcc/arm-none-eabi/4.7.3/armv7e-m/fpu\libgcc.a(_arm_fixdfsi.o)
                0x08010048                __aeabi_d2iz
                0x08010048                __fixdfsi
 .text          0x08010098       0x40 c:/program files (x86)/emblocks/2.30/share/em_armgcc/bin/../lib/gcc/arm-none-eabi/4.7.3/armv7e-m/fpu\libgcc.a(_arm_fixunsdfsi.o)
                0x08010098                __aeabi_d2uiz
                0x08010098                __fixunsdfsi
 .text          0x080100d8       0xa0 c:/program files (x86)/emblocks/2.30/share/em_armgcc/bin/../lib/gcc/arm-none-eabi/4.7.3/armv7e-m/fpu\libgcc.a(_arm_truncdfsf2.o)
                0x080100d8                __truncdfsf2
                0x080100d8                __aeabi_d2f
 .text.__errno  0x08010178        0xc c:/program files (x86)/emblocks/2.30/share/em_armgcc/bin/../lib/gcc/arm-none-eabi/4.7.3/../../../../arm-none-eabi/lib/armv7e-m/fpu\libc_f.a(lib_a-errno.o)
                0x08010178                __errno
 .text.exit     0x08010184       0x20 c:/program files (x86)/emblocks/2.30/share/em_armgcc/bin/../lib/gcc/arm-none-eabi/4.7.3/../../../../arm-none-eabi/lib/armv7e-m/fpu\libc_f.a(lib_a-exit.o)
                0x08010184                exit
 .text.__libc_init_array
                0x080101a4       0x50 c:/program files (x86)/emblocks/2.30/share/em_armgcc/bin/../lib/gcc/arm-none-eabi/4.7.3/../../../../arm-none-eabi/lib/armv7e-m/fpu\libc_f.a(lib_a-init.o)
                0x080101a4                __libc_init_array
 .text          0x080101f4      0x134 c:/program files (x86)/emblocks/2.30/share/em_armgcc/bin/../lib/gcc/arm-none-eabi/4.7.3/../../../../arm-none-eabi/lib/armv7e-m/fpu\libc_f.a(lib_a-memcpy.o)
                0x080101f4                memcpy
 .text.memset   0x08010328       0x98 c:/program files (x86)/emblocks/2.30/share/em_armgcc/bin/../lib/gcc/arm-none-eabi/4.7.3/../../../../arm-none-eabi/lib/armv7e-m/fpu\libc_f.a(lib_a-memset.o)
                0x08010328                memset
 .text.strlen   0x080103c0       0x60 c:/program files (x86)/emblocks/2.30/share/em_armgcc/bin/../lib/gcc/arm-none-eabi/4.7.3/../../../../arm-none-eabi/lib/armv7e-m/fpu\libc_f.a(lib_a-strlen.o)
                0x080103c0                strlen
 .text.startup.register_fini
                0x08010420       0x14 c:/program files (x86)/emblocks/2.30/share/em_armgcc/bin/../lib/gcc/arm-none-eabi/4.7.3/../../../../arm-none-eabi/lib/armv7e-m/fpu\libc_f.a(lib_a-__call_atexit.o)
 .text.__call_exitprocs
                0x08010434      0x164 c:/program files (x86)/emblocks/2.30/share/em_armgcc/bin/../lib/gcc/arm-none-eabi/4.7.3/../../../../arm-none-eabi/lib/armv7e-m/fpu\libc_f.a(lib_a-__call_atexit.o)
                0x08010434                __call_exitprocs
 .text.atexit   0x08010598        0xc c:/program files (x86)/emblocks/2.30/share/em_armgcc/bin/../lib/gcc/arm-none-eabi/4.7.3/../../../../arm-none-eabi/lib/armv7e-m/fpu\libc_f.a(lib_a-atexit.o)
                0x08010598                atexit
 .text.__libc_fini_array
                0x080105a4       0x2c c:/program files (x86)/emblocks/2.30/share/em_armgcc/bin/../lib/gcc/arm-none-eabi/4.7.3/../../../../arm-none-eabi/lib/armv7e-m/fpu\libc_f.a(lib_a-fini.o)
                0x080105a4                __libc_fini_array
 .text.__register_exitproc
                0x080105d0       0xb0 c:/program files (x86)/emblocks/2.30/share/em_armgcc/bin/../lib/gcc/arm-none-eabi/4.7.3/../../../../arm-none-eabi/lib/armv7e-m/fpu\libc_f.a(lib_a-__atexit.o)
                0x080105d0                __register_exitproc
 .text.atan     0x08010680      0x3b0 c:/program files (x86)/emblocks/2.30/share/em_armgcc/bin/../lib/gcc/arm-none-eabi/4.7.3/../../../../arm-none-eabi/lib/armv7e-m/fpu\libm_f.a(lib_a-s_atan.o)
                0x08010680                atan
 .text.cos      0x08010a30       0xb0 c:/program files (x86)/emblocks/2.30/share/em_armgcc/bin/../lib/gcc/arm-none-eabi/4.7.3/../../../../arm-none-eabi/lib/armv7e-m/fpu\libm_f.a(lib_a-s_cos.o)
                0x08010a30                cos
 .text.fabs     0x08010ae0       0x14 c:/program files (x86)/emblocks/2.30/share/em_armgcc/bin/../lib/gcc/arm-none-eabi/4.7.3/../../../../arm-none-eabi/lib/armv7e-m/fpu\libm_f.a(lib_a-s_fabs.o)
                0x08010ae0                fabs
 *fill*         0x08010af4        0x4 
 .text.sin      0x08010af8       0xb0 c:/program files (x86)/emblocks/2.30/share/em_armgcc/bin/../lib/gcc/arm-none-eabi/4.7.3/../../../../arm-none-eabi/lib/armv7e-m/fpu\libm_f.a(lib_a-s_sin.o)
                0x08010af8                sin
 .text.cosf     0x08010ba8       0x74 c:/program files (x86)/emblocks/2.30/share/em_armgcc/bin/../lib/gcc/arm-none-eabi/4.7.3/../../../../arm-none-eabi/lib/armv7e-m/fpu\libm_f.a(lib_a-sf_cos.o)
                0x08010ba8                cosf
 .text.fabsf    0x08010c1c       0x10 c:/program files (x86)/emblocks/2.30/share/em_armgcc/bin/../lib/gcc/arm-none-eabi/4.7.3/../../../../arm-none-eabi/lib/armv7e-m/fpu\libm_f.a(lib_a-sf_fabs.o)
                0x08010c1c                fabsf
 .text.sinf     0x08010c2c       0x78 c:/program files (x86)/emblocks/2.30/share/em_armgcc/bin/../lib/gcc/arm-none-eabi/4.7.3/../../../../arm-none-eabi/lib/armv7e-m/fpu\libm_f.a(lib_a-sf_sin.o)
                0x08010c2c                sinf
 .text.fmod     0x08010ca4       0xd4 c:/program files (x86)/emblocks/2.30/share/em_armgcc/bin/../lib/gcc/arm-none-eabi/4.7.3/../../../../arm-none-eabi/lib/armv7e-m/fpu\libm_f.a(lib_a-w_fmod.o)
                0x08010ca4                fmod
 .text.pow      0x08010d78      0x384 c:/program files (x86)/emblocks/2.30/share/em_armgcc/bin/../lib/gcc/arm-none-eabi/4.7.3/../../../../arm-none-eabi/lib/armv7e-m/fpu\libm_f.a(lib_a-w_pow.o)
                0x08010d78                pow
 .text.sqrt     0x080110fc       0xb4 c:/program files (x86)/emblocks/2.30/share/em_armgcc/bin/../lib/gcc/arm-none-eabi/4.7.3/../../../../arm-none-eabi/lib/armv7e-m/fpu\libm_f.a(lib_a-w_sqrt.o)
                0x080110fc                sqrt
 .text.sqrtf    0x080111b0       0xb0 c:/program files (x86)/emblocks/2.30/share/em_armgcc/bin/../lib/gcc/arm-none-eabi/4.7.3/../../../../arm-none-eabi/lib/armv7e-m/fpu\libm_f.a(lib_a-wf_sqrt.o)
                0x080111b0                sqrtf
 .text.__ieee754_fmod
                0x08011260      0x298 c:/program files (x86)/emblocks/2.30/share/em_armgcc/bin/../lib/gcc/arm-none-eabi/4.7.3/../../../../arm-none-eabi/lib/armv7e-m/fpu\libm_f.a(lib_a-e_fmod.o)
                0x08011260                __ieee754_fmod
 .text.__ieee754_pow
                0x080114f8      0xa68 c:/program files (x86)/emblocks/2.30/share/em_armgcc/bin/../lib/gcc/arm-none-eabi/4.7.3/../../../../arm-none-eabi/lib/armv7e-m/fpu\libm_f.a(lib_a-e_pow.o)
                0x080114f8                __ieee754_pow
 .text.__ieee754_rem_pio2
                0x08011f60      0x408 c:/program files (x86)/emblocks/2.30/share/em_armgcc/bin/../lib/gcc/arm-none-eabi/4.7.3/../../../../arm-none-eabi/lib/armv7e-m/fpu\libm_f.a(lib_a-e_rem_pio2.o)
                0x08011f60                __ieee754_rem_pio2
 .text.__ieee754_sqrt
                0x08012368      0x1a8 c:/program files (x86)/emblocks/2.30/share/em_armgcc/bin/../lib/gcc/arm-none-eabi/4.7.3/../../../../arm-none-eabi/lib/armv7e-m/fpu\libm_f.a(lib_a-e_sqrt.o)
                0x08012368                __ieee754_sqrt
 .text.__ieee754_rem_pio2f
                0x08012510      0x25c c:/program files (x86)/emblocks/2.30/share/em_armgcc/bin/../lib/gcc/arm-none-eabi/4.7.3/../../../../arm-none-eabi/lib/armv7e-m/fpu\libm_f.a(lib_a-ef_rem_pio2.o)
                0x08012510                __ieee754_rem_pio2f
 .text.__ieee754_sqrtf
                0x0801276c       0xa8 c:/program files (x86)/emblocks/2.30/share/em_armgcc/bin/../lib/gcc/arm-none-eabi/4.7.3/../../../../arm-none-eabi/lib/armv7e-m/fpu\libm_f.a(lib_a-ef_sqrt.o)
                0x0801276c                __ieee754_sqrtf
 *fill*         0x08012814        0x4 
 .text.__kernel_cos
                0x08012818      0x260 c:/program files (x86)/emblocks/2.30/share/em_armgcc/bin/../lib/gcc/arm-none-eabi/4.7.3/../../../../arm-none-eabi/lib/armv7e-m/fpu\libm_f.a(lib_a-k_cos.o)
                0x08012818                __kernel_cos
 .text.__kernel_rem_pio2
                0x08012a78      0x768 c:/program files (x86)/emblocks/2.30/share/em_armgcc/bin/../lib/gcc/arm-none-eabi/4.7.3/../../../../arm-none-eabi/lib/armv7e-m/fpu\libm_f.a(lib_a-k_rem_pio2.o)
                0x08012a78                __kernel_rem_pio2
 .text.__kernel_sin
                0x080131e0      0x178 c:/program files (x86)/emblocks/2.30/share/em_armgcc/bin/../lib/gcc/arm-none-eabi/4.7.3/../../../../arm-none-eabi/lib/armv7e-m/fpu\libm_f.a(lib_a-k_sin.o)
                0x080131e0                __kernel_sin
 .text.__kernel_cosf
                0x08013358      0x100 c:/program files (x86)/emblocks/2.30/share/em_armgcc/bin/../lib/gcc/arm-none-eabi/4.7.3/../../../../arm-none-eabi/lib/armv7e-m/fpu\libm_f.a(lib_a-kf_cos.o)
                0x08013358                __kernel_cosf
 .text.__kernel_rem_pio2f
                0x08013458      0x5e0 c:/program files (x86)/emblocks/2.30/share/em_armgcc/bin/../lib/gcc/arm-none-eabi/4.7.3/../../../../arm-none-eabi/lib/armv7e-m/fpu\libm_f.a(lib_a-kf_rem_pio2.o)
                0x08013458                __kernel_rem_pio2f
 .text.__kernel_sinf
                0x08013a38       0x90 c:/program files (x86)/emblocks/2.30/share/em_armgcc/bin/../lib/gcc/arm-none-eabi/4.7.3/../../../../arm-none-eabi/lib/armv7e-m/fpu\libm_f.a(lib_a-kf_sin.o)
                0x08013a38                __kernel_sinf
 .text.finite   0x08013ac8       0x10 c:/program files (x86)/emblocks/2.30/share/em_armgcc/bin/../lib/gcc/arm-none-eabi/4.7.3/../../../../arm-none-eabi/lib/armv7e-m/fpu\libm_f.a(lib_a-s_finite.o)
                0x08013ac8                finite
 .text.floor    0x08013ad8      0x110 c:/program files (x86)/emblocks/2.30/share/em_armgcc/bin/../lib/gcc/arm-none-eabi/4.7.3/../../../../arm-none-eabi/lib/armv7e-m/fpu\libm_f.a(lib_a-s_floor.o)
                0x08013ad8                floor
 .text.__fpclassifyd
                0x08013be8       0x54 c:/program files (x86)/emblocks/2.30/share/em_armgcc/bin/../lib/gcc/arm-none-eabi/4.7.3/../../../../arm-none-eabi/lib/armv7e-m/fpu\libm_f.a(lib_a-s_fpclassify.o)
                0x08013be8                __fpclassifyd
 .text.matherr  0x08013c3c        0x4 c:/program files (x86)/emblocks/2.30/share/em_armgcc/bin/../lib/gcc/arm-none-eabi/4.7.3/../../../../arm-none-eabi/lib/armv7e-m/fpu\libm_f.a(lib_a-s_matherr.o)
                0x08013c3c                matherr
 .text.nan      0x08013c40       0x10 c:/program files (x86)/emblocks/2.30/share/em_armgcc/bin/../lib/gcc/arm-none-eabi/4.7.3/../../../../arm-none-eabi/lib/armv7e-m/fpu\libm_f.a(lib_a-s_nan.o)
                0x08013c40                nan
 .text.rint     0x08013c50      0x11c c:/program files (x86)/emblocks/2.30/share/em_armgcc/bin/../lib/gcc/arm-none-eabi/4.7.3/../../../../arm-none-eabi/lib/armv7e-m/fpu\libm_f.a(lib_a-s_rint.o)
                0x08013c50                rint
 *fill*         0x08013d6c        0x4 
 .text.scalbn   0x08013d70      0x110 c:/program files (x86)/emblocks/2.30/share/em_armgcc/bin/../lib/gcc/arm-none-eabi/4.7.3/../../../../arm-none-eabi/lib/armv7e-m/fpu\libm_f.a(lib_a-s_scalbn.o)
                0x08013d70                scalbn
 .text.floorf   0x08013e80       0x84 c:/program files (x86)/emblocks/2.30/share/em_armgcc/bin/../lib/gcc/arm-none-eabi/4.7.3/../../../../arm-none-eabi/lib/armv7e-m/fpu\libm_f.a(lib_a-sf_floor.o)
                0x08013e80                floorf
 .text.__fpclassifyf
                0x08013f04       0x38 c:/program files (x86)/emblocks/2.30/share/em_armgcc/bin/../lib/gcc/arm-none-eabi/4.7.3/../../../../arm-none-eabi/lib/armv7e-m/fpu\libm_f.a(lib_a-sf_fpclassify.o)
                0x08013f04                __fpclassifyf
 .text.scalbnf  0x08013f3c       0xcc c:/program files (x86)/emblocks/2.30/share/em_armgcc/bin/../lib/gcc/arm-none-eabi/4.7.3/../../../../arm-none-eabi/lib/armv7e-m/fpu\libm_f.a(lib_a-sf_scalbn.o)
                0x08013f3c                scalbnf
 .text.copysign
                0x08014008       0x24 c:/program files (x86)/emblocks/2.30/share/em_armgcc/bin/../lib/gcc/arm-none-eabi/4.7.3/../../../../arm-none-eabi/lib/armv7e-m/fpu\libm_f.a(lib_a-s_copysign.o)
                0x08014008                copysign
 .text.copysignf
                0x0801402c       0x18 c:/program files (x86)/emblocks/2.30/share/em_armgcc/bin/../lib/gcc/arm-none-eabi/4.7.3/../../../../arm-none-eabi/lib/armv7e-m/fpu\libm_f.a(lib_a-sf_copysign.o)
                0x0801402c                copysignf
 .text._exit    0x08014044        0x4 c:/program files (x86)/emblocks/2.30/share/em_armgcc/bin/../lib/gcc/arm-none-eabi/4.7.3/../../../../arm-none-eabi/lib/armv7e-m/fpu\libnosys_f.a(_exit.o)
                0x08014044                _exit
 *(.init)
 .init          0x08014048        0x4 c:/program files (x86)/emblocks/2.30/share/em_armgcc/bin/../lib/gcc/arm-none-eabi/4.7.3/armv7e-m/fpu/crti.o
                0x08014048                _init
 .init          0x0801404c        0x8 c:/program files (x86)/emblocks/2.30/share/em_armgcc/bin/../lib/gcc/arm-none-eabi/4.7.3/armv7e-m/fpu/crtn.o
 *(.fini)
 .fini          0x08014054        0x4 c:/program files (x86)/emblocks/2.30/share/em_armgcc/bin/../lib/gcc/arm-none-eabi/4.7.3/armv7e-m/fpu/crti.o
                0x08014054                _fini
 .fini          0x08014058        0x8 c:/program files (x86)/emblocks/2.30/share/em_armgcc/bin/../lib/gcc/arm-none-eabi/4.7.3/armv7e-m/fpu/crtn.o
 *crtbegin.o(.ctors)
 *crtbegin?.o(.ctors)
 *(EXCLUDE_FILE(*crtend.o *crtend?.o) .ctors)
 *(SORT(.ctors.*))
 *(.ctors)
 *crtbegin.o(.dtors)
 *crtbegin?.o(.dtors)
 *(EXCLUDE_FILE(*crtend.o *crtend?.o) .dtors)
 *(SORT(.dtors.*))
 *(.dtors)
 *(.rodata*)
 .rodata        0x08014060       0x14 obj\debug\robot\dynamixel_control.o
 .rodata        0x08014074       0x20 obj\debug\robot\robot.o
 .rodata        0x08014094       0x78 obj\debug\usb app\usbd_desc.o
 .rodata        0x0801410c        0xc obj\debug\src\main.o
 .rodata.str1.1
                0x08014118        0x4 c:/program files (x86)/emblocks/2.30/share/em_armgcc/bin/../lib/gcc/arm-none-eabi/4.7.3/../../../../arm-none-eabi/lib/armv7e-m/fpu\librdimon.a(rdimon-syscalls.o)
 .rodata.str1.4
                0x0801411c        0x2 c:/program files (x86)/emblocks/2.30/share/em_armgcc/bin/../lib/gcc/arm-none-eabi/4.7.3/../../../../arm-none-eabi/lib/armv7e-m/fpu\libc_f.a(lib_a-impure.o)
                                  0x4 (size before relaxing)
 *fill*         0x0801411e        0x2 
 .rodata._global_impure_ptr
                0x08014120        0x4 c:/program files (x86)/emblocks/2.30/share/em_armgcc/bin/../lib/gcc/arm-none-eabi/4.7.3/../../../../arm-none-eabi/lib/armv7e-m/fpu\libc_f.a(lib_a-impure.o)
                0x08014120                _global_impure_ptr
 *fill*         0x08014124        0x4 
 .rodata.atanlo
                0x08014128       0x20 c:/program files (x86)/emblocks/2.30/share/em_armgcc/bin/../lib/gcc/arm-none-eabi/4.7.3/../../../../arm-none-eabi/lib/armv7e-m/fpu\libm_f.a(lib_a-s_atan.o)
 .rodata.atanhi
                0x08014148       0x20 c:/program files (x86)/emblocks/2.30/share/em_armgcc/bin/../lib/gcc/arm-none-eabi/4.7.3/../../../../arm-none-eabi/lib/armv7e-m/fpu\libm_f.a(lib_a-s_atan.o)
 .rodata.str1.4
                0x08014168        0x5 c:/program files (x86)/emblocks/2.30/share/em_armgcc/bin/../lib/gcc/arm-none-eabi/4.7.3/../../../../arm-none-eabi/lib/armv7e-m/fpu\libm_f.a(lib_a-w_fmod.o)
                                  0x8 (size before relaxing)
 *fill*         0x0801416d        0x3 
 .rodata.str1.4
                0x08014170        0x4 c:/program files (x86)/emblocks/2.30/share/em_armgcc/bin/../lib/gcc/arm-none-eabi/4.7.3/../../../../arm-none-eabi/lib/armv7e-m/fpu\libm_f.a(lib_a-w_pow.o)
 .rodata.str1.4
                0x08014174        0x5 c:/program files (x86)/emblocks/2.30/share/em_armgcc/bin/../lib/gcc/arm-none-eabi/4.7.3/../../../../arm-none-eabi/lib/armv7e-m/fpu\libm_f.a(lib_a-w_sqrt.o)
                                  0x8 (size before relaxing)
 *fill*         0x08014179        0x3 
 .rodata.str1.4
                0x0801417c        0x6 c:/program files (x86)/emblocks/2.30/share/em_armgcc/bin/../lib/gcc/arm-none-eabi/4.7.3/../../../../arm-none-eabi/lib/armv7e-m/fpu\libm_f.a(lib_a-wf_sqrt.o)
                                  0x8 (size before relaxing)
 *fill*         0x08014182        0x6 
 .rodata.Zero   0x08014188       0x10 c:/program files (x86)/emblocks/2.30/share/em_armgcc/bin/../lib/gcc/arm-none-eabi/4.7.3/../../../../arm-none-eabi/lib/armv7e-m/fpu\libm_f.a(lib_a-e_fmod.o)
 .rodata.dp_h   0x08014198       0x10 c:/program files (x86)/emblocks/2.30/share/em_armgcc/bin/../lib/gcc/arm-none-eabi/4.7.3/../../../../arm-none-eabi/lib/armv7e-m/fpu\libm_f.a(lib_a-e_pow.o)
 .rodata.dp_l   0x080141a8       0x10 c:/program files (x86)/emblocks/2.30/share/em_armgcc/bin/../lib/gcc/arm-none-eabi/4.7.3/../../../../arm-none-eabi/lib/armv7e-m/fpu\libm_f.a(lib_a-e_pow.o)
 .rodata.bp     0x080141b8       0x10 c:/program files (x86)/emblocks/2.30/share/em_armgcc/bin/../lib/gcc/arm-none-eabi/4.7.3/../../../../arm-none-eabi/lib/armv7e-m/fpu\libm_f.a(lib_a-e_pow.o)
 .rodata.str1.4
                0x00000000        0x8 c:/program files (x86)/emblocks/2.30/share/em_armgcc/bin/../lib/gcc/arm-none-eabi/4.7.3/../../../../arm-none-eabi/lib/armv7e-m/fpu\libm_f.a(lib_a-e_pow.o)
                                  0x4 (size before relaxing)
 .rodata.npio2_hw
                0x080141c8       0x80 c:/program files (x86)/emblocks/2.30/share/em_armgcc/bin/../lib/gcc/arm-none-eabi/4.7.3/../../../../arm-none-eabi/lib/armv7e-m/fpu\libm_f.a(lib_a-e_rem_pio2.o)
 .rodata.two_over_pi
                0x08014248      0x108 c:/program files (x86)/emblocks/2.30/share/em_armgcc/bin/../lib/gcc/arm-none-eabi/4.7.3/../../../../arm-none-eabi/lib/armv7e-m/fpu\libm_f.a(lib_a-e_rem_pio2.o)
 .rodata.npio2_hw
                0x08014350       0x80 c:/program files (x86)/emblocks/2.30/share/em_armgcc/bin/../lib/gcc/arm-none-eabi/4.7.3/../../../../arm-none-eabi/lib/armv7e-m/fpu\libm_f.a(lib_a-ef_rem_pio2.o)
 .rodata.two_over_pi
                0x080143d0      0x318 c:/program files (x86)/emblocks/2.30/share/em_armgcc/bin/../lib/gcc/arm-none-eabi/4.7.3/../../../../arm-none-eabi/lib/armv7e-m/fpu\libm_f.a(lib_a-ef_rem_pio2.o)
 .rodata.init_jk
                0x080146e8       0x10 c:/program files (x86)/emblocks/2.30/share/em_armgcc/bin/../lib/gcc/arm-none-eabi/4.7.3/../../../../arm-none-eabi/lib/armv7e-m/fpu\libm_f.a(lib_a-k_rem_pio2.o)
 .rodata.PIo2   0x080146f8       0x40 c:/program files (x86)/emblocks/2.30/share/em_armgcc/bin/../lib/gcc/arm-none-eabi/4.7.3/../../../../arm-none-eabi/lib/armv7e-m/fpu\libm_f.a(lib_a-k_rem_pio2.o)
 .rodata.init_jk
                0x08014738        0xc c:/program files (x86)/emblocks/2.30/share/em_armgcc/bin/../lib/gcc/arm-none-eabi/4.7.3/../../../../arm-none-eabi/lib/armv7e-m/fpu\libm_f.a(lib_a-kf_rem_pio2.o)
 .rodata.PIo2   0x08014744       0x2c c:/program files (x86)/emblocks/2.30/share/em_armgcc/bin/../lib/gcc/arm-none-eabi/4.7.3/../../../../arm-none-eabi/lib/armv7e-m/fpu\libm_f.a(lib_a-kf_rem_pio2.o)
 .rodata.TWO52  0x08014770       0x10 c:/program files (x86)/emblocks/2.30/share/em_armgcc/bin/../lib/gcc/arm-none-eabi/4.7.3/../../../../arm-none-eabi/lib/armv7e-m/fpu\libm_f.a(lib_a-s_rint.o)
 *(.eh_frame*)
 .eh_frame      0x08014780        0x0 c:/program files (x86)/emblocks/2.30/share/em_armgcc/bin/../lib/gcc/arm-none-eabi/4.7.3/armv7e-m/fpu/crtbegin.o
 .eh_frame      0x08014780        0x4 c:/program files (x86)/emblocks/2.30/share/em_armgcc/bin/../lib/gcc/arm-none-eabi/4.7.3/armv7e-m/fpu/crtend.o

.glue_7         0x08014784        0x0
 .glue_7        0x00000000        0x0 linker stubs

.glue_7t        0x08014784        0x0
 .glue_7t       0x00000000        0x0 linker stubs

.vfp11_veneer   0x08014784        0x0
 .vfp11_veneer  0x00000000        0x0 linker stubs

.v4_bx          0x08014784        0x0
 .v4_bx         0x00000000        0x0 linker stubs

.iplt           0x08014784        0x0
 .iplt          0x00000000        0x0 c:/program files (x86)/emblocks/2.30/share/em_armgcc/bin/../lib/gcc/arm-none-eabi/4.7.3/armv7e-m/fpu/crtbegin.o

.ARM.extab
 *(.ARM.extab* .gnu.linkonce.armextab.*)
                0x08014784                __exidx_start = .

.ARM.exidx      0x08014784        0x8
 *(.ARM.exidx* .gnu.linkonce.armexidx.*)
 .ARM.exidx     0x08014784        0x8 c:/program files (x86)/emblocks/2.30/share/em_armgcc/bin/../lib/gcc/arm-none-eabi/4.7.3/../../../../arm-none-eabi/lib/armv7e-m/fpu/rdimon-crt0.o
                0x0801478c                __exidx_end = .
                0x0801478c                __etext = .

.rel.dyn        0x0801478c        0x0
 .rel.iplt      0x00000000        0x0 c:/program files (x86)/emblocks/2.30/share/em_armgcc/bin/../lib/gcc/arm-none-eabi/4.7.3/armv7e-m/fpu/crtbegin.o

.data           0x20000000      0xe34 load address 0x0801478c
                0x20000000                __data_start__ = .
 *(vtable)
 *(.data*)
 .data          0x20000000      0x110 c:/program files (x86)/emblocks/2.30/share/em_armgcc/bin/../lib/gcc/arm-none-eabi/4.7.3/../../../../arm-none-eabi/lib/armv7e-m/fpu/rdimon-crt0.o
                0x20000008                __stack_base__
 .data.PWM_CCR  0x20000110       0x28 obj\debug\board\board.o
                0x20000110                PWM_CCR
 .data.PWM_DIR  0x20000138       0x28 obj\debug\board\board.o
                0x20000138                PWM_DIR
 .data.GENERAL_PIN
                0x20000160       0x28 obj\debug\board\board.o
                0x20000160                GENERAL_PIN
 .data.EXTI_PIN
                0x20000188       0x28 obj\debug\board\board.o
                0x20000188                EXTI_PIN
 .data.V12_PIN  0x200001b0       0x18 obj\debug\board\board.o
                0x200001b0                V12_PIN
 .data.dmaData  0x200001c8       0x24 obj\debug\board\usart.o
                0x200001c8                dmaData
 .data.encData  0x200001ec       0x1c obj\debug\board\usart.o
                0x200001ec                encData
 .data.usbd_cdc_CfgDesc
                0x20000208       0x44 obj\debug\library\cdc\src\usbd_cdc_core.o
                0x20000208                usbd_cdc_CfgDesc
 .data.cdcCmd   0x2000024c        0x4 obj\debug\library\cdc\src\usbd_cdc_core.o
 .data.USBD_CDC_cb
                0x20000250       0x2c obj\debug\library\cdc\src\usbd_cdc_core.o
                0x20000250                USBD_CDC_cb
 .data.USBD_DCD_INT_cb
                0x2000027c       0x2c obj\debug\library\core\src\usbd_core.o
                0x2000027c                USBD_DCD_INT_cb
 .data.USBD_DCD_INT_fops
                0x200002a8        0x4 obj\debug\library\core\src\usbd_core.o
                0x200002a8                USBD_DCD_INT_fops
 .data.inCommand
                0x200002ac        0x8 obj\debug\robot\communication.o
                0x200002ac                inCommand
 .data.receiveBufferStart
                0x200002b4        0x4 obj\debug\robot\dynamixel_control.o
                0x200002b4                receiveBufferStart
 .data.receiveBufferEnd
                0x200002b8        0x4 obj\debug\robot\dynamixel_control.o
                0x200002b8                receiveBufferEnd
 .data.MLineSpeed
                0x200002bc       0x30 obj\debug\robot\kinematics.o
                0x200002bc                MLineSpeed
 .data.MRotSpeed
                0x200002ec       0x30 obj\debug\robot\kinematics.o
                0x200002ec                MRotSpeed
 .data.InverseKinematics
                0x2000031c       0x40 obj\debug\robot\kinematics.o
                0x2000031c                InverseKinematics
 .data.prev_right_servo_angle
                0x2000035c        0x4 obj\debug\robot\manipulators.o
                0x2000035c                prev_right_servo_angle
 .data.prev_left_servo_angle
                0x20000360        0x4 obj\debug\robot\manipulators.o
                0x20000360                prev_left_servo_angle
 .data.MAX_ACCEL
                0x20000364        0x4 obj\debug\robot\regulator.o
                0x20000364                MAX_ACCEL
 .data.MAX_ACCEL_INC
                0x20000368        0x4 obj\debug\robot\regulator.o
                0x20000368                MAX_ACCEL_INC
 .data.ACCEL_INC
                0x2000036c        0x4 obj\debug\robot\regulator.o
                0x2000036c                ACCEL_INC
 .data.points   0x20000370      0x4b0 obj\debug\robot\regulator.o
                0x20000370                points
 .data.normalVelFast
                0x20000820       0x14 obj\debug\robot\regulator.o
                0x20000820                normalVelFast
 .data.stopVelFast
                0x20000834       0x14 obj\debug\robot\regulator.o
                0x20000834                stopVelFast
 .data.standVelFast
                0x20000848       0x14 obj\debug\robot\regulator.o
                0x20000848                standVelFast
 .data.normalVelSlow
                0x2000085c       0x14 obj\debug\robot\regulator.o
                0x2000085c                normalVelSlow
 .data.stopVelSlow
                0x20000870       0x14 obj\debug\robot\regulator.o
                0x20000870                stopVelSlow
 .data.standVelSlow
                0x20000884       0x14 obj\debug\robot\regulator.o
                0x20000884                standVelSlow
 .data.normalRotFast
                0x20000898       0x14 obj\debug\robot\regulator.o
                0x20000898                normalRotFast
 .data.stopRotFast
                0x200008ac       0x14 obj\debug\robot\regulator.o
                0x200008ac                stopRotFast
 .data.standRotFast
                0x200008c0       0x14 obj\debug\robot\regulator.o
                0x200008c0                standRotFast
 .data.normalRotSlow
                0x200008d4       0x14 obj\debug\robot\regulator.o
                0x200008d4                normalRotSlow
 .data.stopRotSlow
                0x200008e8       0x14 obj\debug\robot\regulator.o
                0x200008e8                stopRotSlow
 .data.standRotSlow
                0x200008fc       0x14 obj\debug\robot\regulator.o
                0x200008fc                standRotSlow
 .data.speedType
                0x20000910       0x18 obj\debug\robot\regulator.o
                0x20000910                speedType
 .data.rotType  0x20000928       0x18 obj\debug\robot\regulator.o
                0x20000928                rotType
 .data.curState
                0x20000940        0x8 obj\debug\robot\robot.o
                0x20000940                curState
 .data.encCnt   0x20000948       0x10 obj\debug\robot\robot.o
                0x20000948                encCnt
 .data.WHEELS   0x20000958        0x4 obj\debug\robot\robot.o
                0x20000958                WHEELS
 .data.linecoding
                0x2000095c        0x8 obj\debug\usb app\usbd_cdc_vcp.o
                0x2000095c                linecoding
 .data.VCP_fops
                0x20000964       0x14 obj\debug\usb app\usbd_cdc_vcp.o
                0x20000964                VCP_fops
 .data.USR_desc
                0x20000978       0x1c obj\debug\usb app\usbd_desc.o
                0x20000978                USR_desc
 .data.USBD_DeviceDesc
                0x20000994       0x14 obj\debug\usb app\usbd_desc.o
                0x20000994                USBD_DeviceDesc
 .data.USBD_LangIDDesc
                0x200009a8        0x4 obj\debug\usb app\usbd_desc.o
                0x200009a8                USBD_LangIDDesc
 .data.USBD_StringSerial
                0x200009ac       0x1c obj\debug\usb app\usbd_desc.o
                0x200009ac                USBD_StringSerial
 .data.USR_cb   0x200009c8       0x1c obj\debug\usb app\usbd_usr.o
                0x200009c8                USR_cb
 .data.APBAHBPrescTable
                0x200009e4       0x10 obj\debug\spl\src\stm32f4xx_rcc.o
 *fill*         0x200009f4        0x4 
 .data.impure_data
                0x200009f8      0x428 c:/program files (x86)/emblocks/2.30/share/em_armgcc/bin/../lib/gcc/arm-none-eabi/4.7.3/../../../../arm-none-eabi/lib/armv7e-m/fpu\libc_f.a(lib_a-impure.o)
 .data._impure_ptr
                0x20000e20        0x4 c:/program files (x86)/emblocks/2.30/share/em_armgcc/bin/../lib/gcc/arm-none-eabi/4.7.3/../../../../arm-none-eabi/lib/armv7e-m/fpu\libc_f.a(lib_a-impure.o)
                0x20000e20                _impure_ptr
 .data.__fdlib_version
                0x20000e24        0x1 c:/program files (x86)/emblocks/2.30/share/em_armgcc/bin/../lib/gcc/arm-none-eabi/4.7.3/../../../../arm-none-eabi/lib/armv7e-m/fpu\libm_f.a(lib_a-s_lib_ver.o)
                0x20000e24                __fdlib_version
                0x20000e28                . = ALIGN (0x4)
 *fill*         0x20000e25        0x3 
                0x20000e28                PROVIDE (__preinit_array_start, .)
 *(.preinit_array)
                0x20000e28                PROVIDE (__preinit_array_end, .)
                0x20000e28                . = ALIGN (0x4)
                0x20000e28                PROVIDE (__init_array_start, .)
 *(SORT(.init_array.*))
 .init_array.00000
                0x20000e28        0x4 c:/program files (x86)/emblocks/2.30/share/em_armgcc/bin/../lib/gcc/arm-none-eabi/4.7.3/../../../../arm-none-eabi/lib/armv7e-m/fpu\libc_f.a(lib_a-__call_atexit.o)
 *(.init_array)
 .init_array    0x20000e2c        0x4 c:/program files (x86)/emblocks/2.30/share/em_armgcc/bin/../lib/gcc/arm-none-eabi/4.7.3/armv7e-m/fpu/crtbegin.o
                0x20000e30                PROVIDE (__init_array_end, .)
                0x20000e30                . = ALIGN (0x4)
                0x20000e30                PROVIDE (__fini_array_start, .)
 *(SORT(.fini_array.*))
 *(.fini_array)
 .fini_array    0x20000e30        0x4 c:/program files (x86)/emblocks/2.30/share/em_armgcc/bin/../lib/gcc/arm-none-eabi/4.7.3/armv7e-m/fpu/crtbegin.o
                0x20000e34                PROVIDE (__fini_array_end, .)
                0x20000e34                . = ALIGN (0x4)
                0x20000e34                __data_end__ = .

.jcr            0x20000e34        0x0 load address 0x080155c0
 .jcr           0x20000e34        0x0 c:/program files (x86)/emblocks/2.30/share/em_armgcc/bin/../lib/gcc/arm-none-eabi/4.7.3/armv7e-m/fpu/crtbegin.o

.igot.plt       0x20000e34        0x0 load address 0x080155c0
 .igot.plt      0x00000000        0x0 c:/program files (x86)/emblocks/2.30/share/em_armgcc/bin/../lib/gcc/arm-none-eabi/4.7.3/armv7e-m/fpu/crtbegin.o

.bss            0x20000e34     0x1538 load address 0x080155c0
                0x20000e34                __bss_start__ = .
 *(.bss*)
 .bss           0x20000e34       0x1c c:/program files (x86)/emblocks/2.30/share/em_armgcc/bin/../lib/gcc/arm-none-eabi/4.7.3/armv7e-m/fpu/crtbegin.o
 .bss.int_cnt   0x20000e50        0x2 obj\debug\board\interrupts.o
                0x20000e50                int_cnt
 *fill*         0x20000e52        0x2 
 .bss.usbd_cdc_AltSet
                0x20000e54        0x4 obj\debug\library\cdc\src\usbd_cdc_core.o
 .bss.APP_Rx_ptr_in
                0x20000e58        0x4 obj\debug\library\cdc\src\usbd_cdc_core.o
                0x20000e58                APP_Rx_ptr_in
 .bss.APP_Rx_ptr_out
                0x20000e5c        0x4 obj\debug\library\cdc\src\usbd_cdc_core.o
                0x20000e5c                APP_Rx_ptr_out
 .bss.APP_Rx_length
                0x20000e60        0x4 obj\debug\library\cdc\src\usbd_cdc_core.o
                0x20000e60                APP_Rx_length
 .bss.USB_Tx_State
                0x20000e64        0x1 obj\debug\library\cdc\src\usbd_cdc_core.o
                0x20000e64                USB_Tx_State
 *fill*         0x20000e65        0x3 
 .bss.cdcLen    0x20000e68        0x4 obj\debug\library\cdc\src\usbd_cdc_core.o
 .bss.FrameCount.8664
                0x20000e6c        0x4 obj\debug\library\cdc\src\usbd_cdc_core.o
 .bss.USBD_ep_status
                0x20000e70        0x4 obj\debug\library\core\src\usbd_req.o
                0x20000e70                USBD_ep_status
 .bss.USBD_default_cfg
                0x20000e74        0x4 obj\debug\library\core\src\usbd_req.o
                0x20000e74                USBD_default_cfg
 .bss.USBD_cfg_status
                0x20000e78        0x4 obj\debug\library\core\src\usbd_req.o
                0x20000e78                USBD_cfg_status
 .bss.cfgidx.8673
                0x20000e7c        0x1 obj\debug\library\core\src\usbd_req.o
 .bss.servoErrorCode
                0x20000e7d        0x1 obj\debug\robot\dynamixel_control.o
                0x20000e7d                servoErrorCode
 *fill*         0x20000e7e        0x2 
 .bss.right_servo_angle
                0x20000e80        0x4 obj\debug\robot\manipulators.o
                0x20000e80                right_servo_angle
 .bss.left_servo_angle
                0x20000e84        0x4 obj\debug\robot\manipulators.o
                0x20000e84                left_servo_angle
 .bss.regulatorOut
                0x20000e88       0x10 obj\debug\robot\regulator.o
                0x20000e88                regulatorOut
 .bss.vTargetGlob
                0x20000e98        0xc obj\debug\robot\regulator.o
                0x20000e98                vTargetGlob
 .bss.vTargetGlobF
                0x20000ea4        0xc obj\debug\robot\regulator.o
                0x20000ea4                vTargetGlobF
 .bss.totalPointComplite
                0x20000eb0        0x2 obj\debug\robot\regulator.o
                0x20000eb0                totalPointComplite
 *fill*         0x20000eb2        0x2 
 .bss.CurSpeed  0x20000eb4        0x8 obj\debug\robot\regulator.o
                0x20000eb4                CurSpeed
 .bss.CurAccel  0x20000ebc        0x8 obj\debug\robot\regulator.o
                0x20000ebc                CurAccel
 .bss.AccelInc1
                0x20000ec4        0x8 obj\debug\robot\regulator.o
                0x20000ec4                AccelInc1
 .bss.TargSpeed
                0x20000ecc        0x8 obj\debug\robot\regulator.o
                0x20000ecc                TargSpeed
 .bss.lastPoint
                0x20000ed4        0x1 obj\debug\robot\regulator.o
                0x20000ed4                lastPoint
 *fill*         0x20000ed5        0x3 
 .bss.distanceData
                0x20000ed8       0x48 obj\debug\robot\robot.o
                0x20000ed8                distanceData
 .bss.distance_digital
                0x20000f20       0x14 obj\debug\robot\robot.o
                0x20000f20                distance_digital
 .bss.distance_digital1
                0x20000f34       0x14 obj\debug\robot\robot.o
                0x20000f34                distance_digital1
 .bss.robotCoordTarget
                0x20000f48        0xc obj\debug\robot\robot.o
                0x20000f48                robotCoordTarget
 .bss.motorCoord
                0x20000f54       0x10 obj\debug\robot\robot.o
                0x20000f54                motorCoord
 .bss.robotCoord
                0x20000f64        0xc obj\debug\robot\robot.o
                0x20000f64                robotCoord
 .bss.robotSpeed
                0x20000f70        0xc obj\debug\robot\robot.o
                0x20000f70                robotSpeed
 .bss.monitor_stdout
                0x20000f7c        0x4 c:/program files (x86)/emblocks/2.30/share/em_armgcc/bin/../lib/gcc/arm-none-eabi/4.7.3/../../../../arm-none-eabi/lib/armv7e-m/fpu\librdimon.a(rdimon-syscalls.o)
 .bss.monitor_stdin
                0x20000f80        0x4 c:/program files (x86)/emblocks/2.30/share/em_armgcc/bin/../lib/gcc/arm-none-eabi/4.7.3/../../../../arm-none-eabi/lib/armv7e-m/fpu\librdimon.a(rdimon-syscalls.o)
 .bss.monitor_stderr
                0x20000f84        0x4 c:/program files (x86)/emblocks/2.30/share/em_armgcc/bin/../lib/gcc/arm-none-eabi/4.7.3/../../../../arm-none-eabi/lib/armv7e-m/fpu\librdimon.a(rdimon-syscalls.o)
 .bss.openfiles
                0x20000f88       0xa0 c:/program files (x86)/emblocks/2.30/share/em_armgcc/bin/../lib/gcc/arm-none-eabi/4.7.3/../../../../arm-none-eabi/lib/armv7e-m/fpu\librdimon.a(rdimon-syscalls.o)
 *(COMMON)
 COMMON         0x20001028       0x80 obj\debug\board\adc.o
                0x20001028                param
                0x20001046                dataIndex
                0x20001048                outData
                0x20001068                inData
 COMMON         0x200010a8       0x30 obj\debug\board\board.o
                0x200010a8                extiFlag
                0x200010ac                pinType
                0x200010b8                extiType
                0x200010c4                adcData
 COMMON         0x200010d8        0x3 obj\debug\board\interrupts.o
                0x200010d8                traceFlag
                0x200010d9                endFlag
                0x200010da                movFlag
 *fill*         0x200010db        0x1 
 COMMON         0x200010dc       0xd0 obj\debug\board\usart.o
                0x200010dc                usart1Data
                0x200010e4                Buffer
 COMMON         0x200011ac      0x88c obj\debug\library\cdc\src\usbd_cdc_core.o
                0x200011ac                usbd_cdc_OtherCfgDesc
                0x200011f0                USB_Rx_Buffer
                0x20001230                CmdBuff
                0x20001238                APP_Rx_Buffer
 COMMON         0x20001a38        0x4 obj\debug\library\core\src\usbd_core.o
                0x20001a38                SET_TEST_MODE
 COMMON         0x20001a3c       0x40 obj\debug\robot\dynamixel_control.o
                0x20001a3c                response
                0x20001a5c                receiveBuffer
 COMMON         0x20001a7c      0x1bc obj\debug\robot\regulator.o
                0x20001a7c                curPath
                0x20001ab8                ortoPos
                0x20001af8                wheelsPidStruct
                0x20001bf8                radSpeed
 COMMON         0x20001c38       0x29 obj\debug\robot\robot.o
                0x20001c38                motorSpeed
                0x20001c48                distanceFromIR
                0x20001c4c                outEnc
 *fill*         0x20001c61        0x3 
 COMMON         0x20001c64       0x10 obj\debug\usb app\usbd_cdc_vcp.o
                0x20001c64                USART_InitStructure
 COMMON         0x20001c74       0xff obj\debug\usb app\usbd_desc.o
                0x20001c74                USBD_StrDesc
 *fill*         0x20001d73        0x1 
 COMMON         0x20001d74      0x5f8 obj\debug\src\main.o
                0x20001d74                mode
                0x20001d78                USB_OTG_dev
                0x2000236c                __bss_end__ = .

.heap           0x20002370        0x0
                0x20002370                __end__ = .
                0x20002370                end = __end__
 *(.heap*)
 .heap          0x20002370        0x0 obj\debug\src\startup_stm32f4xx.o
                0x20002370                __HeapLimit = .

.stack_dummy    0x20002370      0x100
 *(.stack)
 .stack         0x20002370      0x100 obj\debug\src\startup_stm32f4xx.o
                0x20020000                __StackTop = (ORIGIN (RAM) + 0x20000)
                0x2001ff00                __StackLimit = (__StackTop - SIZEOF (.stack_dummy))
                0x20020000                PROVIDE (__stack, __StackTop)
                0x00000001                ASSERT ((__StackLimit >= __HeapLimit), region RAM overflowed with stack)
LOAD obj\debug\board\adc.o
LOAD obj\debug\board\board.o
LOAD obj\debug\board\interrupts.o
LOAD obj\debug\board\tim.o
LOAD obj\debug\board\usart.o
LOAD obj\debug\library\cdc\src\usbd_cdc_core.o
LOAD obj\debug\library\core\src\usb_core.o
LOAD obj\debug\library\core\src\usb_dcd.o
LOAD obj\debug\library\core\src\usb_dcd_int.o
LOAD obj\debug\library\core\src\usbd_core.o
LOAD obj\debug\library\core\src\usbd_ioreq.o
LOAD obj\debug\library\core\src\usbd_req.o
LOAD obj\debug\robot\communication.o
LOAD obj\debug\robot\dynamixel_control.o
LOAD obj\debug\robot\kinematics.o
LOAD obj\debug\robot\manipulators.o
LOAD obj\debug\robot\path.o
LOAD obj\debug\robot\regulator.o
LOAD obj\debug\robot\matrix.o
LOAD obj\debug\robot\robot.o
LOAD obj\debug\usb app\stm32fxxx_it.o
LOAD obj\debug\usb app\usb_bsp.o
LOAD obj\debug\usb app\usbd_cdc_vcp.o
LOAD obj\debug\usb app\usbd_desc.o
LOAD obj\debug\usb app\usbd_usr.o
LOAD obj\debug\spl\src\misc.o
LOAD obj\debug\spl\src\stm32f4xx_adc.o
LOAD obj\debug\spl\src\stm32f4xx_can.o
LOAD obj\debug\spl\src\stm32f4xx_cec.o
LOAD obj\debug\spl\src\stm32f4xx_crc.o
LOAD obj\debug\spl\src\stm32f4xx_cryp.o
LOAD obj\debug\spl\src\stm32f4xx_cryp_aes.o
LOAD obj\debug\spl\src\stm32f4xx_cryp_des.o
LOAD obj\debug\spl\src\stm32f4xx_cryp_tdes.o
LOAD obj\debug\spl\src\stm32f4xx_dac.o
LOAD obj\debug\spl\src\stm32f4xx_dbgmcu.o
LOAD obj\debug\spl\src\stm32f4xx_dcmi.o
LOAD obj\debug\spl\src\stm32f4xx_dma.o
LOAD obj\debug\spl\src\stm32f4xx_dma2d.o
LOAD obj\debug\spl\src\stm32f4xx_dsi.o
LOAD obj\debug\spl\src\stm32f4xx_exti.o
LOAD obj\debug\spl\src\stm32f4xx_gpio.o
LOAD obj\debug\spl\src\stm32f4xx_hash.o
LOAD obj\debug\spl\src\stm32f4xx_hash_md5.o
LOAD obj\debug\spl\src\stm32f4xx_hash_sha1.o
LOAD obj\debug\spl\src\stm32f4xx_i2c.o
LOAD obj\debug\spl\src\stm32f4xx_iwdg.o
LOAD obj\debug\spl\src\stm32f4xx_lptim.o
LOAD obj\debug\spl\src\stm32f4xx_ltdc.o
LOAD obj\debug\spl\src\stm32f4xx_pwr.o
LOAD obj\debug\spl\src\stm32f4xx_qspi.o
LOAD obj\debug\spl\src\stm32f4xx_rcc.o
LOAD obj\debug\spl\src\stm32f4xx_rng.o
LOAD obj\debug\spl\src\stm32f4xx_rtc.o
LOAD obj\debug\spl\src\stm32f4xx_sai.o
LOAD obj\debug\spl\src\stm32f4xx_sdio.o
LOAD obj\debug\spl\src\stm32f4xx_spdifrx.o
LOAD obj\debug\spl\src\stm32f4xx_spi.o
LOAD obj\debug\spl\src\stm32f4xx_syscfg.o
LOAD obj\debug\spl\src\stm32f4xx_tim.o
LOAD obj\debug\spl\src\stm32f4xx_usart.o
LOAD obj\debug\spl\src\stm32f4xx_wwdg.o
LOAD obj\debug\src\main.o
LOAD obj\debug\src\startup_stm32f4xx.o
LOAD obj\debug\src\system_stm32f4xx.o
LOAD c:/program files (x86)/emblocks/2.30/share/em_armgcc/bin/../lib/gcc/arm-none-eabi/4.7.3/../../../../arm-none-eabi/lib/armv7e-m/fpu\librdimon.a
START GROUP
LOAD c:/program files (x86)/emblocks/2.30/share/em_armgcc/bin/../lib/gcc/arm-none-eabi/4.7.3/armv7e-m/fpu\libgcc.a
LOAD c:/program files (x86)/emblocks/2.30/share/em_armgcc/bin/../lib/gcc/arm-none-eabi/4.7.3/../../../../arm-none-eabi/lib/armv7e-m/fpu\libc_f.a
LOAD c:/program files (x86)/emblocks/2.30/share/em_armgcc/bin/../lib/gcc/arm-none-eabi/4.7.3/../../../../arm-none-eabi/lib/armv7e-m/fpu\libg_f.a
LOAD c:/program files (x86)/emblocks/2.30/share/em_armgcc/bin/../lib/gcc/arm-none-eabi/4.7.3/../../../../arm-none-eabi/lib/armv7e-m/fpu\libm_f.a
LOAD c:/program files (x86)/emblocks/2.30/share/em_armgcc/bin/../lib/gcc/arm-none-eabi/4.7.3/../../../../arm-none-eabi/lib/armv7e-m/fpu\libnosys_f.a
END GROUP
LOAD c:/program files (x86)/emblocks/2.30/share/em_armgcc/bin/../lib/gcc/arm-none-eabi/4.7.3/armv7e-m/fpu/crtend.o
LOAD c:/program files (x86)/emblocks/2.30/share/em_armgcc/bin/../lib/gcc/arm-none-eabi/4.7.3/armv7e-m/fpu/crtn.o
OUTPUT(bin\Debug\Robot V2.elf elf32-littlearm)

.ARM.attributes
                0x00000000       0x30
 .ARM.attributes
                0x00000000       0x22 c:/program files (x86)/emblocks/2.30/share/em_armgcc/bin/../lib/gcc/arm-none-eabi/4.7.3/armv7e-m/fpu/crti.o
 .ARM.attributes
                0x00000022       0x34 c:/program files (x86)/emblocks/2.30/share/em_armgcc/bin/../lib/gcc/arm-none-eabi/4.7.3/armv7e-m/fpu/crtbegin.o
 .ARM.attributes
                0x00000056       0x20 c:/program files (x86)/emblocks/2.30/share/em_armgcc/bin/../lib/gcc/arm-none-eabi/4.7.3/../../../../arm-none-eabi/lib/armv7e-m/fpu/rdimon-crt0.o
 .ARM.attributes
                0x00000076       0x39 obj\debug\board\adc.o
 .ARM.attributes
                0x000000af       0x39 obj\debug\board\board.o
 .ARM.attributes
                0x000000e8       0x39 obj\debug\board\interrupts.o
 .ARM.attributes
                0x00000121       0x39 obj\debug\board\tim.o
 .ARM.attributes
                0x0000015a       0x39 obj\debug\board\usart.o
 .ARM.attributes
                0x00000193       0x39 obj\debug\library\cdc\src\usbd_cdc_core.o
 .ARM.attributes
                0x000001cc       0x39 obj\debug\library\core\src\usb_core.o
 .ARM.attributes
                0x00000205       0x39 obj\debug\library\core\src\usb_dcd.o
 .ARM.attributes
                0x0000023e       0x39 obj\debug\library\core\src\usb_dcd_int.o
 .ARM.attributes
                0x00000277       0x39 obj\debug\library\core\src\usbd_core.o
 .ARM.attributes
                0x000002b0       0x39 obj\debug\library\core\src\usbd_ioreq.o
 .ARM.attributes
                0x000002e9       0x39 obj\debug\library\core\src\usbd_req.o
 .ARM.attributes
                0x00000322       0x39 obj\debug\robot\communication.o
 .ARM.attributes
                0x0000035b       0x39 obj\debug\robot\dynamixel_control.o
 .ARM.attributes
                0x00000394       0x39 obj\debug\robot\kinematics.o
 .ARM.attributes
                0x000003cd       0x39 obj\debug\robot\manipulators.o
 .ARM.attributes
                0x00000406       0x39 obj\debug\robot\regulator.o
 .ARM.attributes
                0x0000043f       0x39 obj\debug\robot\matrix.o
 .ARM.attributes
                0x00000478       0x39 obj\debug\robot\robot.o
 .ARM.attributes
                0x000004b1       0x39 obj\debug\usb app\stm32fxxx_it.o
 .ARM.attributes
                0x000004ea       0x39 obj\debug\usb app\usb_bsp.o
 .ARM.attributes
                0x00000523       0x39 obj\debug\usb app\usbd_cdc_vcp.o
 .ARM.attributes
                0x0000055c       0x39 obj\debug\usb app\usbd_desc.o
 .ARM.attributes
                0x00000595       0x39 obj\debug\usb app\usbd_usr.o
 .ARM.attributes
                0x000005ce       0x39 obj\debug\spl\src\misc.o
 .ARM.attributes
                0x00000607       0x39 obj\debug\spl\src\stm32f4xx_gpio.o
 .ARM.attributes
                0x00000640       0x39 obj\debug\spl\src\stm32f4xx_rcc.o
 .ARM.attributes
                0x00000679       0x39 obj\debug\spl\src\stm32f4xx_usart.o
 .ARM.attributes
                0x000006b2       0x39 obj\debug\src\main.o
 .ARM.attributes
                0x000006eb       0x1f obj\debug\src\startup_stm32f4xx.o
 .ARM.attributes
                0x0000070a       0x39 obj\debug\src\system_stm32f4xx.o
 .ARM.attributes
                0x00000743       0x34 c:/program files (x86)/emblocks/2.30/share/em_armgcc/bin/../lib/gcc/arm-none-eabi/4.7.3/../../../../arm-none-eabi/lib/armv7e-m/fpu\librdimon.a(rdimon-syscalls.o)
 .ARM.attributes
                0x00000777       0x22 c:/program files (x86)/emblocks/2.30/share/em_armgcc/bin/../lib/gcc/arm-none-eabi/4.7.3/armv7e-m/fpu\libgcc.a(_arm_addsubdf3.o)
 .ARM.attributes
                0x00000799       0x22 c:/program files (x86)/emblocks/2.30/share/em_armgcc/bin/../lib/gcc/arm-none-eabi/4.7.3/armv7e-m/fpu\libgcc.a(_arm_muldivdf3.o)
 .ARM.attributes
                0x000007bb       0x22 c:/program files (x86)/emblocks/2.30/share/em_armgcc/bin/../lib/gcc/arm-none-eabi/4.7.3/armv7e-m/fpu\libgcc.a(_arm_cmpdf2.o)
 .ARM.attributes
                0x000007dd       0x22 c:/program files (x86)/emblocks/2.30/share/em_armgcc/bin/../lib/gcc/arm-none-eabi/4.7.3/armv7e-m/fpu\libgcc.a(_arm_fixdfsi.o)
 .ARM.attributes
                0x000007ff       0x22 c:/program files (x86)/emblocks/2.30/share/em_armgcc/bin/../lib/gcc/arm-none-eabi/4.7.3/armv7e-m/fpu\libgcc.a(_arm_fixunsdfsi.o)
 .ARM.attributes
                0x00000821       0x22 c:/program files (x86)/emblocks/2.30/share/em_armgcc/bin/../lib/gcc/arm-none-eabi/4.7.3/armv7e-m/fpu\libgcc.a(_arm_truncdfsf2.o)
 .ARM.attributes
                0x00000843       0x30 c:/program files (x86)/emblocks/2.30/share/em_armgcc/bin/../lib/gcc/arm-none-eabi/4.7.3/../../../../arm-none-eabi/lib/armv7e-m/fpu\libc_f.a(lib_a-errno.o)
 .ARM.attributes
                0x00000873       0x30 c:/program files (x86)/emblocks/2.30/share/em_armgcc/bin/../lib/gcc/arm-none-eabi/4.7.3/../../../../arm-none-eabi/lib/armv7e-m/fpu\libc_f.a(lib_a-exit.o)
 .ARM.attributes
                0x000008a3       0x30 c:/program files (x86)/emblocks/2.30/share/em_armgcc/bin/../lib/gcc/arm-none-eabi/4.7.3/../../../../arm-none-eabi/lib/armv7e-m/fpu\libc_f.a(lib_a-impure.o)
 .ARM.attributes
                0x000008d3       0x30 c:/program files (x86)/emblocks/2.30/share/em_armgcc/bin/../lib/gcc/arm-none-eabi/4.7.3/../../../../arm-none-eabi/lib/armv7e-m/fpu\libc_f.a(lib_a-init.o)
 .ARM.attributes
                0x00000903       0x20 c:/program files (x86)/emblocks/2.30/share/em_armgcc/bin/../lib/gcc/arm-none-eabi/4.7.3/../../../../arm-none-eabi/lib/armv7e-m/fpu\libc_f.a(lib_a-memcpy.o)
 .ARM.attributes
                0x00000923       0x30 c:/program files (x86)/emblocks/2.30/share/em_armgcc/bin/../lib/gcc/arm-none-eabi/4.7.3/../../../../arm-none-eabi/lib/armv7e-m/fpu\libc_f.a(lib_a-memset.o)
 .ARM.attributes
                0x00000953       0x30 c:/program files (x86)/emblocks/2.30/share/em_armgcc/bin/../lib/gcc/arm-none-eabi/4.7.3/../../../../arm-none-eabi/lib/armv7e-m/fpu\libc_f.a(lib_a-strlen.o)
 .ARM.attributes
                0x00000983       0x30 c:/program files (x86)/emblocks/2.30/share/em_armgcc/bin/../lib/gcc/arm-none-eabi/4.7.3/../../../../arm-none-eabi/lib/armv7e-m/fpu\libc_f.a(lib_a-__call_atexit.o)
 .ARM.attributes
                0x000009b3       0x30 c:/program files (x86)/emblocks/2.30/share/em_armgcc/bin/../lib/gcc/arm-none-eabi/4.7.3/../../../../arm-none-eabi/lib/armv7e-m/fpu\libc_f.a(lib_a-atexit.o)
 .ARM.attributes
                0x000009e3       0x30 c:/program files (x86)/emblocks/2.30/share/em_armgcc/bin/../lib/gcc/arm-none-eabi/4.7.3/../../../../arm-none-eabi/lib/armv7e-m/fpu\libc_f.a(lib_a-fini.o)
 .ARM.attributes
                0x00000a13       0x30 c:/program files (x86)/emblocks/2.30/share/em_armgcc/bin/../lib/gcc/arm-none-eabi/4.7.3/../../../../arm-none-eabi/lib/armv7e-m/fpu\libc_f.a(lib_a-__atexit.o)
 .ARM.attributes
                0x00000a43       0x30 c:/program files (x86)/emblocks/2.30/share/em_armgcc/bin/../lib/gcc/arm-none-eabi/4.7.3/../../../../arm-none-eabi/lib/armv7e-m/fpu\libm_f.a(lib_a-s_atan.o)
 .ARM.attributes
                0x00000a73       0x30 c:/program files (x86)/emblocks/2.30/share/em_armgcc/bin/../lib/gcc/arm-none-eabi/4.7.3/../../../../arm-none-eabi/lib/armv7e-m/fpu\libm_f.a(lib_a-s_cos.o)
 .ARM.attributes
                0x00000aa3       0x30 c:/program files (x86)/emblocks/2.30/share/em_armgcc/bin/../lib/gcc/arm-none-eabi/4.7.3/../../../../arm-none-eabi/lib/armv7e-m/fpu\libm_f.a(lib_a-s_fabs.o)
 .ARM.attributes
                0x00000ad3       0x30 c:/program files (x86)/emblocks/2.30/share/em_armgcc/bin/../lib/gcc/arm-none-eabi/4.7.3/../../../../arm-none-eabi/lib/armv7e-m/fpu\libm_f.a(lib_a-s_sin.o)
 .ARM.attributes
                0x00000b03       0x30 c:/program files (x86)/emblocks/2.30/share/em_armgcc/bin/../lib/gcc/arm-none-eabi/4.7.3/../../../../arm-none-eabi/lib/armv7e-m/fpu\libm_f.a(lib_a-sf_cos.o)
 .ARM.attributes
                0x00000b33       0x30 c:/program files (x86)/emblocks/2.30/share/em_armgcc/bin/../lib/gcc/arm-none-eabi/4.7.3/../../../../arm-none-eabi/lib/armv7e-m/fpu\libm_f.a(lib_a-sf_fabs.o)
 .ARM.attributes
                0x00000b63       0x30 c:/program files (x86)/emblocks/2.30/share/em_armgcc/bin/../lib/gcc/arm-none-eabi/4.7.3/../../../../arm-none-eabi/lib/armv7e-m/fpu\libm_f.a(lib_a-sf_sin.o)
 .ARM.attributes
                0x00000b93       0x30 c:/program files (x86)/emblocks/2.30/share/em_armgcc/bin/../lib/gcc/arm-none-eabi/4.7.3/../../../../arm-none-eabi/lib/armv7e-m/fpu\libm_f.a(lib_a-w_fmod.o)
 .ARM.attributes
                0x00000bc3       0x30 c:/program files (x86)/emblocks/2.30/share/em_armgcc/bin/../lib/gcc/arm-none-eabi/4.7.3/../../../../arm-none-eabi/lib/armv7e-m/fpu\libm_f.a(lib_a-w_pow.o)
 .ARM.attributes